#
# There is insufficient memory for the Java Runtime Environment to continue.
# Native memory allocation (mmap) failed to map 520192 bytes. Error detail: G1 virtual space
# Possible reasons:
#   The system is out of physical RAM or swap space
#   This process is running with CompressedOops enabled, and the Java Heap may be blocking the growth of the native heap
# Possible solutions:
#   Reduce memory load on the system
#   Increase physical memory or swap space
#   Check if swap backing store is full
#   Decrease Java heap size (-Xmx/-Xms)
#   Decrease number of Java threads
#   Decrease Java thread stack sizes (-Xss)
#   Set larger code cache with -XX:ReservedCodeCacheSize=
#   JVM is running with Zero Based Compressed Oops mode in which the Java heap is
#     placed in the first 32GB address space. The Java Heap base address is the
#     maximum limit for the native heap growth. Please use -XX:HeapBaseMinAddress
#     to set the Java Heap base and to place the Java Heap above 32GB virtual address.
# This output file may be truncated or incomplete.
#
#  Out of Memory Error (os_windows.cpp:3703), pid=24076, tid=1792
#
# JRE version:  (23.0.1+11) (build )
# Java VM: Java HotSpot(TM) 64-Bit Server VM (23.0.1+11-39, mixed mode, sharing, tiered, compressed oops, compressed class ptrs, g1 gc, windows-amd64)
# No core dump will be written. Minidumps are not enabled by default on client versions of Windows
#

---------------  S U M M A R Y ------------

Command Line: -Dfile.encoding=UTF-8 --module-path=E:\Aulas - 2025\Cedup\Tumras\Segundo\Aplicativos\LojaCartucho\build\classes lojacartucho.LojaCartucho

Host: Intel(R) Core(TM) i7-8565U CPU @ 1.80GHz, 8 cores, 15G,  Windows 10 , 64 bit Build 19041 (10.0.19041.5915)
Time: Sat Jun  6 16:51:33 2026 Hora oficial do Brasil elapsed time: 0.052150 seconds (0d 0h 0m 0s)

---------------  T H R E A D  ---------------

Current thread (0x000002732518be20):  JavaThread "Unknown thread" [_thread_in_vm, id=1792, stack(0x000000bfc2c00000,0x000000bfc2d00000) (1024K)]

Stack: [0x000000bfc2c00000,0x000000bfc2d00000]
Native frames: (J=compiled Java code, j=interpreted, Vv=VM code, C=native code)
V  [jvm.dll+0x6e08b9]  (no source info available)
V  [jvm.dll+0x87dc83]  (no source info available)
V  [jvm.dll+0x88010e]  (no source info available)
V  [jvm.dll+0x8807e3]  (no source info available)
V  [jvm.dll+0x27aee6]  (no source info available)
V  [jvm.dll+0x6dd1c5]  (no source info available)
V  [jvm.dll+0x6d104a]  (no source info available)
V  [jvm.dll+0x35b3ea]  (no source info available)
V  [jvm.dll+0x3637f6]  (no source info available)
V  [jvm.dll+0x34fd96]  (no source info available)
V  [jvm.dll+0x34fff8]  (no source info available)
V  [jvm.dll+0x3289cc]  (no source info available)
V  [jvm.dll+0x32966e]  (no source info available)
V  [jvm.dll+0x844355]  (no source info available)
V  [jvm.dll+0x3b9848]  (no source info available)
V  [jvm.dll+0x82d14c]  (no source info available)
V  [jvm.dll+0x454d4e]  (no source info available)
V  [jvm.dll+0x456bd1]  (no source info available)
C  [jli.dll+0x52a3]  (no source info available)
C  [ucrtbase.dll+0x21bb2]  (no source info available)
C  [KERNEL32.DLL+0x17374]  (no source info available)
C  [ntdll.dll+0x4cc91]  (no source info available)

Lock stack of current Java thread (top to bottom):


---------------  P R O C E S S  ---------------

Threads class SMR info:
_java_thread_list=0x00007ffdd35e3618, length=0, elements={
}

Java Threads: ( => current thread )
Total: 0

Other Threads:
  0x0000027327545210 WorkerThread "GC Thread#0"                     [id=1424, stack(0x000000bfc2d00000,0x000000bfc2e00000) (1024K)]
  0x000002732755b790 ConcurrentGCThread "G1 Main Marker"            [id=19524, stack(0x000000bfc2e00000,0x000000bfc2f00000) (1024K)]
  0x000002732755c1b0 WorkerThread "G1 Conc#0"                       [id=17528, stack(0x000000bfc2f00000,0x000000bfc3000000) (1024K)]

[error occurred during error reporting (printing all threads), id 0xc0000005, EXCEPTION_ACCESS_VIOLATION (0xc0000005) at pc=0x00007ffdd2d2bfba]
VM state: not at safepoint (not fully initialized)

VM Mutex/Monitor currently owned by a thread:  ([mutex/lock_event])
[0x00007ffdd3663a10] Heap_lock - owner thread: 0x000002732518be20

Heap address: 0x0000000703000000, size: 4048 MB, Compressed Oops mode: Zero based, Oop shift amount: 3

CDS archive(s) mapped at: [0x0000000000000000-0x0000000000000000-0x0000000000000000), size 0, SharedBaseAddress: 0x0000000800000000, ArchiveRelocationMode: 1.
Narrow klass base: 0x0000000000000000, Narrow klass shift: 0, Narrow klass range: 0x0

GC Precious Log:
 CardTable entry size: 512
 Card Set container configuration: InlinePtr #cards 4 size 8 Array Of Cards #cards 16 size 48 Howl #buckets 8 coarsen threshold 3686 Howl Bitmap #cards 512 size 80 coarsen threshold 460 Card regions per heap region 1 cards per card region 4096

Heap:
 garbage-first heap   total reserved 4145152K, committed 0K, used 0K [0x0000000703000000, 0x0000000800000000)
  region size 2048K, 0 young (0K), 0 survivors (0K)

[error occurred during error reporting (printing heap information), id 0xc0000005, EXCEPTION_ACCESS_VIOLATION (0xc0000005) at pc=0x00007ffdd312c3c9]
GC Heap History (0 events):
No events

Dll operation events (1 events):
Event: 0.005 Loaded shared library D:\Java Se-23\bin\java.dll

Deoptimization events (0 events):
No events

Classes loaded (0 events):
No events

Classes unloaded (0 events):
No events

Classes redefined (0 events):
No events

Internal exceptions (0 events):
No events

VM Operations (0 events):
No events

Memory protections (0 events):
No events

Nmethod flushes (0 events):
No events

Events (0 events):
No events


Dynamic libraries:
0x00007ff7de950000 - 0x00007ff7de960000 	D:\Java Se-23\bin\java.exe
0x00007ffe4c230000 - 0x00007ffe4c428000 	C:\WINDOWS\SYSTEM32\ntdll.dll
0x00007ffe4a700000 - 0x00007ffe4a7c2000 	C:\WINDOWS\System32\KERNEL32.DLL
0x00007ffe49d30000 - 0x00007ffe4a026000 	C:\WINDOWS\System32\KERNELBASE.dll
0x00007ffe4a080000 - 0x00007ffe4a180000 	C:\WINDOWS\System32\ucrtbase.dll
0x00007ffe41590000 - 0x00007ffe415a7000 	D:\Java Se-23\bin\jli.dll
0x00007ffe3f0b0000 - 0x00007ffe3f0cb000 	D:\Java Se-23\bin\VCRUNTIME140.dll
0x00007ffe4a4d0000 - 0x00007ffe4a671000 	C:\WINDOWS\System32\USER32.dll
0x00007ffe4a180000 - 0x00007ffe4a1a2000 	C:\WINDOWS\System32\win32u.dll
0x00007ffe4b030000 - 0x00007ffe4b05b000 	C:\WINDOWS\System32\GDI32.dll
0x00007ffe31a40000 - 0x00007ffe31cdb000 	C:\WINDOWS\WinSxS\amd64_microsoft.windows.common-controls_6595b64144ccf1df_6.0.19041.6456_none_60b8a6cb71f64256\COMCTL32.dll
0x00007ffe49b90000 - 0x00007ffe49ca9000 	C:\WINDOWS\System32\gdi32full.dll
0x00007ffe4a7e0000 - 0x00007ffe4a87e000 	C:\WINDOWS\System32\msvcrt.dll
0x00007ffe4a1b0000 - 0x00007ffe4a24d000 	C:\WINDOWS\System32\msvcp_win.dll
0x00007ffe4be00000 - 0x00007ffe4be2f000 	C:\WINDOWS\System32\IMM32.DLL
0x00007ffe41980000 - 0x00007ffe4198c000 	D:\Java Se-23\bin\vcruntime140_1.dll
0x00007ffe0d110000 - 0x00007ffe0d19e000 	D:\Java Se-23\bin\msvcp140.dll
0x00007ffdd29f0000 - 0x00007ffdd373f000 	D:\Java Se-23\bin\server\jvm.dll
0x00007ffe4aec0000 - 0x00007ffe4af71000 	C:\WINDOWS\System32\ADVAPI32.dll
0x00007ffe4b8f0000 - 0x00007ffe4b98f000 	C:\WINDOWS\System32\sechost.dll
0x00007ffe4acc0000 - 0x00007ffe4ade0000 	C:\WINDOWS\System32\RPCRT4.dll
0x00007ffe49b60000 - 0x00007ffe49b87000 	C:\WINDOWS\System32\bcrypt.dll
0x00007ffe4aab0000 - 0x00007ffe4ab1b000 	C:\WINDOWS\System32\WS2_32.dll
0x00007ffe48e50000 - 0x00007ffe48e9b000 	C:\WINDOWS\SYSTEM32\POWRPROF.dll
0x00007ffe33e80000 - 0x00007ffe33ea7000 	C:\WINDOWS\SYSTEM32\WINMM.dll
0x00007ffe41340000 - 0x00007ffe4134a000 	C:\WINDOWS\SYSTEM32\VERSION.dll
0x00007ffe48cc0000 - 0x00007ffe48cd2000 	C:\WINDOWS\SYSTEM32\UMPDC.dll
0x00007ffe480d0000 - 0x00007ffe480e2000 	C:\WINDOWS\SYSTEM32\kernel.appcore.dll
0x00007ffe41580000 - 0x00007ffe4158a000 	D:\Java Se-23\bin\jimage.dll
0x00007ffe473e0000 - 0x00007ffe475e1000 	C:\WINDOWS\SYSTEM32\DBGHELP.DLL
0x00007ffe335e0000 - 0x00007ffe33614000 	C:\WINDOWS\SYSTEM32\dbgcore.DLL
0x00007ffe49ad0000 - 0x00007ffe49b52000 	C:\WINDOWS\System32\bcryptPrimitives.dll
0x00007ffe3efb0000 - 0x00007ffe3efce000 	D:\Java Se-23\bin\java.dll
0x00007ffe4a880000 - 0x00007ffe4a9ab000 	C:\WINDOWS\System32\ole32.dll
0x00007ffe4be90000 - 0x00007ffe4c1e4000 	C:\WINDOWS\System32\combase.dll
0x00007ffe4b060000 - 0x00007ffe4b7d0000 	C:\WINDOWS\System32\SHELL32.dll

dbghelp: loaded successfully - version: 4.0.5 - missing functions: none
symbol engine: initialized successfully - sym options: 0x614 - pdb path: .;D:\Java Se-23\bin;C:\WINDOWS\SYSTEM32;C:\WINDOWS\WinSxS\amd64_microsoft.windows.common-controls_6595b64144ccf1df_6.0.19041.6456_none_60b8a6cb71f64256;D:\Java Se-23\bin\server

VM Arguments:
jvm_args: -Dfile.encoding=UTF-8 --module-path=E:\Aulas - 2025\Cedup\Tumras\Segundo\Aplicativos\LojaCartucho\build\classes 
java_command: lojacartucho.LojaCartucho
java_class_path (initial): E:\Aulas - 2025\Cedup\Tumras\Segundo\Aplicativos\LojaCartucho\mysql-connector-j-9.4.0\mysql-connector-j-9.4.0.jar;E:\Aulas - 2025\Cedup\Tumras\Segundo\Aplicativos\LojaCartucho\rs2xml.jar;E:\Aulas -Material\Java\Jcalendar\jcalendar-1.4.jar;E:\Aulas - 2025\Cedup\Tumras\Segundo\Aplicativos\LojaCartucho\build\classes
Launcher Type: SUN_STANDARD

[Global flags]
     intx CICompilerCount                          = 4                                         {product} {ergonomic}
     uint ConcGCThreads                            = 2                                         {product} {ergonomic}
     uint G1ConcRefinementThreads                  = 8                                         {product} {ergonomic}
   size_t G1HeapRegionSize                         = 2097152                                   {product} {ergonomic}
   size_t InitialHeapSize                          = 266338304                                 {product} {ergonomic}
   size_t MarkStackSize                            = 4194304                                   {product} {ergonomic}
   size_t MarkStackSizeMax                         = 536870912                                 {product} {ergonomic}
   size_t MaxHeapSize                              = 4244635648                                {product} {ergonomic}
   size_t MinHeapDeltaBytes                        = 2097152                                   {product} {ergonomic}
   size_t MinHeapSize                              = 8388608                                   {product} {ergonomic}
    uintx NonNMethodCodeHeapSize                   = 5832704                                {pd product} {ergonomic}
    uintx NonProfiledCodeHeapSize                  = 122945536                              {pd product} {ergonomic}
    uintx ProfiledCodeHeapSize                     = 122880000                              {pd product} {ergonomic}
    uintx ReservedCodeCacheSize                    = 251658240                              {pd product} {ergonomic}
     bool SegmentedCodeCache                       = true                                      {product} {ergonomic}
   size_t SoftMaxHeapSize                          = 4244635648                             {manageable} {ergonomic}
     bool UseCompressedOops                        = true                           {product lp64_product} {ergonomic}
     bool UseG1GC                                  = true                                      {product} {ergonomic}
     bool UseLargePagesIndividualAllocation        = false                                  {pd product} {ergonomic}

Logging:
Log output configuration:
 #0: stdout all=warning uptime,level,tags foldmultilines=false
 #1: stderr all=off uptime,level,tags foldmultilines=false

Environment Variables:
PATH=C:\Program Files\Common Files\Oracle\Java\javapath;C:\Program Files (x86)\Common Files\Oracle\Java\java8path;C:\Program Files (x86)\Common Files\Oracle\Java\javapath;C:\Program Files (x86)\Borland\Delphi7\Bin;C:\Program Files (x86)\Borland\Delphi7\Projects\Bpl\;C:\Windows\system32;C:\Windows;C:\Windows\System32\Wbem;C:\Windows\System32\WindowsPowerShell\v1.0\;C:\Windows\System32\OpenSSH\;C:\Program Files (x86)\NVIDIA Corporation\PhysX\Common;C:\Program Files\NVIDIA Corporation\NVIDIA NvDLISR;C:\WINDOWS\system32;C:\WINDOWS;C:\WINDOWS\System32\Wbem;C:\WINDOWS\System32\WindowsPowerShell\v1.0\;C:\WINDOWS\System32\OpenSSH\;C:\Program Files\dotnet\;D:\Node\;C:\Users\beto_\AppData\Local\Microsoft\WindowsApps;C:\Arquivos de programas\Borland\Delphi7\Projects\Bpl;C:\Program Files (x86)\Developer Express Inc;C:\Users\beto_\AppData\Roaming\npm;D:\VsCode\Microsoft VS Code\bin
USERNAME=beto_
OS=Windows_NT
PROCESSOR_IDENTIFIER=Intel64 Family 6 Model 142 Stepping 12, GenuineIntel
TMP=C:\Users\beto_\AppData\Local\Temp
TEMP=C:\Users\beto_\AppData\Local\Temp




Periodic native trim disabled

---------------  S Y S T E M  ---------------

OS:
 Windows 10 , 64 bit Build 19041 (10.0.19041.5915)
OS uptime: 10 days 21:40 hours

CPU: total 8 (initial active 8) (4 cores per cpu, 2 threads per core) family 6 model 142 stepping 12 microcode 0xf0, cx8, cmov, fxsr, ht, mmx, 3dnowpref, sse, sse2, sse3, ssse3, sse4.1, sse4.2, popcnt, lzcnt, tsc, tscinvbit, avx, avx2, aes, erms, clmul, bmi1, bmi2, adx, fma, vzeroupper, clflush, clflushopt, rdtscp, f16c
Processor Information for the first 8 processors :
  Max Mhz: 1992, Current Mhz: 1792, Mhz Limit: 1792

Memory: 4k page, system-wide physical 16190M (3159M free)
TotalPageFile size 29391M (AvailPageFile size 5M)
current process WorkingSet (physical memory assigned to process): 11M, peak: 11M
current process commit charge ("private bytes"): 320M, peak: 320M

vm_info: Java HotSpot(TM) 64-Bit Server VM (23.0.1+11-39) for windows-amd64 JRE (23.0.1+11-39), built on 2024-09-30T07:20:43Z with MS VC++ 17.6 (VS2022)

END.
