#
# There is insufficient memory for the Java Runtime Environment to continue.
# Native memory allocation (malloc) failed to allocate 215792 bytes. Error detail: Chunk::new
# Possible reasons:
#   The system is out of physical RAM or swap space
#   This process is running with CompressedOops enabled, and the Java Heap may be blocking the growth of the native heap
# Possible solutions:
#   Reduce memory load on the system
#   Increase physical memory or swap space
#   Check if swap backing store is full
#   Decrease Java heap size (-Xmx/-Xms)
#   Decrease number of Java threads
#   Decrease Java thread stack sizes (-Xss)
#   Set larger code cache with -XX:ReservedCodeCacheSize=
#   JVM is running with Zero Based Compressed Oops mode in which the Java heap is
#     placed in the first 32GB address space. The Java Heap base address is the
#     maximum limit for the native heap growth. Please use -XX:HeapBaseMinAddress
#     to set the Java Heap base and to place the Java Heap above 32GB virtual address.
# This output file may be truncated or incomplete.
#
#  Out of Memory Error (arena.cpp:149), pid=2428, tid=18880
#
# JRE version: Java(TM) SE Runtime Environment (23.0.1+11) (build 23.0.1+11-39)
# Java VM: Java HotSpot(TM) 64-Bit Server VM (23.0.1+11-39, mixed mode, sharing, tiered, compressed oops, compressed class ptrs, g1 gc, windows-amd64)
# No core dump will be written. Minidumps are not enabled by default on client versions of Windows
#

---------------  S U M M A R Y ------------

Command Line: -Dfile.encoding=UTF-8 --module-path=E:\Aulas - 2025\Cedup\Tumras\Segundo\Aplicativos\LojaCartucho\build\classes lojacartucho.LojaCartucho

Host: Intel(R) Core(TM) i7-8565U CPU @ 1.80GHz, 8 cores, 15G,  Windows 10 , 64 bit Build 19041 (10.0.19041.5915)
Time: Sat Jun  6 16:54:11 2026 Hora oficial do Brasil elapsed time: 0.940488 seconds (0d 0h 0m 0s)

---------------  T H R E A D  ---------------

Current thread (0x0000022b531365e0):  JavaThread "C2 CompilerThread0" daemon [_thread_in_native, id=18880, stack(0x0000008ee3c00000,0x0000008ee3d00000) (1024K)]


Current CompileTask:
C2:940 1384       4       sun.security.util.math.intpoly.MontgomeryIntegerPolynomialP256::mult (13 bytes)

Stack: [0x0000008ee3c00000,0x0000008ee3d00000]
Native frames: (J=compiled Java code, j=interpreted, Vv=VM code, C=native code)
V  [jvm.dll+0x6e08b9]  (no source info available)
V  [jvm.dll+0x87dc83]  (no source info available)
V  [jvm.dll+0x88010e]  (no source info available)
V  [jvm.dll+0x8807e3]  (no source info available)
V  [jvm.dll+0x27aee6]  (no source info available)
V  [jvm.dll+0xbc06f]  (no source info available)
V  [jvm.dll+0xbc2cb]  (no source info available)
V  [jvm.dll+0x3b3a9c]  (no source info available)
V  [jvm.dll+0x1dc19c]  (no source info available)
V  [jvm.dll+0x244be5]  (no source info available)
V  [jvm.dll+0x243dff]  (no source info available)
V  [jvm.dll+0x1c33a0]  (no source info available)
V  [jvm.dll+0x253cf1]  (no source info available)
V  [jvm.dll+0x251faa]  (no source info available)
V  [jvm.dll+0x3ee036]  (no source info available)
V  [jvm.dll+0x824f8b]  (no source info available)
V  [jvm.dll+0x6df065]  (no source info available)
C  [ucrtbase.dll+0x21bb2]  (no source info available)
C  [KERNEL32.DLL+0x17374]  (no source info available)
C  [ntdll.dll+0x4cc91]  (no source info available)

Lock stack of current Java thread (top to bottom):


---------------  P R O C E S S  ---------------

Threads class SMR info:
_java_thread_list=0x0000022b9a096da0, length=18, elements={
0x0000022b53106ad0, 0x0000022b53109a00, 0x0000022b5310d680, 0x0000022b53110370,
0x0000022b53134df0, 0x0000022b53135850, 0x0000022b531365e0, 0x0000022b53149e00,
0x0000022b5324b960, 0x0000022b53342e10, 0x0000022b533b5810, 0x0000022b534e5550,
0x0000022b534e7220, 0x0000022b534e7890, 0x0000022b534f3410, 0x0000022b31b71740,
0x0000022b99d29050, 0x0000022b9a188c20
}

Java Threads: ( => current thread )
  0x0000022b53106ad0 JavaThread "Reference Handler"          daemon [_thread_blocked, id=24616, stack(0x0000008ee3600000,0x0000008ee3700000) (1024K)]
  0x0000022b53109a00 JavaThread "Finalizer"                  daemon [_thread_blocked, id=14460, stack(0x0000008ee3700000,0x0000008ee3800000) (1024K)]
  0x0000022b5310d680 JavaThread "Signal Dispatcher"          daemon [_thread_blocked, id=16928, stack(0x0000008ee3800000,0x0000008ee3900000) (1024K)]
  0x0000022b53110370 JavaThread "Attach Listener"            daemon [_thread_blocked, id=12880, stack(0x0000008ee3900000,0x0000008ee3a00000) (1024K)]
  0x0000022b53134df0 JavaThread "Service Thread"             daemon [_thread_blocked, id=18712, stack(0x0000008ee3a00000,0x0000008ee3b00000) (1024K)]
  0x0000022b53135850 JavaThread "Monitor Deflation Thread"   daemon [_thread_blocked, id=20880, stack(0x0000008ee3b00000,0x0000008ee3c00000) (1024K)]
=>0x0000022b531365e0 JavaThread "C2 CompilerThread0"         daemon [_thread_in_native, id=18880, stack(0x0000008ee3c00000,0x0000008ee3d00000) (1024K)]
  0x0000022b53149e00 JavaThread "C1 CompilerThread0"         daemon [_thread_blocked, id=4372, stack(0x0000008ee3d00000,0x0000008ee3e00000) (1024K)]
  0x0000022b5324b960 JavaThread "Common-Cleaner"             daemon [_thread_blocked, id=11432, stack(0x0000008ee3e00000,0x0000008ee3f00000) (1024K)]
  0x0000022b53342e10 JavaThread "Notification Thread"        daemon [_thread_blocked, id=26504, stack(0x0000008ee3f00000,0x0000008ee4000000) (1024K)]
  0x0000022b533b5810 JavaThread "C2 CompilerThread1"         daemon [_thread_in_native, id=10872, stack(0x0000008ee4000000,0x0000008ee4100000) (1024K)]
  0x0000022b534e5550 JavaThread "Java2D Disposer"            daemon [_thread_blocked, id=19892, stack(0x0000008ee4100000,0x0000008ee4200000) (1024K)]
  0x0000022b534e7220 JavaThread "AWT-Shutdown"                      [_thread_blocked, id=2016, stack(0x0000008ee4200000,0x0000008ee4300000) (1024K)]
  0x0000022b534e7890 JavaThread "AWT-Windows"                daemon [_thread_in_native, id=18660, stack(0x0000008ee4300000,0x0000008ee4400000) (1024K)]
  0x0000022b534f3410 JavaThread "AWT-EventQueue-0"                  [_thread_in_vm, id=1636, stack(0x0000008ee4400000,0x0000008ee4500000) (1024K)]
  0x0000022b31b71740 JavaThread "DestroyJavaVM"                     [_thread_blocked, id=23152, stack(0x0000008ee2e00000,0x0000008ee2f00000) (1024K)]
  0x0000022b99d29050 JavaThread "mysql-cj-abandoned-connection-cleanup" daemon [_thread_blocked, id=20604, stack(0x0000008ee4800000,0x0000008ee4900000) (1024K)]
  0x0000022b9a188c20 JavaThread "C2 CompilerThread2"         daemon [_thread_in_native, id=24908, stack(0x0000008ee4900000,0x0000008ee4a00000) (1024K)]
Total: 18

Other Threads:
  0x0000022b530f0280 VMThread "VM Thread"                           [id=7640, stack(0x0000008ee3500000,0x0000008ee3600000) (1024K)]
  0x0000022b33d45f30 WatcherThread "VM Periodic Task Thread"        [id=15288, stack(0x0000008ee3400000,0x0000008ee3500000) (1024K)]
  0x0000022b33db8d00 WorkerThread "GC Thread#0"                     [id=6780, stack(0x0000008ee2f00000,0x0000008ee3000000) (1024K)]
  0x0000022b33dce8b0 ConcurrentGCThread "G1 Main Marker"            [id=20956, stack(0x0000008ee3000000,0x0000008ee3100000) (1024K)]
  0x0000022b33dcf890 WorkerThread "G1 Conc#0"                       [id=6068, stack(0x0000008ee3100000,0x0000008ee3200000) (1024K)]
  0x0000022b33e1e4e0 ConcurrentGCThread "G1 Refine#0"               [id=4384, stack(0x0000008ee3200000,0x0000008ee3300000) (1024K)]
  0x0000022b52fadfe0 ConcurrentGCThread "G1 Service"                [id=88, stack(0x0000008ee3300000,0x0000008ee3400000) (1024K)]
Total: 7

Threads with active compile tasks:
C2 CompilerThread0  992 1384       4       sun.security.util.math.intpoly.MontgomeryIntegerPolynomialP256::mult (13 bytes)
C2 CompilerThread1  992 1407       4       sun.security.ec.ECOperations::setDouble (463 bytes)
C2 CompilerThread2  992 1383       4       sun.security.util.math.intpoly.IntegerPolynomial$MutableElement::setProduct (118 bytes)
Total: 3

VM state: not at safepoint (normal execution)

VM Mutex/Monitor currently owned by a thread:  ([mutex/lock_event])
[0x00007ffdd3661890] Metaspace_lock - owner thread: 0x0000022b534f3410

Heap address: 0x0000000703000000, size: 4048 MB, Compressed Oops mode: Zero based, Oop shift amount: 3

CDS archive(s) mapped at: [0x0000022b54000000-0x0000022b54d70000-0x0000022b54d70000), size 14090240, SharedBaseAddress: 0x0000022b54000000, ArchiveRelocationMode: 1.
Compressed class space mapped at: 0x0000022b55000000-0x0000022b95000000, reserved size: 1073741824
Narrow klass base: 0x0000022b54000000, Narrow klass shift: 0, Narrow klass range: 0x41000000

GC Precious Log:
 CardTable entry size: 512
 Card Set container configuration: InlinePtr #cards 4 size 8 Array Of Cards #cards 16 size 48 Howl #buckets 8 coarsen threshold 3686 Howl Bitmap #cards 512 size 80 coarsen threshold 460 Card regions per heap region 1 cards per card region 4096
 CPUs: 8 total, 8 available
 Memory: 16190M
 Large Page Support: Disabled
 NUMA Support: Disabled
 Compressed Oops: Enabled (Zero based)
 Heap Region Size: 2M
 Heap Min Capacity: 8M
 Heap Initial Capacity: 254M
 Heap Max Capacity: 4048M
 Pre-touch: Disabled
 Parallel Workers: 8
 Concurrent Workers: 2
 Concurrent Refinement Workers: 8
 Periodic GC: Disabled

Heap:
 garbage-first heap   total reserved 4145152K, committed 260096K, used 16384K [0x0000000703000000, 0x0000000800000000)
  region size 2048K, 9 young (18432K), 0 survivors (0K)
 Metaspace       used 14796K, committed 15040K, reserved 1114112K
  class space    used 1700K, committed 1856K, reserved 1048576K

Heap Regions: E=young(eden), S=young(survivor), O=old, HS=humongous(starts), HC=humongous(continues), CS=collection set, F=free, TAMS=top-at-mark-start, PB=parsable bottom
|   0|0x0000000703000000, 0x0000000703000000, 0x0000000703200000|  0%| F|  |TAMS 0x0000000703000000| PB 0x0000000703000000| Untracked |  0
|   1|0x0000000703200000, 0x0000000703200000, 0x0000000703400000|  0%| F|  |TAMS 0x0000000703200000| PB 0x0000000703200000| Untracked |  0
|   2|0x0000000703400000, 0x0000000703400000, 0x0000000703600000|  0%| F|  |TAMS 0x0000000703400000| PB 0x0000000703400000| Untracked |  0
|   3|0x0000000703600000, 0x0000000703600000, 0x0000000703800000|  0%| F|  |TAMS 0x0000000703600000| PB 0x0000000703600000| Untracked |  0
|   4|0x0000000703800000, 0x0000000703800000, 0x0000000703a00000|  0%| F|  |TAMS 0x0000000703800000| PB 0x0000000703800000| Untracked |  0
|   5|0x0000000703a00000, 0x0000000703a00000, 0x0000000703c00000|  0%| F|  |TAMS 0x0000000703a00000| PB 0x0000000703a00000| Untracked |  0
|   6|0x0000000703c00000, 0x0000000703c00000, 0x0000000703e00000|  0%| F|  |TAMS 0x0000000703c00000| PB 0x0000000703c00000| Untracked |  0
|   7|0x0000000703e00000, 0x0000000703e00000, 0x0000000704000000|  0%| F|  |TAMS 0x0000000703e00000| PB 0x0000000703e00000| Untracked |  0
|   8|0x0000000704000000, 0x0000000704000000, 0x0000000704200000|  0%| F|  |TAMS 0x0000000704000000| PB 0x0000000704000000| Untracked |  0
|   9|0x0000000704200000, 0x0000000704200000, 0x0000000704400000|  0%| F|  |TAMS 0x0000000704200000| PB 0x0000000704200000| Untracked |  0
|  10|0x0000000704400000, 0x0000000704400000, 0x0000000704600000|  0%| F|  |TAMS 0x0000000704400000| PB 0x0000000704400000| Untracked |  0
|  11|0x0000000704600000, 0x0000000704600000, 0x0000000704800000|  0%| F|  |TAMS 0x0000000704600000| PB 0x0000000704600000| Untracked |  0
|  12|0x0000000704800000, 0x0000000704800000, 0x0000000704a00000|  0%| F|  |TAMS 0x0000000704800000| PB 0x0000000704800000| Untracked |  0
|  13|0x0000000704a00000, 0x0000000704a00000, 0x0000000704c00000|  0%| F|  |TAMS 0x0000000704a00000| PB 0x0000000704a00000| Untracked |  0
|  14|0x0000000704c00000, 0x0000000704c00000, 0x0000000704e00000|  0%| F|  |TAMS 0x0000000704c00000| PB 0x0000000704c00000| Untracked |  0
|  15|0x0000000704e00000, 0x0000000704e00000, 0x0000000705000000|  0%| F|  |TAMS 0x0000000704e00000| PB 0x0000000704e00000| Untracked |  0
|  16|0x0000000705000000, 0x0000000705000000, 0x0000000705200000|  0%| F|  |TAMS 0x0000000705000000| PB 0x0000000705000000| Untracked |  0
|  17|0x0000000705200000, 0x0000000705200000, 0x0000000705400000|  0%| F|  |TAMS 0x0000000705200000| PB 0x0000000705200000| Untracked |  0
|  18|0x0000000705400000, 0x0000000705400000, 0x0000000705600000|  0%| F|  |TAMS 0x0000000705400000| PB 0x0000000705400000| Untracked |  0
|  19|0x0000000705600000, 0x0000000705600000, 0x0000000705800000|  0%| F|  |TAMS 0x0000000705600000| PB 0x0000000705600000| Untracked |  0
|  20|0x0000000705800000, 0x0000000705800000, 0x0000000705a00000|  0%| F|  |TAMS 0x0000000705800000| PB 0x0000000705800000| Untracked |  0
|  21|0x0000000705a00000, 0x0000000705a00000, 0x0000000705c00000|  0%| F|  |TAMS 0x0000000705a00000| PB 0x0000000705a00000| Untracked |  0
|  22|0x0000000705c00000, 0x0000000705c00000, 0x0000000705e00000|  0%| F|  |TAMS 0x0000000705c00000| PB 0x0000000705c00000| Untracked |  0
|  23|0x0000000705e00000, 0x0000000705e00000, 0x0000000706000000|  0%| F|  |TAMS 0x0000000705e00000| PB 0x0000000705e00000| Untracked |  0
|  24|0x0000000706000000, 0x0000000706000000, 0x0000000706200000|  0%| F|  |TAMS 0x0000000706000000| PB 0x0000000706000000| Untracked |  0
|  25|0x0000000706200000, 0x0000000706200000, 0x0000000706400000|  0%| F|  |TAMS 0x0000000706200000| PB 0x0000000706200000| Untracked |  0
|  26|0x0000000706400000, 0x0000000706400000, 0x0000000706600000|  0%| F|  |TAMS 0x0000000706400000| PB 0x0000000706400000| Untracked |  0
|  27|0x0000000706600000, 0x0000000706600000, 0x0000000706800000|  0%| F|  |TAMS 0x0000000706600000| PB 0x0000000706600000| Untracked |  0
|  28|0x0000000706800000, 0x0000000706800000, 0x0000000706a00000|  0%| F|  |TAMS 0x0000000706800000| PB 0x0000000706800000| Untracked |  0
|  29|0x0000000706a00000, 0x0000000706a00000, 0x0000000706c00000|  0%| F|  |TAMS 0x0000000706a00000| PB 0x0000000706a00000| Untracked |  0
|  30|0x0000000706c00000, 0x0000000706c00000, 0x0000000706e00000|  0%| F|  |TAMS 0x0000000706c00000| PB 0x0000000706c00000| Untracked |  0
|  31|0x0000000706e00000, 0x0000000706e00000, 0x0000000707000000|  0%| F|  |TAMS 0x0000000706e00000| PB 0x0000000706e00000| Untracked |  0
|  32|0x0000000707000000, 0x0000000707000000, 0x0000000707200000|  0%| F|  |TAMS 0x0000000707000000| PB 0x0000000707000000| Untracked |  0
|  33|0x0000000707200000, 0x0000000707200000, 0x0000000707400000|  0%| F|  |TAMS 0x0000000707200000| PB 0x0000000707200000| Untracked |  0
|  34|0x0000000707400000, 0x0000000707400000, 0x0000000707600000|  0%| F|  |TAMS 0x0000000707400000| PB 0x0000000707400000| Untracked |  0
|  35|0x0000000707600000, 0x0000000707600000, 0x0000000707800000|  0%| F|  |TAMS 0x0000000707600000| PB 0x0000000707600000| Untracked |  0
|  36|0x0000000707800000, 0x0000000707800000, 0x0000000707a00000|  0%| F|  |TAMS 0x0000000707800000| PB 0x0000000707800000| Untracked |  0
|  37|0x0000000707a00000, 0x0000000707a00000, 0x0000000707c00000|  0%| F|  |TAMS 0x0000000707a00000| PB 0x0000000707a00000| Untracked |  0
|  38|0x0000000707c00000, 0x0000000707c00000, 0x0000000707e00000|  0%| F|  |TAMS 0x0000000707c00000| PB 0x0000000707c00000| Untracked |  0
|  39|0x0000000707e00000, 0x0000000707e00000, 0x0000000708000000|  0%| F|  |TAMS 0x0000000707e00000| PB 0x0000000707e00000| Untracked |  0
|  40|0x0000000708000000, 0x0000000708000000, 0x0000000708200000|  0%| F|  |TAMS 0x0000000708000000| PB 0x0000000708000000| Untracked |  0
|  41|0x0000000708200000, 0x0000000708200000, 0x0000000708400000|  0%| F|  |TAMS 0x0000000708200000| PB 0x0000000708200000| Untracked |  0
|  42|0x0000000708400000, 0x0000000708400000, 0x0000000708600000|  0%| F|  |TAMS 0x0000000708400000| PB 0x0000000708400000| Untracked |  0
|  43|0x0000000708600000, 0x0000000708600000, 0x0000000708800000|  0%| F|  |TAMS 0x0000000708600000| PB 0x0000000708600000| Untracked |  0
|  44|0x0000000708800000, 0x0000000708800000, 0x0000000708a00000|  0%| F|  |TAMS 0x0000000708800000| PB 0x0000000708800000| Untracked |  0
|  45|0x0000000708a00000, 0x0000000708a00000, 0x0000000708c00000|  0%| F|  |TAMS 0x0000000708a00000| PB 0x0000000708a00000| Untracked |  0
|  46|0x0000000708c00000, 0x0000000708c00000, 0x0000000708e00000|  0%| F|  |TAMS 0x0000000708c00000| PB 0x0000000708c00000| Untracked |  0
|  47|0x0000000708e00000, 0x0000000708e00000, 0x0000000709000000|  0%| F|  |TAMS 0x0000000708e00000| PB 0x0000000708e00000| Untracked |  0
|  48|0x0000000709000000, 0x0000000709000000, 0x0000000709200000|  0%| F|  |TAMS 0x0000000709000000| PB 0x0000000709000000| Untracked |  0
|  49|0x0000000709200000, 0x0000000709200000, 0x0000000709400000|  0%| F|  |TAMS 0x0000000709200000| PB 0x0000000709200000| Untracked |  0
|  50|0x0000000709400000, 0x0000000709400000, 0x0000000709600000|  0%| F|  |TAMS 0x0000000709400000| PB 0x0000000709400000| Untracked |  0
|  51|0x0000000709600000, 0x0000000709600000, 0x0000000709800000|  0%| F|  |TAMS 0x0000000709600000| PB 0x0000000709600000| Untracked |  0
|  52|0x0000000709800000, 0x0000000709800000, 0x0000000709a00000|  0%| F|  |TAMS 0x0000000709800000| PB 0x0000000709800000| Untracked |  0
|  53|0x0000000709a00000, 0x0000000709a00000, 0x0000000709c00000|  0%| F|  |TAMS 0x0000000709a00000| PB 0x0000000709a00000| Untracked |  0
|  54|0x0000000709c00000, 0x0000000709c00000, 0x0000000709e00000|  0%| F|  |TAMS 0x0000000709c00000| PB 0x0000000709c00000| Untracked |  0
|  55|0x0000000709e00000, 0x0000000709e00000, 0x000000070a000000|  0%| F|  |TAMS 0x0000000709e00000| PB 0x0000000709e00000| Untracked |  0
|  56|0x000000070a000000, 0x000000070a000000, 0x000000070a200000|  0%| F|  |TAMS 0x000000070a000000| PB 0x000000070a000000| Untracked |  0
|  57|0x000000070a200000, 0x000000070a200000, 0x000000070a400000|  0%| F|  |TAMS 0x000000070a200000| PB 0x000000070a200000| Untracked |  0
|  58|0x000000070a400000, 0x000000070a400000, 0x000000070a600000|  0%| F|  |TAMS 0x000000070a400000| PB 0x000000070a400000| Untracked |  0
|  59|0x000000070a600000, 0x000000070a600000, 0x000000070a800000|  0%| F|  |TAMS 0x000000070a600000| PB 0x000000070a600000| Untracked |  0
|  60|0x000000070a800000, 0x000000070a800000, 0x000000070aa00000|  0%| F|  |TAMS 0x000000070a800000| PB 0x000000070a800000| Untracked |  0
|  61|0x000000070aa00000, 0x000000070aa00000, 0x000000070ac00000|  0%| F|  |TAMS 0x000000070aa00000| PB 0x000000070aa00000| Untracked |  0
|  62|0x000000070ac00000, 0x000000070ac00000, 0x000000070ae00000|  0%| F|  |TAMS 0x000000070ac00000| PB 0x000000070ac00000| Untracked |  0
|  63|0x000000070ae00000, 0x000000070ae00000, 0x000000070b000000|  0%| F|  |TAMS 0x000000070ae00000| PB 0x000000070ae00000| Untracked |  0
|  64|0x000000070b000000, 0x000000070b000000, 0x000000070b200000|  0%| F|  |TAMS 0x000000070b000000| PB 0x000000070b000000| Untracked |  0
|  65|0x000000070b200000, 0x000000070b200000, 0x000000070b400000|  0%| F|  |TAMS 0x000000070b200000| PB 0x000000070b200000| Untracked |  0
|  66|0x000000070b400000, 0x000000070b400000, 0x000000070b600000|  0%| F|  |TAMS 0x000000070b400000| PB 0x000000070b400000| Untracked |  0
|  67|0x000000070b600000, 0x000000070b600000, 0x000000070b800000|  0%| F|  |TAMS 0x000000070b600000| PB 0x000000070b600000| Untracked |  0
|  68|0x000000070b800000, 0x000000070b800000, 0x000000070ba00000|  0%| F|  |TAMS 0x000000070b800000| PB 0x000000070b800000| Untracked |  0
|  69|0x000000070ba00000, 0x000000070ba00000, 0x000000070bc00000|  0%| F|  |TAMS 0x000000070ba00000| PB 0x000000070ba00000| Untracked |  0
|  70|0x000000070bc00000, 0x000000070bc00000, 0x000000070be00000|  0%| F|  |TAMS 0x000000070bc00000| PB 0x000000070bc00000| Untracked |  0
|  71|0x000000070be00000, 0x000000070be00000, 0x000000070c000000|  0%| F|  |TAMS 0x000000070be00000| PB 0x000000070be00000| Untracked |  0
|  72|0x000000070c000000, 0x000000070c000000, 0x000000070c200000|  0%| F|  |TAMS 0x000000070c000000| PB 0x000000070c000000| Untracked |  0
|  73|0x000000070c200000, 0x000000070c200000, 0x000000070c400000|  0%| F|  |TAMS 0x000000070c200000| PB 0x000000070c200000| Untracked |  0
|  74|0x000000070c400000, 0x000000070c400000, 0x000000070c600000|  0%| F|  |TAMS 0x000000070c400000| PB 0x000000070c400000| Untracked |  0
|  75|0x000000070c600000, 0x000000070c600000, 0x000000070c800000|  0%| F|  |TAMS 0x000000070c600000| PB 0x000000070c600000| Untracked |  0
|  76|0x000000070c800000, 0x000000070c800000, 0x000000070ca00000|  0%| F|  |TAMS 0x000000070c800000| PB 0x000000070c800000| Untracked |  0
|  77|0x000000070ca00000, 0x000000070ca00000, 0x000000070cc00000|  0%| F|  |TAMS 0x000000070ca00000| PB 0x000000070ca00000| Untracked |  0
|  78|0x000000070cc00000, 0x000000070cc00000, 0x000000070ce00000|  0%| F|  |TAMS 0x000000070cc00000| PB 0x000000070cc00000| Untracked |  0
|  79|0x000000070ce00000, 0x000000070ce00000, 0x000000070d000000|  0%| F|  |TAMS 0x000000070ce00000| PB 0x000000070ce00000| Untracked |  0
|  80|0x000000070d000000, 0x000000070d000000, 0x000000070d200000|  0%| F|  |TAMS 0x000000070d000000| PB 0x000000070d000000| Untracked |  0
|  81|0x000000070d200000, 0x000000070d200000, 0x000000070d400000|  0%| F|  |TAMS 0x000000070d200000| PB 0x000000070d200000| Untracked |  0
|  82|0x000000070d400000, 0x000000070d400000, 0x000000070d600000|  0%| F|  |TAMS 0x000000070d400000| PB 0x000000070d400000| Untracked |  0
|  83|0x000000070d600000, 0x000000070d600000, 0x000000070d800000|  0%| F|  |TAMS 0x000000070d600000| PB 0x000000070d600000| Untracked |  0
|  84|0x000000070d800000, 0x000000070d800000, 0x000000070da00000|  0%| F|  |TAMS 0x000000070d800000| PB 0x000000070d800000| Untracked |  0
|  85|0x000000070da00000, 0x000000070da00000, 0x000000070dc00000|  0%| F|  |TAMS 0x000000070da00000| PB 0x000000070da00000| Untracked |  0
|  86|0x000000070dc00000, 0x000000070dc00000, 0x000000070de00000|  0%| F|  |TAMS 0x000000070dc00000| PB 0x000000070dc00000| Untracked |  0
|  87|0x000000070de00000, 0x000000070de00000, 0x000000070e000000|  0%| F|  |TAMS 0x000000070de00000| PB 0x000000070de00000| Untracked |  0
|  88|0x000000070e000000, 0x000000070e000000, 0x000000070e200000|  0%| F|  |TAMS 0x000000070e000000| PB 0x000000070e000000| Untracked |  0
|  89|0x000000070e200000, 0x000000070e200000, 0x000000070e400000|  0%| F|  |TAMS 0x000000070e200000| PB 0x000000070e200000| Untracked |  0
|  90|0x000000070e400000, 0x000000070e400000, 0x000000070e600000|  0%| F|  |TAMS 0x000000070e400000| PB 0x000000070e400000| Untracked |  0
|  91|0x000000070e600000, 0x000000070e600000, 0x000000070e800000|  0%| F|  |TAMS 0x000000070e600000| PB 0x000000070e600000| Untracked |  0
|  92|0x000000070e800000, 0x000000070e800000, 0x000000070ea00000|  0%| F|  |TAMS 0x000000070e800000| PB 0x000000070e800000| Untracked |  0
|  93|0x000000070ea00000, 0x000000070ea00000, 0x000000070ec00000|  0%| F|  |TAMS 0x000000070ea00000| PB 0x000000070ea00000| Untracked |  0
|  94|0x000000070ec00000, 0x000000070ec00000, 0x000000070ee00000|  0%| F|  |TAMS 0x000000070ec00000| PB 0x000000070ec00000| Untracked |  0
|  95|0x000000070ee00000, 0x000000070ee00000, 0x000000070f000000|  0%| F|  |TAMS 0x000000070ee00000| PB 0x000000070ee00000| Untracked |  0
|  96|0x000000070f000000, 0x000000070f000000, 0x000000070f200000|  0%| F|  |TAMS 0x000000070f000000| PB 0x000000070f000000| Untracked |  0
|  97|0x000000070f200000, 0x000000070f200000, 0x000000070f400000|  0%| F|  |TAMS 0x000000070f200000| PB 0x000000070f200000| Untracked |  0
|  98|0x000000070f400000, 0x000000070f400000, 0x000000070f600000|  0%| F|  |TAMS 0x000000070f400000| PB 0x000000070f400000| Untracked |  0
|  99|0x000000070f600000, 0x000000070f600000, 0x000000070f800000|  0%| F|  |TAMS 0x000000070f600000| PB 0x000000070f600000| Untracked |  0
| 100|0x000000070f800000, 0x000000070f800000, 0x000000070fa00000|  0%| F|  |TAMS 0x000000070f800000| PB 0x000000070f800000| Untracked |  0
| 101|0x000000070fa00000, 0x000000070fa00000, 0x000000070fc00000|  0%| F|  |TAMS 0x000000070fa00000| PB 0x000000070fa00000| Untracked |  0
| 102|0x000000070fc00000, 0x000000070fc00000, 0x000000070fe00000|  0%| F|  |TAMS 0x000000070fc00000| PB 0x000000070fc00000| Untracked |  0
| 103|0x000000070fe00000, 0x000000070fe00000, 0x0000000710000000|  0%| F|  |TAMS 0x000000070fe00000| PB 0x000000070fe00000| Untracked |  0
| 104|0x0000000710000000, 0x0000000710000000, 0x0000000710200000|  0%| F|  |TAMS 0x0000000710000000| PB 0x0000000710000000| Untracked |  0
| 105|0x0000000710200000, 0x0000000710200000, 0x0000000710400000|  0%| F|  |TAMS 0x0000000710200000| PB 0x0000000710200000| Untracked |  0
| 106|0x0000000710400000, 0x0000000710400000, 0x0000000710600000|  0%| F|  |TAMS 0x0000000710400000| PB 0x0000000710400000| Untracked |  0
| 107|0x0000000710600000, 0x0000000710600000, 0x0000000710800000|  0%| F|  |TAMS 0x0000000710600000| PB 0x0000000710600000| Untracked |  0
| 108|0x0000000710800000, 0x0000000710800000, 0x0000000710a00000|  0%| F|  |TAMS 0x0000000710800000| PB 0x0000000710800000| Untracked |  0
| 109|0x0000000710a00000, 0x0000000710a00000, 0x0000000710c00000|  0%| F|  |TAMS 0x0000000710a00000| PB 0x0000000710a00000| Untracked |  0
| 110|0x0000000710c00000, 0x0000000710c00000, 0x0000000710e00000|  0%| F|  |TAMS 0x0000000710c00000| PB 0x0000000710c00000| Untracked |  0
| 111|0x0000000710e00000, 0x0000000710e00000, 0x0000000711000000|  0%| F|  |TAMS 0x0000000710e00000| PB 0x0000000710e00000| Untracked |  0
| 112|0x0000000711000000, 0x0000000711000000, 0x0000000711200000|  0%| F|  |TAMS 0x0000000711000000| PB 0x0000000711000000| Untracked |  0
| 113|0x0000000711200000, 0x0000000711200000, 0x0000000711400000|  0%| F|  |TAMS 0x0000000711200000| PB 0x0000000711200000| Untracked |  0
| 114|0x0000000711400000, 0x0000000711400000, 0x0000000711600000|  0%| F|  |TAMS 0x0000000711400000| PB 0x0000000711400000| Untracked |  0
| 115|0x0000000711600000, 0x0000000711600000, 0x0000000711800000|  0%| F|  |TAMS 0x0000000711600000| PB 0x0000000711600000| Untracked |  0
| 116|0x0000000711800000, 0x0000000711800000, 0x0000000711a00000|  0%| F|  |TAMS 0x0000000711800000| PB 0x0000000711800000| Untracked |  0
| 117|0x0000000711a00000, 0x0000000711a00000, 0x0000000711c00000|  0%| F|  |TAMS 0x0000000711a00000| PB 0x0000000711a00000| Untracked |  0
| 118|0x0000000711c00000, 0x0000000711df1918, 0x0000000711e00000| 97%| E|  |TAMS 0x0000000711c00000| PB 0x0000000711c00000| Complete |  0
| 119|0x0000000711e00000, 0x0000000712000000, 0x0000000712000000|100%| E|CS|TAMS 0x0000000711e00000| PB 0x0000000711e00000| Complete |  0
| 120|0x0000000712000000, 0x0000000712200000, 0x0000000712200000|100%| E|CS|TAMS 0x0000000712000000| PB 0x0000000712000000| Complete |  0
| 121|0x0000000712200000, 0x0000000712400000, 0x0000000712400000|100%| E|CS|TAMS 0x0000000712200000| PB 0x0000000712200000| Complete |  0
| 122|0x0000000712400000, 0x0000000712600000, 0x0000000712600000|100%| E|CS|TAMS 0x0000000712400000| PB 0x0000000712400000| Complete |  0
| 123|0x0000000712600000, 0x0000000712800000, 0x0000000712800000|100%| E|CS|TAMS 0x0000000712600000| PB 0x0000000712600000| Complete |  0
| 124|0x0000000712800000, 0x0000000712a00000, 0x0000000712a00000|100%| E|CS|TAMS 0x0000000712800000| PB 0x0000000712800000| Complete |  0
| 125|0x0000000712a00000, 0x0000000712c00000, 0x0000000712c00000|100%| E|CS|TAMS 0x0000000712a00000| PB 0x0000000712a00000| Complete |  0
| 126|0x0000000712c00000, 0x0000000712e00000, 0x0000000712e00000|100%| E|CS|TAMS 0x0000000712c00000| PB 0x0000000712c00000| Complete |  0

Card table byte_map: [0x0000022b4bfb0000,0x0000022b4c7a0000] _byte_map_base: 0x0000022b48798000

Marking Bits: (CMBitMap*) 0x0000022b33dba330
 Bits: [0x0000022b4c7a0000, 0x0000022b506e0000)

Polling page: 0x0000022b33520000

Metaspace:

Usage:
  Non-class:     12.79 MB used.
      Class:      1.66 MB used.
       Both:     14.45 MB used.

Virtual space:
  Non-class space:       64.00 MB reserved,      12.88 MB ( 20%) committed,  1 nodes.
      Class space:        1.00 GB reserved,       1.81 MB ( <1%) committed,  1 nodes.
             Both:        1.06 GB reserved,      14.69 MB (  1%) committed. 

Chunk freelists:
   Non-Class:  3.00 MB
       Class:  14.23 MB
        Both:  17.23 MB

MaxMetaspaceSize: unlimited
CompressedClassSpaceSize: 1.00 GB
Initial GC threshold: 21.00 MB
Current GC threshold: 21.00 MB
CDS: on
 - commit_granule_bytes: 65536.
 - commit_granule_words: 8192.
 - virtual_space_node_default_size: 8388608.
 - enlarge_chunks_in_place: 1.
 - use_allocation_guard: 0.


Internal statistics:

num_allocs_failed_limit: 0.
num_arena_births: 178.
num_arena_deaths: 0.
num_vsnodes_births: 2.
num_vsnodes_deaths: 0.
num_space_committed: 235.
num_space_uncommitted: 0.
num_chunks_returned_to_freelist: 0.
num_chunks_taken_from_freelist: 337.
num_chunk_merges: 0.
num_chunk_splits: 205.
num_chunks_enlarged: 120.
num_inconsistent_stats: 0.

CodeHeap 'non-profiled nmethods': size=120064Kb used=451Kb max_used=451Kb free=119612Kb
 bounds [0x0000022b43f50000, 0x0000022b441c0000, 0x0000022b4b490000]
CodeHeap 'profiled nmethods': size=120000Kb used=1724Kb max_used=1724Kb free=118275Kb
 bounds [0x0000022b3c490000, 0x0000022b3c700000, 0x0000022b439c0000]
CodeHeap 'non-nmethods': size=5696Kb used=1635Kb max_used=1652Kb free=4060Kb
 bounds [0x0000022b439c0000, 0x0000022b43c30000, 0x0000022b43f50000]
CodeCache: size=245760Kb, used=3810Kb, max_used=3827Kb, free=241947Kb
 total_blobs=2115, nmethods=1414, adapters=607, full_count=0
Compilation: enabled, stopped_count=0, restarted_count=0

Compilation events (20 events):
Event: 0.630 Thread 0x0000022b53149e00 nmethod 1385 0x0000022b3c62e088 code [0x0000022b3c62e6e0, 0x0000022b3c632cf0]
Event: 0.631 Thread 0x0000022b53149e00 1388       3       sun.security.ec.ECOperations$PointMultiplier::lookup (84 bytes)
Event: 0.631 Thread 0x0000022b53149e00 nmethod 1388 0x0000022b3c632e08 code [0x0000022b3c632fc0, 0x0000022b3c633938]
Event: 0.631 Thread 0x0000022b53149e00 1390       3       sun.security.util.math.intpoly.IntegerPolynomial$Element::<init> (20 bytes)
Event: 0.631 Thread 0x0000022b53149e00 nmethod 1390 0x0000022b3c633988 code [0x0000022b3c633aa0, 0x0000022b3c633cd8]
Event: 0.632 Thread 0x0000022b531365e0 nmethod 1382 0x0000022b43fbaf08 code [0x0000022b43fbb000, 0x0000022b43fbb1e0]
Event: 0.632 Thread 0x0000022b531365e0 1386       4       sun.security.util.math.intpoly.IntegerPolynomial::multByInt (30 bytes)
Event: 0.634 Thread 0x0000022b53149e00 1392       3       sun.security.util.math.intpoly.IntegerPolynomial$MutableElement::setAdditiveInverse (42 bytes)
Event: 0.634 Thread 0x0000022b53149e00 nmethod 1392 0x0000022b3c633d08 code [0x0000022b3c633e20, 0x0000022b3c633ff8]
Event: 0.636 Thread 0x0000022b531365e0 nmethod 1386 0x0000022b43fbb208 code [0x0000022b43fbb320, 0x0000022b43fbb540]
Event: 0.636 Thread 0x0000022b531365e0 1384       4       sun.security.util.math.intpoly.MontgomeryIntegerPolynomialP256::mult (13 bytes)
Event: 0.636 Thread 0x0000022b53149e00 1393       3       sun.security.ec.ECOperations$DefaultMultiplier::double4 (32 bytes)
Event: 0.636 Thread 0x0000022b53149e00 nmethod 1393 0x0000022b3c634008 code [0x0000022b3c634140, 0x0000022b3c6343a8]
Event: 0.636 Thread 0x0000022b53149e00 1394       3       sun.security.ec.ECOperations::setSum (685 bytes)
Event: 0.639 Thread 0x0000022b53149e00 nmethod 1394 0x0000022b3c634408 code [0x0000022b3c634d00, 0x0000022b3c63b310]
Event: 0.639 Thread 0x0000022b53149e00 1395       3       sun.security.util.math.intpoly.IntegerPolynomial$MutableElement::setAdditiveInverse (5 bytes)
Event: 0.639 Thread 0x0000022b53149e00 nmethod 1395 0x0000022b3c63b408 code [0x0000022b3c63b520, 0x0000022b3c63b660]
Event: 0.639 Thread 0x0000022b9a188c20 1396 %     4       sun.security.util.math.intpoly.IntegerPolynomial::conditionalAssign @ 6 (45 bytes)
Event: 0.643 Thread 0x0000022b9a188c20 nmethod 1396% 0x0000022b43fbb588 code [0x0000022b43fbb6a0, 0x0000022b43fbb9b8]
Event: 0.643 Thread 0x0000022b9a188c20 1383       4       sun.security.util.math.intpoly.IntegerPolynomial$MutableElement::setProduct (118 bytes)

GC Heap History (0 events):
No events

Dll operation events (11 events):
Event: 0.005 Loaded shared library D:\Java Se-23\bin\java.dll
Event: 0.026 Loaded shared library D:\Java Se-23\bin\jsvml.dll
Event: 0.047 Loaded shared library D:\Java Se-23\bin\net.dll
Event: 0.048 Loaded shared library D:\Java Se-23\bin\nio.dll
Event: 0.063 Loaded shared library D:\Java Se-23\bin\zip.dll
Event: 0.073 Loaded shared library D:\Java Se-23\bin\jimage.dll
Event: 0.075 Loaded shared library D:\Java Se-23\bin\awt.dll
Event: 0.217 Loaded shared library D:\Java Se-23\bin\freetype.dll
Event: 0.218 Loaded shared library D:\Java Se-23\bin\fontmanager.dll
Event: 0.383 Loaded shared library D:\Java Se-23\bin\extnet.dll
Event: 0.571 Loaded shared library D:\Java Se-23\bin\sunmscapi.dll

Deoptimization events (20 events):
Event: 0.525 Thread 0x0000022b534f3410 Uncommon trap: trap_request=0xffffffc6 fr.pc=0x0000022b43f9a848 relative=0x0000000000000548
Event: 0.525 Thread 0x0000022b534f3410 Uncommon trap: reason=bimorphic_or_optimized_type_check action=maybe_recompile pc=0x0000022b43f9a848 method=java.util.concurrent.ConcurrentHashMap.get(Ljava/lang/Object;)Ljava/lang/Object; @ 149 c2
Event: 0.525 Thread 0x0000022b534f3410 DEOPT PACKING pc=0x0000022b43f9a848 sp=0x0000008ee44fbc10
Event: 0.525 Thread 0x0000022b534f3410 DEOPT UNPACKING pc=0x0000022b43a14402 sp=0x0000008ee44fbbb0 mode 2
Event: 0.525 Thread 0x0000022b534f3410 Uncommon trap: trap_request=0xffffffc6 fr.pc=0x0000022b43f9a848 relative=0x0000000000000548
Event: 0.525 Thread 0x0000022b534f3410 Uncommon trap: reason=bimorphic_or_optimized_type_check action=maybe_recompile pc=0x0000022b43f9a848 method=java.util.concurrent.ConcurrentHashMap.get(Ljava/lang/Object;)Ljava/lang/Object; @ 149 c2
Event: 0.525 Thread 0x0000022b534f3410 DEOPT PACKING pc=0x0000022b43f9a848 sp=0x0000008ee44fbc70
Event: 0.525 Thread 0x0000022b534f3410 DEOPT UNPACKING pc=0x0000022b43a14402 sp=0x0000008ee44fbc10 mode 2
Event: 0.533 Thread 0x0000022b534f3410 Uncommon trap: trap_request=0xffffffc6 fr.pc=0x0000022b43f9a848 relative=0x0000000000000548
Event: 0.533 Thread 0x0000022b534f3410 Uncommon trap: reason=bimorphic_or_optimized_type_check action=maybe_recompile pc=0x0000022b43f9a848 method=java.util.concurrent.ConcurrentHashMap.get(Ljava/lang/Object;)Ljava/lang/Object; @ 149 c2
Event: 0.533 Thread 0x0000022b534f3410 DEOPT PACKING pc=0x0000022b43f9a848 sp=0x0000008ee44fc750
Event: 0.533 Thread 0x0000022b534f3410 DEOPT UNPACKING pc=0x0000022b43a14402 sp=0x0000008ee44fc6f0 mode 2
Event: 0.536 Thread 0x0000022b534f3410 Uncommon trap: trap_request=0xffffffde fr.pc=0x0000022b43f847cc relative=0x0000000000000c4c
Event: 0.536 Thread 0x0000022b534f3410 Uncommon trap: reason=class_check action=maybe_recompile pc=0x0000022b43f847cc method=java.util.HashMap.resize()[Ljava/util/HashMap$Node; @ 200 c2
Event: 0.536 Thread 0x0000022b534f3410 DEOPT PACKING pc=0x0000022b43f847cc sp=0x0000008ee44fd4d0
Event: 0.536 Thread 0x0000022b534f3410 DEOPT UNPACKING pc=0x0000022b43a14402 sp=0x0000008ee44fd460 mode 2
Event: 0.575 Thread 0x0000022b534f3410 Uncommon trap: trap_request=0xffffff45 fr.pc=0x0000022b43f82220 relative=0x0000000000000280
Event: 0.575 Thread 0x0000022b534f3410 Uncommon trap: reason=unstable_if action=reinterpret pc=0x0000022b43f82220 method=java.util.HashMap.putVal(ILjava/lang/Object;Ljava/lang/Object;ZZ)Ljava/lang/Object; @ 162 c2
Event: 0.575 Thread 0x0000022b534f3410 DEOPT PACKING pc=0x0000022b43f82220 sp=0x0000008ee44fc2a0
Event: 0.575 Thread 0x0000022b534f3410 DEOPT UNPACKING pc=0x0000022b43a14402 sp=0x0000008ee44fc1d8 mode 2

Classes loaded (20 events):
Event: 0.619 Loading class sun/security/util/math/intpoly/P521OrderField
Event: 0.619 Loading class sun/security/util/math/intpoly/P521OrderField done
Event: 0.620 Loading class sun/security/ec/ECPrivateKeyImpl
Event: 0.620 Loading class java/security/interfaces/ECPrivateKey
Event: 0.620 Loading class java/security/interfaces/ECKey
Event: 0.620 Loading class java/security/interfaces/ECKey done
Event: 0.620 Loading class java/security/interfaces/ECPrivateKey done
Event: 0.620 Loading class sun/security/ec/ECPrivateKeyImpl done
Event: 0.620 Loading class sun/security/util/ArrayUtil
Event: 0.620 Loading class sun/security/util/ArrayUtil done
Event: 0.620 Loading class sun/security/ec/ECOperations$Secp256R1GeneratorMontgomeryMultiplier
Event: 0.620 Loading class sun/security/ec/ECOperations$PointMultiplier
Event: 0.620 Loading class sun/security/ec/ECOperations$PointMultiplier done
Event: 0.620 Loading class sun/security/ec/ECOperations$Secp256R1GeneratorMontgomeryMultiplier done
Event: 0.621 Loading class sun/security/ec/ECOperations$DefaultMultiplier
Event: 0.621 Loading class sun/security/ec/ECOperations$DefaultMultiplier done
Event: 0.621 Loading class sun/security/ec/point/ProjectivePoint$Mutable
Event: 0.621 Loading class sun/security/ec/point/MutablePoint
Event: 0.621 Loading class sun/security/ec/point/MutablePoint done
Event: 0.621 Loading class sun/security/ec/point/ProjectivePoint$Mutable done

Classes unloaded (0 events):
No events

Classes redefined (0 events):
No events

Internal exceptions (20 events):
Event: 0.050 Thread 0x0000022b31b71740 Exception <a 'sun/nio/fs/WindowsException'{0x0000000712dc1810}> (0x0000000712dc1810) 
thrown [s\open\src\hotspot\share\prims\jni.cpp, line 520]
Event: 0.051 Thread 0x0000022b31b71740 Exception <a 'sun/nio/fs/WindowsException'{0x0000000712dc2308}> (0x0000000712dc2308) 
thrown [s\open\src\hotspot\share\prims\jni.cpp, line 520]
Event: 0.069 Thread 0x0000022b31b71740 Exception <a 'java/lang/ClassNotFoundException'{0x0000000712a9fea8}: sun/awt/resources/spi/awtProvider> (0x0000000712a9fea8) 
thrown [s\open\src\hotspot\share\classfile\systemDictionary.cpp, line 313]
Event: 0.083 Thread 0x0000022b31b71740 Exception <a 'java/io/FileNotFoundException'{0x0000000712af5aa0}> (0x0000000712af5aa0) 
thrown [s\open\src\hotspot\share\prims\jni.cpp, line 520]
Event: 0.088 Thread 0x0000022b31b71740 Exception <a 'java/io/FileNotFoundException'{0x0000000712b240a0}> (0x0000000712b240a0) 
thrown [s\open\src\hotspot\share\prims\jni.cpp, line 520]
Event: 0.147 Thread 0x0000022b534f3410 Exception <a 'java/lang/NoSuchMethodError'{0x0000000712934758}: 'void java.lang.invoke.DirectMethodHandle$Holder.invokeSpecial(java.lang.Object, java.lang.Object, java.lang.Object)'> (0x0000000712934758) 
thrown [s\open\src\hotspot\share\interpreter\linkResolver.cpp, line 796]
Event: 0.157 Thread 0x0000022b534f3410 Exception <a 'java/lang/NoSuchMethodError'{0x00000007129fef38}: 'java.lang.Object java.lang.invoke.DirectMethodHandle$Holder.invokeStatic(java.lang.Object, int, java.lang.Object)'> (0x00000007129fef38) 
thrown [s\open\src\hotspot\share\interpreter\linkResolver.cpp, line 796]
Event: 0.170 Thread 0x0000022b534f3410 Exception <a 'java/lang/ClassNotFoundException'{0x00000007126a60b8}: com/sun/swing/internal/plaf/metal/resources/spi/metalProvider> (0x00000007126a60b8) 
thrown [s\open\src\hotspot\share\classfile\systemDictionary.cpp, line 313]
Event: 0.171 Thread 0x0000022b534f3410 Exception <a 'java/lang/ClassNotFoundException'{0x00000007126aa078}: com/sun/swing/internal/plaf/basic/resources/spi/basicProvider> (0x00000007126aa078) 
thrown [s\open\src\hotspot\share\classfile\systemDictionary.cpp, line 313]
Event: 0.177 Thread 0x0000022b534f3410 Exception <a 'java/lang/NoSuchMethodError'{0x00000007126c99b8}: 'int java.lang.invoke.Invokers$Holder.invokeExact_MT(java.lang.Object, java.lang.Object)'> (0x00000007126c99b8) 
thrown [s\open\src\hotspot\share\interpreter\linkResolver.cpp, line 796]
Event: 0.204 Thread 0x0000022b534e7890 Exception <a 'java/lang/NoSuchMethodError'{0x00000007128894c0}: 'void java.lang.invoke.DirectMethodHandle$Holder.invokeVirtual(java.lang.Object, java.lang.Object)'> (0x00000007128894c0) 
thrown [s\open\src\hotspot\share\interpreter\linkResolver.cpp, line 796]
Event: 0.215 Thread 0x0000022b534f3410 Exception <a 'java/lang/NoSuchMethodError'{0x000000071271c618}: 'void java.lang.invoke.DirectMethodHandle$Holder.invokeStaticInit(java.lang.Object)'> (0x000000071271c618) 
thrown [s\open\src\hotspot\share\interpreter\linkResolver.cpp, line 796]
Event: 0.287 Thread 0x0000022b534f3410 Exception <a 'java/lang/NoSuchMethodError'{0x00000007127c6760}: 'void java.lang.invoke.DirectMethodHandle$Holder.invokeStatic(java.lang.Object, java.lang.Object)'> (0x00000007127c6760) 
thrown [s\open\src\hotspot\share\interpreter\linkResolver.cpp, line 796]
Event: 0.312 Thread 0x0000022b534f3410 Exception <a 'java/lang/NoSuchMethodError'{0x00000007124a10c8}: 'java.lang.Object java.lang.invoke.DirectMethodHandle$Holder.invokeInterface(java.lang.Object, java.lang.Object)'> (0x00000007124a10c8) 
thrown [s\open\src\hotspot\share\interpreter\linkResolver.cpp, line 796]
Event: 0.328 Thread 0x0000022b534f3410 Exception <a 'java/lang/NoSuchMethodError'{0x0000000712530888}: 'java.lang.Object java.lang.invoke.DirectMethodHandle$Holder.invokeVirtual(java.lang.Object, java.lang.Object, java.lang.Object)'> (0x0000000712530888) 
thrown [s\open\src\hotspot\share\interpreter\linkResolver.cpp, line 796]
Event: 0.454 Thread 0x0000022b534f3410 Exception <a 'java/lang/NoSuchMethodError'{0x0000000711ec88d0}: 'void java.lang.invoke.DirectMethodHandle$Holder.invokeStaticInit(java.lang.Object, java.lang.Object)'> (0x0000000711ec88d0) 
thrown [s\open\src\hotspot\share\interpreter\linkResolver.cpp, line 796]
Event: 0.512 Thread 0x0000022b534f3410 Exception <a 'sun/nio/fs/WindowsException'{0x0000000711ff94c8}> (0x0000000711ff94c8) 
thrown [s\open\src\hotspot\share\prims\jni.cpp, line 520]
Event: 0.545 Thread 0x0000022b534f3410 Exception <a 'java/lang/NoSuchMethodError'{0x0000000711ca0bd8}: 'java.lang.Object java.lang.invoke.DirectMethodHandle$Holder.invokeStaticInit(java.lang.Object, int, int, int, int)'> (0x0000000711ca0bd8) 
thrown [s\open\src\hotspot\share\interpreter\linkResolver.cpp, line 796]
Event: 0.556 Thread 0x0000022b534f3410 Exception <a 'java/lang/NoSuchMethodError'{0x0000000711cbd980}: 'java.lang.Object java.lang.invoke.DirectMethodHandle$Holder.invokeStaticInit(java.lang.Object, java.lang.Object, int, int, int, int)'> (0x0000000711cbd980) 
thrown [s\open\src\hotspot\share\interpreter\linkResolver.cpp, line 796]
Event: 0.597 Thread 0x0000022b534f3410 Exception <a 'java/lang/NoSuchMethodError'{0x0000000711d3bbb0}: 'int java.lang.invoke.DirectMethodHandle$Holder.invokeSpecial(java.lang.Object, java.lang.Object, java.lang.Object)'> (0x0000000711d3bbb0) 
thrown [s\open\src\hotspot\share\interpreter\linkResolver.cpp, line 796]

VM Operations (14 events):
Event: 0.051 Executing VM operation: HandshakeAllThreads (Deoptimize)
Event: 0.051 Executing VM operation: HandshakeAllThreads (Deoptimize) done
Event: 0.121 Executing VM operation: HandshakeAllThreads (Deoptimize)
Event: 0.121 Executing VM operation: HandshakeAllThreads (Deoptimize) done
Event: 0.190 Executing VM operation: HandshakeAllThreads (Deoptimize)
Event: 0.190 Executing VM operation: HandshakeAllThreads (Deoptimize) done
Event: 0.296 Executing VM operation: HandshakeAllThreads (Deoptimize)
Event: 0.296 Executing VM operation: HandshakeAllThreads (Deoptimize) done
Event: 0.459 Executing VM operation: HandshakeAllThreads (Deoptimize)
Event: 0.459 Executing VM operation: HandshakeAllThreads (Deoptimize) done
Event: 0.498 Executing VM operation: HandshakeAllThreads (Deoptimize)
Event: 0.498 Executing VM operation: HandshakeAllThreads (Deoptimize) done
Event: 0.517 Executing VM operation: HandshakeAllThreads (Deoptimize)
Event: 0.517 Executing VM operation: HandshakeAllThreads (Deoptimize) done

Memory protections (0 events):
No events

Nmethod flushes (0 events):
No events

Events (20 events):
Event: 0.016 Thread 0x0000022b31b71740 Thread added: 0x0000022b31b71740
Event: 0.024 Thread 0x0000022b31b71740 Thread added: 0x0000022b53106ad0
Event: 0.024 Thread 0x0000022b31b71740 Thread added: 0x0000022b53109a00
Event: 0.024 Thread 0x0000022b31b71740 Thread added: 0x0000022b5310d680
Event: 0.024 Thread 0x0000022b31b71740 Thread added: 0x0000022b53110370
Event: 0.025 Thread 0x0000022b31b71740 Thread added: 0x0000022b53134df0
Event: 0.025 Thread 0x0000022b31b71740 Thread added: 0x0000022b53135850
Event: 0.025 Thread 0x0000022b31b71740 Thread added: 0x0000022b531365e0
Event: 0.025 Thread 0x0000022b31b71740 Thread added: 0x0000022b53149e00
Event: 0.040 Thread 0x0000022b31b71740 Thread added: 0x0000022b5324b960
Event: 0.059 Thread 0x0000022b31b71740 Thread added: 0x0000022b53342e10
Event: 0.061 Thread 0x0000022b53149e00 Thread added: 0x0000022b533b5810
Event: 0.115 Thread 0x0000022b31b71740 Thread added: 0x0000022b534e5550
Event: 0.115 Thread 0x0000022b31b71740 Thread added: 0x0000022b534e7220
Event: 0.116 Thread 0x0000022b31b71740 Thread added: 0x0000022b534e7890
Event: 0.123 Thread 0x0000022b31b71740 Thread added: 0x0000022b534f3410
Event: 0.123 Thread 0x0000022b31b71740 Thread exited: 0x0000022b31b71740
Event: 0.123 Thread 0x0000022b31b71740 Thread added: 0x0000022b31b71740
Event: 0.287 Thread 0x0000022b534f3410 Thread added: 0x0000022b99d29050
Event: 0.639 Thread 0x0000022b53149e00 Thread added: 0x0000022b9a188c20


Dynamic libraries:
0x00007ff7de950000 - 0x00007ff7de960000 	D:\Java Se-23\bin\java.exe
0x00007ffe4c230000 - 0x00007ffe4c428000 	C:\WINDOWS\SYSTEM32\ntdll.dll
0x00007ffe4a700000 - 0x00007ffe4a7c2000 	C:\WINDOWS\System32\KERNEL32.DLL
0x00007ffe49d30000 - 0x00007ffe4a026000 	C:\WINDOWS\System32\KERNELBASE.dll
0x00007ffe4a080000 - 0x00007ffe4a180000 	C:\WINDOWS\System32\ucrtbase.dll
0x00007ffe3f0b0000 - 0x00007ffe3f0cb000 	D:\Java Se-23\bin\VCRUNTIME140.dll
0x00007ffe415b0000 - 0x00007ffe415c7000 	D:\Java Se-23\bin\jli.dll
0x00007ffe4a4d0000 - 0x00007ffe4a671000 	C:\WINDOWS\System32\USER32.dll
0x00007ffe4a180000 - 0x00007ffe4a1a2000 	C:\WINDOWS\System32\win32u.dll
0x00007ffe31a40000 - 0x00007ffe31cdb000 	C:\WINDOWS\WinSxS\amd64_microsoft.windows.common-controls_6595b64144ccf1df_6.0.19041.6456_none_60b8a6cb71f64256\COMCTL32.dll
0x00007ffe4b030000 - 0x00007ffe4b05b000 	C:\WINDOWS\System32\GDI32.dll
0x00007ffe4a7e0000 - 0x00007ffe4a87e000 	C:\WINDOWS\System32\msvcrt.dll
0x00007ffe49b90000 - 0x00007ffe49ca9000 	C:\WINDOWS\System32\gdi32full.dll
0x00007ffe4a1b0000 - 0x00007ffe4a24d000 	C:\WINDOWS\System32\msvcp_win.dll
0x00007ffe4be00000 - 0x00007ffe4be2f000 	C:\WINDOWS\System32\IMM32.DLL
0x00007ffe41980000 - 0x00007ffe4198c000 	D:\Java Se-23\bin\vcruntime140_1.dll
0x00007ffe0d110000 - 0x00007ffe0d19e000 	D:\Java Se-23\bin\msvcp140.dll
0x00007ffdd29f0000 - 0x00007ffdd373f000 	D:\Java Se-23\bin\server\jvm.dll
0x00007ffe4aec0000 - 0x00007ffe4af71000 	C:\WINDOWS\System32\ADVAPI32.dll
0x00007ffe4b8f0000 - 0x00007ffe4b98f000 	C:\WINDOWS\System32\sechost.dll
0x00007ffe4acc0000 - 0x00007ffe4ade0000 	C:\WINDOWS\System32\RPCRT4.dll
0x00007ffe49b60000 - 0x00007ffe49b87000 	C:\WINDOWS\System32\bcrypt.dll
0x00007ffe4aab0000 - 0x00007ffe4ab1b000 	C:\WINDOWS\System32\WS2_32.dll
0x00007ffe48e50000 - 0x00007ffe48e9b000 	C:\WINDOWS\SYSTEM32\POWRPROF.dll
0x00007ffe41340000 - 0x00007ffe4134a000 	C:\WINDOWS\SYSTEM32\VERSION.dll
0x00007ffe33e80000 - 0x00007ffe33ea7000 	C:\WINDOWS\SYSTEM32\WINMM.dll
0x00007ffe48cc0000 - 0x00007ffe48cd2000 	C:\WINDOWS\SYSTEM32\UMPDC.dll
0x00007ffe480d0000 - 0x00007ffe480e2000 	C:\WINDOWS\SYSTEM32\kernel.appcore.dll
0x00007ffe41580000 - 0x00007ffe4158a000 	D:\Java Se-23\bin\jimage.dll
0x00007ffe473e0000 - 0x00007ffe475e1000 	C:\WINDOWS\SYSTEM32\DBGHELP.DLL
0x00007ffe335e0000 - 0x00007ffe33614000 	C:\WINDOWS\SYSTEM32\dbgcore.DLL
0x00007ffe49ad0000 - 0x00007ffe49b52000 	C:\WINDOWS\System32\bcryptPrimitives.dll
0x00007ffe3efb0000 - 0x00007ffe3efce000 	D:\Java Se-23\bin\java.dll
0x00007ffe4a880000 - 0x00007ffe4a9ab000 	C:\WINDOWS\System32\ole32.dll
0x00007ffe4be90000 - 0x00007ffe4c1e4000 	C:\WINDOWS\System32\combase.dll
0x00007ffe4b060000 - 0x00007ffe4b7d0000 	C:\WINDOWS\System32\SHELL32.dll
0x00007ffe47840000 - 0x00007ffe47fe5000 	C:\WINDOWS\SYSTEM32\windows.storage.dll
0x00007ffe492f0000 - 0x00007ffe4931b000 	C:\WINDOWS\SYSTEM32\Wldp.dll
0x00007ffe4a250000 - 0x00007ffe4a31d000 	C:\WINDOWS\System32\OLEAUT32.dll
0x00007ffe4b7d0000 - 0x00007ffe4b87d000 	C:\WINDOWS\System32\SHCORE.dll
0x00007ffe4aa50000 - 0x00007ffe4aaab000 	C:\WINDOWS\System32\shlwapi.dll
0x00007ffe497f0000 - 0x00007ffe49814000 	C:\WINDOWS\SYSTEM32\profapi.dll
0x00007ffdff530000 - 0x00007ffdff607000 	D:\Java Se-23\bin\jsvml.dll
0x00007ffe41560000 - 0x00007ffe41570000 	D:\Java Se-23\bin\net.dll
0x00007ffe49050000 - 0x00007ffe490ba000 	C:\WINDOWS\system32\mswsock.dll
0x00007ffe3ed30000 - 0x00007ffe3ed46000 	D:\Java Se-23\bin\nio.dll
0x00007ffe3e3e0000 - 0x00007ffe3e3f7000 	D:\Java Se-23\bin\zip.dll
0x00007ffdf2000000 - 0x00007ffdf218e000 	D:\Java Se-23\bin\awt.dll
0x00007ffe41270000 - 0x00007ffe41304000 	C:\WINDOWS\SYSTEM32\apphelp.dll
0x00007ffe46980000 - 0x00007ffe46a1e000 	C:\WINDOWS\system32\uxtheme.dll
0x00007ffe4ab20000 - 0x00007ffe4ac35000 	C:\WINDOWS\System32\MSCTF.dll
0x00007ffe46f90000 - 0x00007ffe46fbe000 	C:\WINDOWS\system32\DWMAPI.DLL
0x00007ffe311f0000 - 0x00007ffe31318000 	C:\WINDOWS\system32\opengl32.dll
0x00007ffe3eb00000 - 0x00007ffe3eb2c000 	C:\WINDOWS\SYSTEM32\GLU32.dll
0x00007ffe04460000 - 0x00007ffe044e7000 	D:\Java Se-23\bin\freetype.dll
0x00007ffdfebb0000 - 0x00007ffdfec87000 	D:\Java Se-23\bin\fontmanager.dll
0x00007ffe4af80000 - 0x00007ffe4b029000 	C:\WINDOWS\System32\clbcatq.dll
0x00007ffe46130000 - 0x00007ffe462e6000 	C:\WINDOWS\SYSTEM32\WindowsCodecs.dll
0x00007ffe3e270000 - 0x00007ffe3e2ae000 	C:\WINDOWS\system32\dataexchange.dll
0x00007ffe40500000 - 0x00007ffe406e4000 	C:\WINDOWS\system32\dcomp.dll
0x00007ffe3f850000 - 0x00007ffe3fab4000 	C:\WINDOWS\system32\d3d11.dll
0x00007ffe48140000 - 0x00007ffe48236000 	C:\WINDOWS\system32\dxgi.dll
0x00007ffe3e7a0000 - 0x00007ffe3e9a3000 	C:\WINDOWS\system32\twinapi.appcore.dll
0x00007ffe48d30000 - 0x00007ffe48dfa000 	C:\WINDOWS\SYSTEM32\DNSAPI.dll
0x00007ffe48ce0000 - 0x00007ffe48d1b000 	C:\WINDOWS\SYSTEM32\IPHLPAPI.DLL
0x00007ffe4a7d0000 - 0x00007ffe4a7d8000 	C:\WINDOWS\System32\NSI.dll
0x00007ffe3e380000 - 0x00007ffe3e38a000 	C:\Windows\System32\rasadhlp.dll
0x00007ffe3d7e0000 - 0x00007ffe3d860000 	C:\WINDOWS\System32\fwpuclnt.dll
0x00007ffe40f40000 - 0x00007ffe40f49000 	D:\Java Se-23\bin\extnet.dll
0x00007ffe49240000 - 0x00007ffe49258000 	C:\WINDOWS\SYSTEM32\CRYPTSP.dll
0x00007ffe48900000 - 0x00007ffe48938000 	C:\WINDOWS\system32\rsaenh.dll
0x00007ffe49770000 - 0x00007ffe4979e000 	C:\WINDOWS\SYSTEM32\USERENV.dll
0x00007ffe49260000 - 0x00007ffe4926c000 	C:\WINDOWS\SYSTEM32\CRYPTBASE.dll
0x00007ffe35a30000 - 0x00007ffe35a3e000 	D:\Java Se-23\bin\sunmscapi.dll
0x00007ffe498c0000 - 0x00007ffe49a1d000 	C:\WINDOWS\System32\CRYPT32.dll
0x00007ffe49360000 - 0x00007ffe49387000 	C:\WINDOWS\SYSTEM32\ncrypt.dll
0x00007ffe49320000 - 0x00007ffe4935b000 	C:\WINDOWS\SYSTEM32\NTASN1.dll

dbghelp: loaded successfully - version: 4.0.5 - missing functions: none
symbol engine: initialized successfully - sym options: 0x614 - pdb path: .;D:\Java Se-23\bin;C:\WINDOWS\SYSTEM32;C:\WINDOWS\WinSxS\amd64_microsoft.windows.common-controls_6595b64144ccf1df_6.0.19041.6456_none_60b8a6cb71f64256;D:\Java Se-23\bin\server

VM Arguments:
jvm_args: -Dfile.encoding=UTF-8 --module-path=E:\Aulas - 2025\Cedup\Tumras\Segundo\Aplicativos\LojaCartucho\build\classes 
java_command: lojacartucho.LojaCartucho
java_class_path (initial): E:\Aulas - 2025\Cedup\Tumras\Segundo\Aplicativos\LojaCartucho\mysql-connector-j-9.4.0\mysql-connector-j-9.4.0.jar;E:\Aulas - 2025\Cedup\Tumras\Segundo\Aplicativos\LojaCartucho\rs2xml.jar;E:\Aulas -Material\Java\Jcalendar\jcalendar-1.4.jar;E:\Aulas - 2025\Cedup\Tumras\Segundo\Aplicativos\LojaCartucho\build\classes
Launcher Type: SUN_STANDARD

[Global flags]
     intx CICompilerCount                          = 4                                         {product} {ergonomic}
     uint ConcGCThreads                            = 2                                         {product} {ergonomic}
     uint G1ConcRefinementThreads                  = 8                                         {product} {ergonomic}
   size_t G1HeapRegionSize                         = 2097152                                   {product} {ergonomic}
   size_t InitialHeapSize                          = 266338304                                 {product} {ergonomic}
   size_t MarkStackSize                            = 4194304                                   {product} {ergonomic}
   size_t MarkStackSizeMax                         = 536870912                                 {product} {ergonomic}
   size_t MaxHeapSize                              = 4244635648                                {product} {ergonomic}
   size_t MaxNewSize                               = 2545942528                                {product} {ergonomic}
   size_t MinHeapDeltaBytes                        = 2097152                                   {product} {ergonomic}
   size_t MinHeapSize                              = 8388608                                   {product} {ergonomic}
    uintx NonNMethodCodeHeapSize                   = 5832704                                {pd product} {ergonomic}
    uintx NonProfiledCodeHeapSize                  = 122945536                              {pd product} {ergonomic}
    uintx ProfiledCodeHeapSize                     = 122880000                              {pd product} {ergonomic}
    uintx ReservedCodeCacheSize                    = 251658240                              {pd product} {ergonomic}
     bool SegmentedCodeCache                       = true                                      {product} {ergonomic}
   size_t SoftMaxHeapSize                          = 4244635648                             {manageable} {ergonomic}
     bool UseCompressedOops                        = true                           {product lp64_product} {ergonomic}
     bool UseG1GC                                  = true                                      {product} {ergonomic}
     bool UseLargePagesIndividualAllocation        = false                                  {pd product} {ergonomic}

Logging:
Log output configuration:
 #0: stdout all=warning uptime,level,tags foldmultilines=false
 #1: stderr all=off uptime,level,tags foldmultilines=false

Environment Variables:
PATH=C:\Program Files\Common Files\Oracle\Java\javapath;C:\Program Files (x86)\Common Files\Oracle\Java\java8path;C:\Program Files (x86)\Common Files\Oracle\Java\javapath;C:\Program Files (x86)\Borland\Delphi7\Bin;C:\Program Files (x86)\Borland\Delphi7\Projects\Bpl\;C:\Windows\system32;C:\Windows;C:\Windows\System32\Wbem;C:\Windows\System32\WindowsPowerShell\v1.0\;C:\Windows\System32\OpenSSH\;C:\Program Files (x86)\NVIDIA Corporation\PhysX\Common;C:\Program Files\NVIDIA Corporation\NVIDIA NvDLISR;C:\WINDOWS\system32;C:\WINDOWS;C:\WINDOWS\System32\Wbem;C:\WINDOWS\System32\WindowsPowerShell\v1.0\;C:\WINDOWS\System32\OpenSSH\;C:\Program Files\dotnet\;D:\Node\;C:\Users\beto_\AppData\Local\Microsoft\WindowsApps;C:\Arquivos de programas\Borland\Delphi7\Projects\Bpl;C:\Program Files (x86)\Developer Express Inc;C:\Users\beto_\AppData\Roaming\npm;D:\VsCode\Microsoft VS Code\bin
USERNAME=beto_
OS=Windows_NT
PROCESSOR_IDENTIFIER=Intel64 Family 6 Model 142 Stepping 12, GenuineIntel
TMP=C:\Users\beto_\AppData\Local\Temp
TEMP=C:\Users\beto_\AppData\Local\Temp




Periodic native trim disabled

---------------  S Y S T E M  ---------------

OS:
 Windows 10 , 64 bit Build 19041 (10.0.19041.5915)
OS uptime: 10 days 21:43 hours

CPU: total 8 (initial active 8) (4 cores per cpu, 2 threads per core) family 6 model 142 stepping 12 microcode 0xf0, cx8, cmov, fxsr, ht, mmx, 3dnowpref, sse, sse2, sse3, ssse3, sse4.1, sse4.2, popcnt, lzcnt, tsc, tscinvbit, avx, avx2, aes, erms, clmul, bmi1, bmi2, adx, fma, vzeroupper, clflush, clflushopt, rdtscp, f16c
Processor Information for the first 8 processors :
  Max Mhz: 1992, Current Mhz: 1792, Mhz Limit: 1792

Memory: 4k page, system-wide physical 16190M (3122M free)
TotalPageFile size 29391M (AvailPageFile size 4M)
current process WorkingSet (physical memory assigned to process): 91M, peak: 91M
current process commit charge ("private bytes"): 370M, peak: 370M

vm_info: Java HotSpot(TM) 64-Bit Server VM (23.0.1+11-39) for windows-amd64 JRE (23.0.1+11-39), built on 2024-09-30T07:20:43Z with MS VC++ 17.6 (VS2022)

END.
