#
# There is insufficient memory for the Java Runtime Environment to continue.
# Native memory allocation (mmap) failed to map 65536 bytes. Error detail: Failed to commit metaspace.
# Possible reasons:
#   The system is out of physical RAM or swap space
#   This process is running with CompressedOops enabled, and the Java Heap may be blocking the growth of the native heap
# Possible solutions:
#   Reduce memory load on the system
#   Increase physical memory or swap space
#   Check if swap backing store is full
#   Decrease Java heap size (-Xmx/-Xms)
#   Decrease number of Java threads
#   Decrease Java thread stack sizes (-Xss)
#   Set larger code cache with -XX:ReservedCodeCacheSize=
#   JVM is running with Zero Based Compressed Oops mode in which the Java heap is
#     placed in the first 32GB address space. The Java Heap base address is the
#     maximum limit for the native heap growth. Please use -XX:HeapBaseMinAddress
#     to set the Java Heap base and to place the Java Heap above 32GB virtual address.
# This output file may be truncated or incomplete.
#
#  Out of Memory Error (virtualSpaceNode.cpp:113), pid=20876, tid=18024
#
# JRE version: Java(TM) SE Runtime Environment (23.0.1+11) (build 23.0.1+11-39)
# Java VM: Java HotSpot(TM) 64-Bit Server VM (23.0.1+11-39, mixed mode, sharing, tiered, compressed oops, compressed class ptrs, g1 gc, windows-amd64)
# No core dump will be written. Minidumps are not enabled by default on client versions of Windows
#

---------------  S U M M A R Y ------------

Command Line: -Dfile.encoding=UTF-8 --module-path=E:\Aulas - 2025\Cedup\Tumras\Segundo\Aplicativos\LojaCartucho\build\classes lojacartucho.LojaCartucho

Host: Intel(R) Core(TM) i7-8565U CPU @ 1.80GHz, 8 cores, 15G,  Windows 10 , 64 bit Build 19041 (10.0.19041.5915)
Time: Thu Nov  6 16:28:28 2025 Hora oficial do Brasil elapsed time: 0.175171 seconds (0d 0h 0m 0s)

---------------  T H R E A D  ---------------

Current thread (0x000001b13fb28030):  JavaThread "AWT-EventQueue-0"        [_thread_in_vm, id=18024, stack(0x000000ab05700000,0x000000ab05800000) (1024K)]

Stack: [0x000000ab05700000,0x000000ab05800000]
Native frames: (J=compiled Java code, j=interpreted, Vv=VM code, C=native code)
V  [jvm.dll+0x6e08b9]  (no source info available)
V  [jvm.dll+0x87dc83]  (no source info available)
V  [jvm.dll+0x88010e]  (no source info available)
V  [jvm.dll+0x8807e3]  (no source info available)
V  [jvm.dll+0x27aee6]  (no source info available)
V  [jvm.dll+0x87988e]  (no source info available)
V  [jvm.dll+0x682035]  (no source info available)
V  [jvm.dll+0x68209a]  (no source info available)
V  [jvm.dll+0x6848da]  (no source info available)
V  [jvm.dll+0x2219dc]  (no source info available)
V  [jvm.dll+0x682a4e]  (no source info available)
V  [jvm.dll+0x68ce28]  (no source info available)
V  [jvm.dll+0x211fe1]  (no source info available)
V  [jvm.dll+0x21244a]  (no source info available)
V  [jvm.dll+0x212e71]  (no source info available)
V  [jvm.dll+0x20811e]  (no source info available)
V  [jvm.dll+0x5be6df]  (no source info available)
V  [jvm.dll+0x219b2b]  (no source info available)
V  [jvm.dll+0x7f3130]  (no source info available)
V  [jvm.dll+0x7f41d6]  (no source info available)
V  [jvm.dll+0x7f47e4]  (no source info available)
V  [jvm.dll+0x7f4468]  (no source info available)
V  [jvm.dll+0x2689cb]  (no source info available)
V  [jvm.dll+0x268bf6]  (no source info available)
V  [jvm.dll+0x5e1da1]  (no source info available)
V  [jvm.dll+0x5e43f4]  (no source info available)
V  [jvm.dll+0x3d573a]  (no source info available)
V  [jvm.dll+0x3d51c0]  (no source info available)
C  0x000001b12fff7d11  (no source info available)

The last pc belongs to getstatic (printed below).
Java frames: (J=compiled Java code, j=interpreted, Vv=VM code)
j  javax.swing.UIManager.initialize()V+20 java.desktop@23.0.1
j  javax.swing.UIManager.maybeInitialize()V+22 java.desktop@23.0.1
j  javax.swing.UIManager.getUI(Ljavax/swing/JComponent;)Ljavax/swing/plaf/ComponentUI;+0 java.desktop@23.0.1
j  javax.swing.JPanel.updateUI()V+2 java.desktop@23.0.1
j  javax.swing.JPanel.<init>(Ljava/awt/LayoutManager;Z)V+24 java.desktop@23.0.1
j  javax.swing.JPanel.<init>(Z)V+9 java.desktop@23.0.1
j  javax.swing.JPanel.<init>()V+2 java.desktop@23.0.1
j  javax.swing.JRootPane.createGlassPane()Ljava/awt/Component;+4 java.desktop@23.0.1
j  javax.swing.JRootPane.<init>()V+11 java.desktop@23.0.1
j  javax.swing.JFrame.createRootPane()Ljavax/swing/JRootPane;+4 java.desktop@23.0.1
j  javax.swing.JFrame.frameInit()V+16 java.desktop@23.0.1
j  javax.swing.JFrame.<init>()V+20 java.desktop@23.0.1
j  Telas.Tela_Login.<init>()V+1
j  lojacartucho.LojaCartucho.lambda$main$0()V+4
j  lojacartucho.LojaCartucho$$Lambda+0x000001b141001000.run()V+0
j  java.awt.event.InvocationEvent.dispatch()V+47 java.desktop@23.0.1
j  java.awt.EventQueue.dispatchEventImpl(Ljava/awt/AWTEvent;Ljava/lang/Object;)V+21 java.desktop@23.0.1
j  java.awt.EventQueue$4.run()Ljava/lang/Void;+32 java.desktop@23.0.1
j  java.awt.EventQueue$4.run()Ljava/lang/Object;+1 java.desktop@23.0.1
j  java.security.AccessController.executePrivileged(Ljava/security/PrivilegedAction;Ljava/security/AccessControlContext;Ljava/lang/Class;)Ljava/lang/Object;+29 java.base@23.0.1
j  java.security.AccessController.doPrivileged(Ljava/security/PrivilegedAction;Ljava/security/AccessControlContext;)Ljava/lang/Object;+13 java.base@23.0.1
j  java.security.ProtectionDomain$JavaSecurityAccessImpl.doIntersectionPrivilege(Ljava/security/PrivilegedAction;Ljava/security/AccessControlContext;Ljava/security/AccessControlContext;)Ljava/lang/Object;+18 java.base@23.0.1
j  java.awt.EventQueue.dispatchEvent(Ljava/awt/AWTEvent;)V+46 java.desktop@23.0.1
j  java.awt.EventDispatchThread.pumpOneEventForFilters(I)V+81 java.desktop@23.0.1
j  java.awt.EventDispatchThread.pumpEventsForFilter(ILjava/awt/Conditional;Ljava/awt/EventFilter;)V+35 java.desktop@23.0.1
j  java.awt.EventDispatchThread.pumpEventsForHierarchy(ILjava/awt/Conditional;Ljava/awt/Component;)V+11 java.desktop@23.0.1
j  java.awt.EventDispatchThread.pumpEvents(ILjava/awt/Conditional;)V+4 java.desktop@23.0.1
j  java.awt.EventDispatchThread.pumpEvents(Ljava/awt/Conditional;)V+3 java.desktop@23.0.1
j  java.awt.EventDispatchThread.run()V+9 java.desktop@23.0.1
v  ~StubRoutines::call_stub 0x000001b12ffe0fcd
Lock stack of current Java thread (top to bottom):
LockStack[0]: java.lang.Object 
{0x000000071289ce50} - klass: 'java/lang/Object'
 - ---- fields (total size 2 words):

getstatic  178 getstatic  [0x000001b12fff7c60, 0x000001b12fff7e60]  512 bytes
[MachCode]
  0x000001b12fff7c60: 4883 ec08 | c5fa 1104 | 24eb 1f48 | 83ec 10c5 | fb11 0424 | eb14 4883 | ec10 4889 | 0424 48c7 
  0x000001b12fff7c80: 4424 0800 | 0000 00eb | 0150 488b | 4dd0 410f | b755 0148 | 8b49 286b | d218 488d | 4c11 080f 
  0x000001b12fff7ca0: b659 1281 | fbb2 0000 | 000f 84bd | 0000 00bb | b200 0000 | e805 0000 | 00e9 9900 | 0000 488b 
  0x000001b12fff7cc0: d348 8d44 | 2408 4c89 | 6dc0 498b | cfc5 f877 | 4989 afb0 | 0300 0049 | 8987 a003 | 0000 4883 
  0x000001b12fff7ce0: ec20 40f6 | c40f 0f84 | 1900 0000 | 4883 ec08 | 48b8 6051 | 2d0f f97f | 0000 ffd0 | 4883 c408 
  0x000001b12fff7d00: e90c 0000 | 0048 b860 | 512d 0ff9 | 7f00 00ff | d048 83c4 | 2049 c787 | a003 0000 | 0000 0000 
  0x000001b12fff7d20: 49c7 87b0 | 0300 0000 | 0000 0049 | c787 a803 | 0000 0000 | 0000 c5f8 | 7749 837f | 0800 0f84 
  0x000001b12fff7d40: 0500 0000 | e977 91fe | ff4c 8b6d | c04c 8b75 | c84e 8d74 | f500 c348 | 8b4d d041 | 0fb7 5501 
  0x000001b12fff7d60: 488b 4928 | 6bd2 1848 | 8d4c 1108 | 8b59 080f | b651 110f | b641 104c | 8b09 4d8b | 4970 4d8b 
  0x000001b12fff7d80: 0985 c00f | 850b 0000 | 0041 0fbe | 0419 50e9 | b500 0000 | 83f8 010f | 850b 0000 | 0041 0fb6 
  0x000001b12fff7da0: 0419 50e9 | a100 0000 | 83f8 080f | 850e 0000 | 0041 8b04 | 1948 c1e0 | 0350 e98a | 0000 0083 
  0x000001b12fff7dc0: f804 0f85 | 0a00 0000 | 418b 0419 | 50e9 7700 | 0000 83f8 | 020f 850b | 0000 0041 | 0fb7 0419 
  0x000001b12fff7de0: 50e9 6300 | 0000 83f8 | 030f 850b | 0000 0041 | 0fbf 0419 | 50e9 4f00 | 0000 83f8 | 050f 851a 
  0x000001b12fff7e00: 0000 0049 | 8b04 1948 | 83ec 1048 | 8904 2448 | c744 2408 | 0000 0000 | e92c 0000 | 0083 f806 
  0x000001b12fff7e20: 0f85 1400 | 0000 c4c1 | 7a10 0419 | 4883 ec08 | c5fa 1104 | 24e9 0f00 | 0000 c4c1 | 7b10 0419 
  0x000001b12fff7e40: 4883 ec10 | c5fb 1104 | 2441 0fb6 | 5d03 4983 | c503 49ba | 507e b80f | f97f 0000 | 41ff 24da 
[/MachCode]

---------------  P R O C E S S  ---------------

Threads class SMR info:
_java_thread_list=0x000001b13fb0bff0, length=16, elements={
0x000001b13f735150, 0x000001b13f736070, 0x000001b13f7380c0, 0x000001b13f73ab30,
0x000001b13f73b590, 0x000001b13f73bff0, 0x000001b13f74a2a0, 0x000001b13f76e990,
0x000001b13f85ef40, 0x000001b13f9a43c0, 0x000001b13f9cbd60, 0x000001b13fae12a0,
0x000001b13fae9bc0, 0x000001b13faead70, 0x000001b13fb28030, 0x000001b11e01e3d0
}

Java Threads: ( => current thread )
  0x000001b13f735150 JavaThread "Reference Handler"          daemon [_thread_blocked, id=24980, stack(0x000000ab04900000,0x000000ab04a00000) (1024K)]
  0x000001b13f736070 JavaThread "Finalizer"                  daemon [_thread_blocked, id=17996, stack(0x000000ab04a00000,0x000000ab04b00000) (1024K)]
  0x000001b13f7380c0 JavaThread "Signal Dispatcher"          daemon [_thread_blocked, id=2816, stack(0x000000ab04b00000,0x000000ab04c00000) (1024K)]
  0x000001b13f73ab30 JavaThread "Attach Listener"            daemon [_thread_blocked, id=26344, stack(0x000000ab04c00000,0x000000ab04d00000) (1024K)]
  0x000001b13f73b590 JavaThread "Service Thread"             daemon [_thread_blocked, id=20012, stack(0x000000ab04d00000,0x000000ab04e00000) (1024K)]
  0x000001b13f73bff0 JavaThread "Monitor Deflation Thread"   daemon [_thread_blocked, id=19432, stack(0x000000ab04e00000,0x000000ab04f00000) (1024K)]
  0x000001b13f74a2a0 JavaThread "C2 CompilerThread0"         daemon [_thread_blocked, id=20680, stack(0x000000ab04f00000,0x000000ab05000000) (1024K)]
  0x000001b13f76e990 JavaThread "C1 CompilerThread0"         daemon [_thread_blocked, id=17564, stack(0x000000ab05000000,0x000000ab05100000) (1024K)]
  0x000001b13f85ef40 JavaThread "Common-Cleaner"             daemon [_thread_blocked, id=3344, stack(0x000000ab05100000,0x000000ab05200000) (1024K)]
  0x000001b13f9a43c0 JavaThread "Notification Thread"        daemon [_thread_blocked, id=11776, stack(0x000000ab05200000,0x000000ab05300000) (1024K)]
  0x000001b13f9cbd60 JavaThread "C2 CompilerThread1"         daemon [_thread_blocked, id=7796, stack(0x000000ab05300000,0x000000ab05400000) (1024K)]
  0x000001b13fae12a0 JavaThread "Java2D Disposer"            daemon [_thread_blocked, id=24760, stack(0x000000ab05400000,0x000000ab05500000) (1024K)]
  0x000001b13fae9bc0 JavaThread "AWT-Shutdown"                      [_thread_blocked, id=27340, stack(0x000000ab05500000,0x000000ab05600000) (1024K)]
  0x000001b13faead70 JavaThread "AWT-Windows"                daemon [_thread_in_native, id=22068, stack(0x000000ab05600000,0x000000ab05700000) (1024K)]
=>0x000001b13fb28030 JavaThread "AWT-EventQueue-0"                  [_thread_in_vm, id=18024, stack(0x000000ab05700000,0x000000ab05800000) (1024K)]
  0x000001b11e01e3d0 JavaThread "DestroyJavaVM"                     [_thread_blocked, id=26268, stack(0x000000ab04100000,0x000000ab04200000) (1024K)]
Total: 16

Other Threads:
  0x000001b13f71a0e0 VMThread "VM Thread"                           [id=18212, stack(0x000000ab04800000,0x000000ab04900000) (1024K)]
  0x000001b13f707c40 WatcherThread "VM Periodic Task Thread"        [id=25636, stack(0x000000ab04700000,0x000000ab04800000) (1024K)]
  0x000001b1203d4260 WorkerThread "GC Thread#0"                     [id=16528, stack(0x000000ab04200000,0x000000ab04300000) (1024K)]
  0x000001b1203ea4b0 ConcurrentGCThread "G1 Main Marker"            [id=26652, stack(0x000000ab04300000,0x000000ab04400000) (1024K)]
  0x000001b1203eb770 WorkerThread "G1 Conc#0"                       [id=14200, stack(0x000000ab04400000,0x000000ab04500000) (1024K)]
  0x000001b13f5d89b0 ConcurrentGCThread "G1 Refine#0"               [id=26172, stack(0x000000ab04500000,0x000000ab04600000) (1024K)]
  0x000001b13f5db540 ConcurrentGCThread "G1 Service"                [id=17920, stack(0x000000ab04600000,0x000000ab04700000) (1024K)]
Total: 7

Threads with active compile tasks:
Total: 0

VM state: not at safepoint (normal execution)

VM Mutex/Monitor currently owned by a thread:  ([mutex/lock_event])
[0x00007ff90fb71890] Metaspace_lock - owner thread: 0x000001b13fb28030

Heap address: 0x0000000703000000, size: 4048 MB, Compressed Oops mode: Zero based, Oop shift amount: 3

CDS archive(s) mapped at: [0x000001b140000000-0x000001b140d70000-0x000001b140d70000), size 14090240, SharedBaseAddress: 0x000001b140000000, ArchiveRelocationMode: 1.
Compressed class space mapped at: 0x000001b141000000-0x000001b181000000, reserved size: 1073741824
Narrow klass base: 0x000001b140000000, Narrow klass shift: 0, Narrow klass range: 0x41000000

GC Precious Log:
 CardTable entry size: 512
 Card Set container configuration: InlinePtr #cards 4 size 8 Array Of Cards #cards 16 size 48 Howl #buckets 8 coarsen threshold 3686 Howl Bitmap #cards 512 size 80 coarsen threshold 460 Card regions per heap region 1 cards per card region 4096
 CPUs: 8 total, 8 available
 Memory: 16190M
 Large Page Support: Disabled
 NUMA Support: Disabled
 Compressed Oops: Enabled (Zero based)
 Heap Region Size: 2M
 Heap Min Capacity: 8M
 Heap Initial Capacity: 254M
 Heap Max Capacity: 4048M
 Pre-touch: Disabled
 Parallel Workers: 8
 Concurrent Workers: 2
 Concurrent Refinement Workers: 8
 Periodic GC: Disabled

Heap:
 garbage-first heap   total reserved 4145152K, committed 260096K, used 6144K [0x0000000703000000, 0x0000000800000000)
  region size 2048K, 4 young (8192K), 0 survivors (0K)
 Metaspace       used 4113K, committed 4224K, reserved 1114112K
  class space    used 455K, committed 512K, reserved 1048576K

Heap Regions: E=young(eden), S=young(survivor), O=old, HS=humongous(starts), HC=humongous(continues), CS=collection set, F=free, TAMS=top-at-mark-start, PB=parsable bottom
|   0|0x0000000703000000, 0x0000000703000000, 0x0000000703200000|  0%| F|  |TAMS 0x0000000703000000| PB 0x0000000703000000| Untracked |  0
|   1|0x0000000703200000, 0x0000000703200000, 0x0000000703400000|  0%| F|  |TAMS 0x0000000703200000| PB 0x0000000703200000| Untracked |  0
|   2|0x0000000703400000, 0x0000000703400000, 0x0000000703600000|  0%| F|  |TAMS 0x0000000703400000| PB 0x0000000703400000| Untracked |  0
|   3|0x0000000703600000, 0x0000000703600000, 0x0000000703800000|  0%| F|  |TAMS 0x0000000703600000| PB 0x0000000703600000| Untracked |  0
|   4|0x0000000703800000, 0x0000000703800000, 0x0000000703a00000|  0%| F|  |TAMS 0x0000000703800000| PB 0x0000000703800000| Untracked |  0
|   5|0x0000000703a00000, 0x0000000703a00000, 0x0000000703c00000|  0%| F|  |TAMS 0x0000000703a00000| PB 0x0000000703a00000| Untracked |  0
|   6|0x0000000703c00000, 0x0000000703c00000, 0x0000000703e00000|  0%| F|  |TAMS 0x0000000703c00000| PB 0x0000000703c00000| Untracked |  0
|   7|0x0000000703e00000, 0x0000000703e00000, 0x0000000704000000|  0%| F|  |TAMS 0x0000000703e00000| PB 0x0000000703e00000| Untracked |  0
|   8|0x0000000704000000, 0x0000000704000000, 0x0000000704200000|  0%| F|  |TAMS 0x0000000704000000| PB 0x0000000704000000| Untracked |  0
|   9|0x0000000704200000, 0x0000000704200000, 0x0000000704400000|  0%| F|  |TAMS 0x0000000704200000| PB 0x0000000704200000| Untracked |  0
|  10|0x0000000704400000, 0x0000000704400000, 0x0000000704600000|  0%| F|  |TAMS 0x0000000704400000| PB 0x0000000704400000| Untracked |  0
|  11|0x0000000704600000, 0x0000000704600000, 0x0000000704800000|  0%| F|  |TAMS 0x0000000704600000| PB 0x0000000704600000| Untracked |  0
|  12|0x0000000704800000, 0x0000000704800000, 0x0000000704a00000|  0%| F|  |TAMS 0x0000000704800000| PB 0x0000000704800000| Untracked |  0
|  13|0x0000000704a00000, 0x0000000704a00000, 0x0000000704c00000|  0%| F|  |TAMS 0x0000000704a00000| PB 0x0000000704a00000| Untracked |  0
|  14|0x0000000704c00000, 0x0000000704c00000, 0x0000000704e00000|  0%| F|  |TAMS 0x0000000704c00000| PB 0x0000000704c00000| Untracked |  0
|  15|0x0000000704e00000, 0x0000000704e00000, 0x0000000705000000|  0%| F|  |TAMS 0x0000000704e00000| PB 0x0000000704e00000| Untracked |  0
|  16|0x0000000705000000, 0x0000000705000000, 0x0000000705200000|  0%| F|  |TAMS 0x0000000705000000| PB 0x0000000705000000| Untracked |  0
|  17|0x0000000705200000, 0x0000000705200000, 0x0000000705400000|  0%| F|  |TAMS 0x0000000705200000| PB 0x0000000705200000| Untracked |  0
|  18|0x0000000705400000, 0x0000000705400000, 0x0000000705600000|  0%| F|  |TAMS 0x0000000705400000| PB 0x0000000705400000| Untracked |  0
|  19|0x0000000705600000, 0x0000000705600000, 0x0000000705800000|  0%| F|  |TAMS 0x0000000705600000| PB 0x0000000705600000| Untracked |  0
|  20|0x0000000705800000, 0x0000000705800000, 0x0000000705a00000|  0%| F|  |TAMS 0x0000000705800000| PB 0x0000000705800000| Untracked |  0
|  21|0x0000000705a00000, 0x0000000705a00000, 0x0000000705c00000|  0%| F|  |TAMS 0x0000000705a00000| PB 0x0000000705a00000| Untracked |  0
|  22|0x0000000705c00000, 0x0000000705c00000, 0x0000000705e00000|  0%| F|  |TAMS 0x0000000705c00000| PB 0x0000000705c00000| Untracked |  0
|  23|0x0000000705e00000, 0x0000000705e00000, 0x0000000706000000|  0%| F|  |TAMS 0x0000000705e00000| PB 0x0000000705e00000| Untracked |  0
|  24|0x0000000706000000, 0x0000000706000000, 0x0000000706200000|  0%| F|  |TAMS 0x0000000706000000| PB 0x0000000706000000| Untracked |  0
|  25|0x0000000706200000, 0x0000000706200000, 0x0000000706400000|  0%| F|  |TAMS 0x0000000706200000| PB 0x0000000706200000| Untracked |  0
|  26|0x0000000706400000, 0x0000000706400000, 0x0000000706600000|  0%| F|  |TAMS 0x0000000706400000| PB 0x0000000706400000| Untracked |  0
|  27|0x0000000706600000, 0x0000000706600000, 0x0000000706800000|  0%| F|  |TAMS 0x0000000706600000| PB 0x0000000706600000| Untracked |  0
|  28|0x0000000706800000, 0x0000000706800000, 0x0000000706a00000|  0%| F|  |TAMS 0x0000000706800000| PB 0x0000000706800000| Untracked |  0
|  29|0x0000000706a00000, 0x0000000706a00000, 0x0000000706c00000|  0%| F|  |TAMS 0x0000000706a00000| PB 0x0000000706a00000| Untracked |  0
|  30|0x0000000706c00000, 0x0000000706c00000, 0x0000000706e00000|  0%| F|  |TAMS 0x0000000706c00000| PB 0x0000000706c00000| Untracked |  0
|  31|0x0000000706e00000, 0x0000000706e00000, 0x0000000707000000|  0%| F|  |TAMS 0x0000000706e00000| PB 0x0000000706e00000| Untracked |  0
|  32|0x0000000707000000, 0x0000000707000000, 0x0000000707200000|  0%| F|  |TAMS 0x0000000707000000| PB 0x0000000707000000| Untracked |  0
|  33|0x0000000707200000, 0x0000000707200000, 0x0000000707400000|  0%| F|  |TAMS 0x0000000707200000| PB 0x0000000707200000| Untracked |  0
|  34|0x0000000707400000, 0x0000000707400000, 0x0000000707600000|  0%| F|  |TAMS 0x0000000707400000| PB 0x0000000707400000| Untracked |  0
|  35|0x0000000707600000, 0x0000000707600000, 0x0000000707800000|  0%| F|  |TAMS 0x0000000707600000| PB 0x0000000707600000| Untracked |  0
|  36|0x0000000707800000, 0x0000000707800000, 0x0000000707a00000|  0%| F|  |TAMS 0x0000000707800000| PB 0x0000000707800000| Untracked |  0
|  37|0x0000000707a00000, 0x0000000707a00000, 0x0000000707c00000|  0%| F|  |TAMS 0x0000000707a00000| PB 0x0000000707a00000| Untracked |  0
|  38|0x0000000707c00000, 0x0000000707c00000, 0x0000000707e00000|  0%| F|  |TAMS 0x0000000707c00000| PB 0x0000000707c00000| Untracked |  0
|  39|0x0000000707e00000, 0x0000000707e00000, 0x0000000708000000|  0%| F|  |TAMS 0x0000000707e00000| PB 0x0000000707e00000| Untracked |  0
|  40|0x0000000708000000, 0x0000000708000000, 0x0000000708200000|  0%| F|  |TAMS 0x0000000708000000| PB 0x0000000708000000| Untracked |  0
|  41|0x0000000708200000, 0x0000000708200000, 0x0000000708400000|  0%| F|  |TAMS 0x0000000708200000| PB 0x0000000708200000| Untracked |  0
|  42|0x0000000708400000, 0x0000000708400000, 0x0000000708600000|  0%| F|  |TAMS 0x0000000708400000| PB 0x0000000708400000| Untracked |  0
|  43|0x0000000708600000, 0x0000000708600000, 0x0000000708800000|  0%| F|  |TAMS 0x0000000708600000| PB 0x0000000708600000| Untracked |  0
|  44|0x0000000708800000, 0x0000000708800000, 0x0000000708a00000|  0%| F|  |TAMS 0x0000000708800000| PB 0x0000000708800000| Untracked |  0
|  45|0x0000000708a00000, 0x0000000708a00000, 0x0000000708c00000|  0%| F|  |TAMS 0x0000000708a00000| PB 0x0000000708a00000| Untracked |  0
|  46|0x0000000708c00000, 0x0000000708c00000, 0x0000000708e00000|  0%| F|  |TAMS 0x0000000708c00000| PB 0x0000000708c00000| Untracked |  0
|  47|0x0000000708e00000, 0x0000000708e00000, 0x0000000709000000|  0%| F|  |TAMS 0x0000000708e00000| PB 0x0000000708e00000| Untracked |  0
|  48|0x0000000709000000, 0x0000000709000000, 0x0000000709200000|  0%| F|  |TAMS 0x0000000709000000| PB 0x0000000709000000| Untracked |  0
|  49|0x0000000709200000, 0x0000000709200000, 0x0000000709400000|  0%| F|  |TAMS 0x0000000709200000| PB 0x0000000709200000| Untracked |  0
|  50|0x0000000709400000, 0x0000000709400000, 0x0000000709600000|  0%| F|  |TAMS 0x0000000709400000| PB 0x0000000709400000| Untracked |  0
|  51|0x0000000709600000, 0x0000000709600000, 0x0000000709800000|  0%| F|  |TAMS 0x0000000709600000| PB 0x0000000709600000| Untracked |  0
|  52|0x0000000709800000, 0x0000000709800000, 0x0000000709a00000|  0%| F|  |TAMS 0x0000000709800000| PB 0x0000000709800000| Untracked |  0
|  53|0x0000000709a00000, 0x0000000709a00000, 0x0000000709c00000|  0%| F|  |TAMS 0x0000000709a00000| PB 0x0000000709a00000| Untracked |  0
|  54|0x0000000709c00000, 0x0000000709c00000, 0x0000000709e00000|  0%| F|  |TAMS 0x0000000709c00000| PB 0x0000000709c00000| Untracked |  0
|  55|0x0000000709e00000, 0x0000000709e00000, 0x000000070a000000|  0%| F|  |TAMS 0x0000000709e00000| PB 0x0000000709e00000| Untracked |  0
|  56|0x000000070a000000, 0x000000070a000000, 0x000000070a200000|  0%| F|  |TAMS 0x000000070a000000| PB 0x000000070a000000| Untracked |  0
|  57|0x000000070a200000, 0x000000070a200000, 0x000000070a400000|  0%| F|  |TAMS 0x000000070a200000| PB 0x000000070a200000| Untracked |  0
|  58|0x000000070a400000, 0x000000070a400000, 0x000000070a600000|  0%| F|  |TAMS 0x000000070a400000| PB 0x000000070a400000| Untracked |  0
|  59|0x000000070a600000, 0x000000070a600000, 0x000000070a800000|  0%| F|  |TAMS 0x000000070a600000| PB 0x000000070a600000| Untracked |  0
|  60|0x000000070a800000, 0x000000070a800000, 0x000000070aa00000|  0%| F|  |TAMS 0x000000070a800000| PB 0x000000070a800000| Untracked |  0
|  61|0x000000070aa00000, 0x000000070aa00000, 0x000000070ac00000|  0%| F|  |TAMS 0x000000070aa00000| PB 0x000000070aa00000| Untracked |  0
|  62|0x000000070ac00000, 0x000000070ac00000, 0x000000070ae00000|  0%| F|  |TAMS 0x000000070ac00000| PB 0x000000070ac00000| Untracked |  0
|  63|0x000000070ae00000, 0x000000070ae00000, 0x000000070b000000|  0%| F|  |TAMS 0x000000070ae00000| PB 0x000000070ae00000| Untracked |  0
|  64|0x000000070b000000, 0x000000070b000000, 0x000000070b200000|  0%| F|  |TAMS 0x000000070b000000| PB 0x000000070b000000| Untracked |  0
|  65|0x000000070b200000, 0x000000070b200000, 0x000000070b400000|  0%| F|  |TAMS 0x000000070b200000| PB 0x000000070b200000| Untracked |  0
|  66|0x000000070b400000, 0x000000070b400000, 0x000000070b600000|  0%| F|  |TAMS 0x000000070b400000| PB 0x000000070b400000| Untracked |  0
|  67|0x000000070b600000, 0x000000070b600000, 0x000000070b800000|  0%| F|  |TAMS 0x000000070b600000| PB 0x000000070b600000| Untracked |  0
|  68|0x000000070b800000, 0x000000070b800000, 0x000000070ba00000|  0%| F|  |TAMS 0x000000070b800000| PB 0x000000070b800000| Untracked |  0
|  69|0x000000070ba00000, 0x000000070ba00000, 0x000000070bc00000|  0%| F|  |TAMS 0x000000070ba00000| PB 0x000000070ba00000| Untracked |  0
|  70|0x000000070bc00000, 0x000000070bc00000, 0x000000070be00000|  0%| F|  |TAMS 0x000000070bc00000| PB 0x000000070bc00000| Untracked |  0
|  71|0x000000070be00000, 0x000000070be00000, 0x000000070c000000|  0%| F|  |TAMS 0x000000070be00000| PB 0x000000070be00000| Untracked |  0
|  72|0x000000070c000000, 0x000000070c000000, 0x000000070c200000|  0%| F|  |TAMS 0x000000070c000000| PB 0x000000070c000000| Untracked |  0
|  73|0x000000070c200000, 0x000000070c200000, 0x000000070c400000|  0%| F|  |TAMS 0x000000070c200000| PB 0x000000070c200000| Untracked |  0
|  74|0x000000070c400000, 0x000000070c400000, 0x000000070c600000|  0%| F|  |TAMS 0x000000070c400000| PB 0x000000070c400000| Untracked |  0
|  75|0x000000070c600000, 0x000000070c600000, 0x000000070c800000|  0%| F|  |TAMS 0x000000070c600000| PB 0x000000070c600000| Untracked |  0
|  76|0x000000070c800000, 0x000000070c800000, 0x000000070ca00000|  0%| F|  |TAMS 0x000000070c800000| PB 0x000000070c800000| Untracked |  0
|  77|0x000000070ca00000, 0x000000070ca00000, 0x000000070cc00000|  0%| F|  |TAMS 0x000000070ca00000| PB 0x000000070ca00000| Untracked |  0
|  78|0x000000070cc00000, 0x000000070cc00000, 0x000000070ce00000|  0%| F|  |TAMS 0x000000070cc00000| PB 0x000000070cc00000| Untracked |  0
|  79|0x000000070ce00000, 0x000000070ce00000, 0x000000070d000000|  0%| F|  |TAMS 0x000000070ce00000| PB 0x000000070ce00000| Untracked |  0
|  80|0x000000070d000000, 0x000000070d000000, 0x000000070d200000|  0%| F|  |TAMS 0x000000070d000000| PB 0x000000070d000000| Untracked |  0
|  81|0x000000070d200000, 0x000000070d200000, 0x000000070d400000|  0%| F|  |TAMS 0x000000070d200000| PB 0x000000070d200000| Untracked |  0
|  82|0x000000070d400000, 0x000000070d400000, 0x000000070d600000|  0%| F|  |TAMS 0x000000070d400000| PB 0x000000070d400000| Untracked |  0
|  83|0x000000070d600000, 0x000000070d600000, 0x000000070d800000|  0%| F|  |TAMS 0x000000070d600000| PB 0x000000070d600000| Untracked |  0
|  84|0x000000070d800000, 0x000000070d800000, 0x000000070da00000|  0%| F|  |TAMS 0x000000070d800000| PB 0x000000070d800000| Untracked |  0
|  85|0x000000070da00000, 0x000000070da00000, 0x000000070dc00000|  0%| F|  |TAMS 0x000000070da00000| PB 0x000000070da00000| Untracked |  0
|  86|0x000000070dc00000, 0x000000070dc00000, 0x000000070de00000|  0%| F|  |TAMS 0x000000070dc00000| PB 0x000000070dc00000| Untracked |  0
|  87|0x000000070de00000, 0x000000070de00000, 0x000000070e000000|  0%| F|  |TAMS 0x000000070de00000| PB 0x000000070de00000| Untracked |  0
|  88|0x000000070e000000, 0x000000070e000000, 0x000000070e200000|  0%| F|  |TAMS 0x000000070e000000| PB 0x000000070e000000| Untracked |  0
|  89|0x000000070e200000, 0x000000070e200000, 0x000000070e400000|  0%| F|  |TAMS 0x000000070e200000| PB 0x000000070e200000| Untracked |  0
|  90|0x000000070e400000, 0x000000070e400000, 0x000000070e600000|  0%| F|  |TAMS 0x000000070e400000| PB 0x000000070e400000| Untracked |  0
|  91|0x000000070e600000, 0x000000070e600000, 0x000000070e800000|  0%| F|  |TAMS 0x000000070e600000| PB 0x000000070e600000| Untracked |  0
|  92|0x000000070e800000, 0x000000070e800000, 0x000000070ea00000|  0%| F|  |TAMS 0x000000070e800000| PB 0x000000070e800000| Untracked |  0
|  93|0x000000070ea00000, 0x000000070ea00000, 0x000000070ec00000|  0%| F|  |TAMS 0x000000070ea00000| PB 0x000000070ea00000| Untracked |  0
|  94|0x000000070ec00000, 0x000000070ec00000, 0x000000070ee00000|  0%| F|  |TAMS 0x000000070ec00000| PB 0x000000070ec00000| Untracked |  0
|  95|0x000000070ee00000, 0x000000070ee00000, 0x000000070f000000|  0%| F|  |TAMS 0x000000070ee00000| PB 0x000000070ee00000| Untracked |  0
|  96|0x000000070f000000, 0x000000070f000000, 0x000000070f200000|  0%| F|  |TAMS 0x000000070f000000| PB 0x000000070f000000| Untracked |  0
|  97|0x000000070f200000, 0x000000070f200000, 0x000000070f400000|  0%| F|  |TAMS 0x000000070f200000| PB 0x000000070f200000| Untracked |  0
|  98|0x000000070f400000, 0x000000070f400000, 0x000000070f600000|  0%| F|  |TAMS 0x000000070f400000| PB 0x000000070f400000| Untracked |  0
|  99|0x000000070f600000, 0x000000070f600000, 0x000000070f800000|  0%| F|  |TAMS 0x000000070f600000| PB 0x000000070f600000| Untracked |  0
| 100|0x000000070f800000, 0x000000070f800000, 0x000000070fa00000|  0%| F|  |TAMS 0x000000070f800000| PB 0x000000070f800000| Untracked |  0
| 101|0x000000070fa00000, 0x000000070fa00000, 0x000000070fc00000|  0%| F|  |TAMS 0x000000070fa00000| PB 0x000000070fa00000| Untracked |  0
| 102|0x000000070fc00000, 0x000000070fc00000, 0x000000070fe00000|  0%| F|  |TAMS 0x000000070fc00000| PB 0x000000070fc00000| Untracked |  0
| 103|0x000000070fe00000, 0x000000070fe00000, 0x0000000710000000|  0%| F|  |TAMS 0x000000070fe00000| PB 0x000000070fe00000| Untracked |  0
| 104|0x0000000710000000, 0x0000000710000000, 0x0000000710200000|  0%| F|  |TAMS 0x0000000710000000| PB 0x0000000710000000| Untracked |  0
| 105|0x0000000710200000, 0x0000000710200000, 0x0000000710400000|  0%| F|  |TAMS 0x0000000710200000| PB 0x0000000710200000| Untracked |  0
| 106|0x0000000710400000, 0x0000000710400000, 0x0000000710600000|  0%| F|  |TAMS 0x0000000710400000| PB 0x0000000710400000| Untracked |  0
| 107|0x0000000710600000, 0x0000000710600000, 0x0000000710800000|  0%| F|  |TAMS 0x0000000710600000| PB 0x0000000710600000| Untracked |  0
| 108|0x0000000710800000, 0x0000000710800000, 0x0000000710a00000|  0%| F|  |TAMS 0x0000000710800000| PB 0x0000000710800000| Untracked |  0
| 109|0x0000000710a00000, 0x0000000710a00000, 0x0000000710c00000|  0%| F|  |TAMS 0x0000000710a00000| PB 0x0000000710a00000| Untracked |  0
| 110|0x0000000710c00000, 0x0000000710c00000, 0x0000000710e00000|  0%| F|  |TAMS 0x0000000710c00000| PB 0x0000000710c00000| Untracked |  0
| 111|0x0000000710e00000, 0x0000000710e00000, 0x0000000711000000|  0%| F|  |TAMS 0x0000000710e00000| PB 0x0000000710e00000| Untracked |  0
| 112|0x0000000711000000, 0x0000000711000000, 0x0000000711200000|  0%| F|  |TAMS 0x0000000711000000| PB 0x0000000711000000| Untracked |  0
| 113|0x0000000711200000, 0x0000000711200000, 0x0000000711400000|  0%| F|  |TAMS 0x0000000711200000| PB 0x0000000711200000| Untracked |  0
| 114|0x0000000711400000, 0x0000000711400000, 0x0000000711600000|  0%| F|  |TAMS 0x0000000711400000| PB 0x0000000711400000| Untracked |  0
| 115|0x0000000711600000, 0x0000000711600000, 0x0000000711800000|  0%| F|  |TAMS 0x0000000711600000| PB 0x0000000711600000| Untracked |  0
| 116|0x0000000711800000, 0x0000000711800000, 0x0000000711a00000|  0%| F|  |TAMS 0x0000000711800000| PB 0x0000000711800000| Untracked |  0
| 117|0x0000000711a00000, 0x0000000711a00000, 0x0000000711c00000|  0%| F|  |TAMS 0x0000000711a00000| PB 0x0000000711a00000| Untracked |  0
| 118|0x0000000711c00000, 0x0000000711c00000, 0x0000000711e00000|  0%| F|  |TAMS 0x0000000711c00000| PB 0x0000000711c00000| Untracked |  0
| 119|0x0000000711e00000, 0x0000000711e00000, 0x0000000712000000|  0%| F|  |TAMS 0x0000000711e00000| PB 0x0000000711e00000| Untracked |  0
| 120|0x0000000712000000, 0x0000000712000000, 0x0000000712200000|  0%| F|  |TAMS 0x0000000712000000| PB 0x0000000712000000| Untracked |  0
| 121|0x0000000712200000, 0x0000000712200000, 0x0000000712400000|  0%| F|  |TAMS 0x0000000712200000| PB 0x0000000712200000| Untracked |  0
| 122|0x0000000712400000, 0x0000000712400000, 0x0000000712600000|  0%| F|  |TAMS 0x0000000712400000| PB 0x0000000712400000| Untracked |  0
| 123|0x0000000712600000, 0x000000071267b220, 0x0000000712800000| 24%| E|  |TAMS 0x0000000712600000| PB 0x0000000712600000| Complete |  0
| 124|0x0000000712800000, 0x0000000712a00000, 0x0000000712a00000|100%| E|CS|TAMS 0x0000000712800000| PB 0x0000000712800000| Complete |  0
| 125|0x0000000712a00000, 0x0000000712c00000, 0x0000000712c00000|100%| E|CS|TAMS 0x0000000712a00000| PB 0x0000000712a00000| Complete |  0
| 126|0x0000000712c00000, 0x0000000712e00000, 0x0000000712e00000|100%| E|CS|TAMS 0x0000000712c00000| PB 0x0000000712c00000| Complete |  0

Card table byte_map: [0x000001b1385d0000,0x000001b138dc0000] _byte_map_base: 0x000001b134db8000

Marking Bits: (CMBitMap*) 0x000001b1203d5d80
 Bits: [0x000001b138dc0000, 0x000001b13cd00000)

Polling page: 0x000001b11e380000

Metaspace:

Usage:
  Non-class:      3.57 MB used.
      Class:    455.25 KB used.
       Both:      4.02 MB used.

Virtual space:
  Non-class space:       64.00 MB reserved,       3.62 MB (  6%) committed,  1 nodes.
      Class space:        1.00 GB reserved,     512.00 KB ( <1%) committed,  1 nodes.
             Both:        1.06 GB reserved,       4.12 MB ( <1%) committed. 

Chunk freelists:
   Non-Class:  11.89 MB
       Class:  15.50 MB
        Both:  27.39 MB

MaxMetaspaceSize: unlimited
CompressedClassSpaceSize: 1.00 GB
Initial GC threshold: 21.00 MB
Current GC threshold: 21.00 MB
CDS: on
 - commit_granule_bytes: 65536.
 - commit_granule_words: 8192.
 - virtual_space_node_default_size: 8388608.
 - enlarge_chunks_in_place: 1.
 - use_allocation_guard: 0.


Internal statistics:

num_allocs_failed_limit: 0.
num_arena_births: 106.
num_arena_deaths: 0.
num_vsnodes_births: 2.
num_vsnodes_deaths: 0.
num_space_committed: 66.
num_space_uncommitted: 0.
num_chunks_returned_to_freelist: 0.
num_chunks_taken_from_freelist: 123.
num_chunk_merges: 0.
num_chunk_splits: 80.
num_chunks_enlarged: 37.
num_inconsistent_stats: 0.

CodeHeap 'non-profiled nmethods': size=120064Kb used=176Kb max_used=176Kb free=119887Kb
 bounds [0x000001b130570000, 0x000001b1307e0000, 0x000001b137ab0000]
CodeHeap 'profiled nmethods': size=120000Kb used=577Kb max_used=577Kb free=119422Kb
 bounds [0x000001b128ab0000, 0x000001b128d20000, 0x000001b12ffe0000]
CodeHeap 'non-nmethods': size=5696Kb used=1402Kb max_used=1415Kb free=4294Kb
 bounds [0x000001b12ffe0000, 0x000001b130250000, 0x000001b130570000]
CodeCache: size=245760Kb, used=2155Kb, max_used=2168Kb, free=243603Kb
 total_blobs=1072, nmethods=565, adapters=413, full_count=0
Compilation: enabled, stopped_count=0, restarted_count=0

Compilation events (20 events):
Event: 0.172 Thread 0x000001b13f76e990  555       3       jdk.internal.org.objectweb.asm.Attribute::putAttributes (78 bytes)
Event: 0.172 Thread 0x000001b13f76e990 nmethod 555 0x000001b128b3cb08 code [0x000001b128b3cce0, 0x000001b128b3d200]
Event: 0.172 Thread 0x000001b13f76e990  552       3       jdk.internal.org.objectweb.asm.SymbolTable::addTypeInternal (85 bytes)
Event: 0.172 Thread 0x000001b13f76e990 nmethod 552 0x000001b128b3d288 code [0x000001b128b3d3e0, 0x000001b128b3d9f0]
Event: 0.172 Thread 0x000001b13f76e990  559       3       java.lang.invoke.MethodType::changeReturnType (20 bytes)
Event: 0.172 Thread 0x000001b13f76e990 nmethod 559 0x000001b128b3da08 code [0x000001b128b3db40, 0x000001b128b3dd08]
Event: 0.172 Thread 0x000001b13f76e990  556       1       java.lang.invoke.DirectMethodHandle::isCrackable (5 bytes)
Event: 0.172 Thread 0x000001b13f76e990 nmethod 556 0x000001b13059c008 code [0x000001b13059c120, 0x000001b13059c1f0]
Event: 0.172 Thread 0x000001b13f76e990  560       3       java.lang.invoke.Invokers::checkExactType (17 bytes)
Event: 0.172 Thread 0x000001b13f76e990 nmethod 560 0x000001b128b3dd88 code [0x000001b128b3dec0, 0x000001b128b3e0b0]
Event: 0.172 Thread 0x000001b13f76e990  561       3       java.lang.invoke.Invokers::checkCustomized (23 bytes)
Event: 0.172 Thread 0x000001b13f76e990 nmethod 561 0x000001b128b3e108 code [0x000001b128b3e240, 0x000001b128b3e400]
Event: 0.172 Thread 0x000001b13f76e990  562       3       sun.invoke.util.VerifyAccess::ensureTypeVisible (47 bytes)
Event: 0.173 Thread 0x000001b13f76e990 nmethod 562 0x000001b128b3e488 code [0x000001b128b3e5e0, 0x000001b128b3e9d0]
Event: 0.173 Thread 0x000001b13f76e990  563       3       jdk.internal.org.objectweb.asm.Label::resolve (259 bytes)
Event: 0.173 Thread 0x000001b13f76e990 nmethod 563 0x000001b128b3ea08 code [0x000001b128b3eb80, 0x000001b128b3f118]
Event: 0.173 Thread 0x000001b13f76e990  564       3       jdk.internal.org.objectweb.asm.MethodWriter::visitLabel (334 bytes)
Event: 0.174 Thread 0x000001b13f76e990 nmethod 564 0x000001b128b3f188 code [0x000001b128b3f3a0, 0x000001b128b40110]
Event: 0.174 Thread 0x000001b13f76e990  565       3       java.lang.invoke.DirectMethodHandle::constructorMethod (10 bytes)
Event: 0.174 Thread 0x000001b13f76e990 nmethod 565 0x000001b128b40188 code [0x000001b128b402a0, 0x000001b128b40470]

GC Heap History (0 events):
No events

Dll operation events (7 events):
Event: 0.005 Loaded shared library D:\Java Se-23\bin\java.dll
Event: 0.026 Loaded shared library D:\Java Se-23\bin\jsvml.dll
Event: 0.048 Loaded shared library D:\Java Se-23\bin\net.dll
Event: 0.049 Loaded shared library D:\Java Se-23\bin\nio.dll
Event: 0.065 Loaded shared library D:\Java Se-23\bin\zip.dll
Event: 0.076 Loaded shared library D:\Java Se-23\bin\jimage.dll
Event: 0.078 Loaded shared library D:\Java Se-23\bin\awt.dll

Deoptimization events (4 events):
Event: 0.126 Thread 0x000001b11e01e3d0 Uncommon trap: trap_request=0xffffff45 fr.pc=0x000001b13058254c relative=0x0000000000000a8c
Event: 0.126 Thread 0x000001b11e01e3d0 Uncommon trap: reason=unstable_if action=reinterpret pc=0x000001b13058254c method=java.util.HashMap.putVal(ILjava/lang/Object;Ljava/lang/Object;ZZ)Ljava/lang/Object; @ 236 c2
Event: 0.126 Thread 0x000001b11e01e3d0 DEOPT PACKING pc=0x000001b13058254c sp=0x000000ab041feea0
Event: 0.126 Thread 0x000001b11e01e3d0 DEOPT UNPACKING pc=0x000001b130034402 sp=0x000000ab041fee58 mode 2

Classes loaded (20 events):
Event: 0.171 Loading class java/lang/invoke/MethodHandle$1 done
Event: 0.173 Loading class javax/swing/plaf/metal/MetalLookAndFeel$AATextListener
Event: 0.173 Loading class javax/swing/plaf/metal/MetalLookAndFeel$AATextListener done
Event: 0.173 Loading class java/beans/PropertyChangeListenerProxy
Event: 0.173 Loading class java/util/EventListenerProxy
Event: 0.173 Loading class java/util/EventListenerProxy done
Event: 0.173 Loading class java/beans/PropertyChangeListenerProxy done
Event: 0.174 Loading class javax/swing/plaf/metal/OceanTheme$1
Event: 0.174 Loading class javax/swing/plaf/metal/OceanTheme$1 done
Event: 0.174 Loading class javax/swing/plaf/metal/OceanTheme$2
Event: 0.174 Loading class javax/swing/plaf/metal/OceanTheme$2 done
Event: 0.174 Loading class javax/swing/plaf/metal/OceanTheme$3
Event: 0.174 Loading class javax/swing/plaf/metal/OceanTheme$3 done
Event: 0.174 Loading class javax/swing/plaf/metal/OceanTheme$4
Event: 0.174 Loading class javax/swing/plaf/metal/OceanTheme$4 done
Event: 0.174 Loading class javax/swing/plaf/metal/OceanTheme$5
Event: 0.174 Loading class javax/swing/plaf/metal/OceanTheme$5 done
Event: 0.174 Loading class javax/swing/plaf/metal/OceanTheme$6
Event: 0.174 Loading class javax/swing/plaf/metal/OceanTheme$6 done
Event: 0.174 Loading class javax/swing/RepaintManager

Classes unloaded (0 events):
No events

Classes redefined (0 events):
No events

Internal exceptions (10 events):
Event: 0.050 Thread 0x000001b11e01e3d0 Exception <a 'sun/nio/fs/WindowsException'{0x0000000712dbcd50}> (0x0000000712dbcd50) 
thrown [s\open\src\hotspot\share\prims\jni.cpp, line 520]
Event: 0.051 Thread 0x000001b11e01e3d0 Exception <a 'sun/nio/fs/WindowsException'{0x0000000712dbf388}> (0x0000000712dbf388) 
thrown [s\open\src\hotspot\share\prims\jni.cpp, line 520]
Event: 0.051 Thread 0x000001b11e01e3d0 Exception <a 'sun/nio/fs/WindowsException'{0x0000000712dbfe80}> (0x0000000712dbfe80) 
thrown [s\open\src\hotspot\share\prims\jni.cpp, line 520]
Event: 0.051 Thread 0x000001b11e01e3d0 Exception <a 'sun/nio/fs/WindowsException'{0x0000000712dc09b0}> (0x0000000712dc09b0) 
thrown [s\open\src\hotspot\share\prims\jni.cpp, line 520]
Event: 0.051 Thread 0x000001b11e01e3d0 Exception <a 'sun/nio/fs/WindowsException'{0x0000000712dc14a8}> (0x0000000712dc14a8) 
thrown [s\open\src\hotspot\share\prims\jni.cpp, line 520]
Event: 0.071 Thread 0x000001b11e01e3d0 Exception <a 'java/lang/ClassNotFoundException'{0x0000000712a98368}: sun/awt/resources/spi/awtProvider> (0x0000000712a98368) 
thrown [s\open\src\hotspot\share\classfile\systemDictionary.cpp, line 313]
Event: 0.085 Thread 0x000001b11e01e3d0 Exception <a 'java/io/FileNotFoundException'{0x0000000712aedf60}> (0x0000000712aedf60) 
thrown [s\open\src\hotspot\share\prims\jni.cpp, line 520]
Event: 0.090 Thread 0x000001b11e01e3d0 Exception <a 'java/io/FileNotFoundException'{0x0000000712b1c530}> (0x0000000712b1c530) 
thrown [s\open\src\hotspot\share\prims\jni.cpp, line 520]
Event: 0.151 Thread 0x000001b13fb28030 Exception <a 'java/lang/NoSuchMethodError'{0x00000007128b9938}: 'void java.lang.invoke.DirectMethodHandle$Holder.invokeSpecial(java.lang.Object, java.lang.Object, java.lang.Object)'> (0x00000007128b9938) 
thrown [s\open\src\hotspot\share\interpreter\linkResolver.cpp, line 796]
Event: 0.160 Thread 0x000001b13fb28030 Exception <a 'java/lang/NoSuchMethodError'{0x0000000712984168}: 'java.lang.Object java.lang.invoke.DirectMethodHandle$Holder.invokeStatic(java.lang.Object, int, java.lang.Object)'> (0x0000000712984168) 
thrown [s\open\src\hotspot\share\interpreter\linkResolver.cpp, line 796]

VM Operations (4 events):
Event: 0.052 Executing VM operation: HandshakeAllThreads (Deoptimize)
Event: 0.052 Executing VM operation: HandshakeAllThreads (Deoptimize) done
Event: 0.124 Executing VM operation: HandshakeAllThreads (Deoptimize)
Event: 0.124 Executing VM operation: HandshakeAllThreads (Deoptimize) done

Memory protections (0 events):
No events

Nmethod flushes (0 events):
No events

Events (18 events):
Event: 0.015 Thread 0x000001b11e01e3d0 Thread added: 0x000001b11e01e3d0
Event: 0.024 Thread 0x000001b11e01e3d0 Thread added: 0x000001b13f735150
Event: 0.024 Thread 0x000001b11e01e3d0 Thread added: 0x000001b13f736070
Event: 0.024 Thread 0x000001b11e01e3d0 Thread added: 0x000001b13f7380c0
Event: 0.024 Thread 0x000001b11e01e3d0 Thread added: 0x000001b13f73ab30
Event: 0.024 Thread 0x000001b11e01e3d0 Thread added: 0x000001b13f73b590
Event: 0.024 Thread 0x000001b11e01e3d0 Thread added: 0x000001b13f73bff0
Event: 0.024 Thread 0x000001b11e01e3d0 Thread added: 0x000001b13f74a2a0
Event: 0.024 Thread 0x000001b11e01e3d0 Thread added: 0x000001b13f76e990
Event: 0.040 Thread 0x000001b11e01e3d0 Thread added: 0x000001b13f85ef40
Event: 0.060 Thread 0x000001b11e01e3d0 Thread added: 0x000001b13f9a43c0
Event: 0.063 Thread 0x000001b13f76e990 Thread added: 0x000001b13f9cbd60
Event: 0.116 Thread 0x000001b11e01e3d0 Thread added: 0x000001b13fae12a0
Event: 0.117 Thread 0x000001b11e01e3d0 Thread added: 0x000001b13fae9bc0
Event: 0.118 Thread 0x000001b11e01e3d0 Thread added: 0x000001b13faead70
Event: 0.126 Thread 0x000001b11e01e3d0 Thread added: 0x000001b13fb28030
Event: 0.126 Thread 0x000001b11e01e3d0 Thread exited: 0x000001b11e01e3d0
Event: 0.126 Thread 0x000001b11e01e3d0 Thread added: 0x000001b11e01e3d0


Dynamic libraries:
0x00007ff68e8f0000 - 0x00007ff68e900000 	D:\Java Se-23\bin\java.exe
0x00007ff9881b0000 - 0x00007ff9883a8000 	C:\WINDOWS\SYSTEM32\ntdll.dll
0x00007ff986d40000 - 0x00007ff986e02000 	C:\WINDOWS\System32\KERNEL32.DLL
0x00007ff985960000 - 0x00007ff985c56000 	C:\WINDOWS\System32\KERNELBASE.dll
0x00007ff985c60000 - 0x00007ff985d60000 	C:\WINDOWS\System32\ucrtbase.dll
0x00007ff97c400000 - 0x00007ff97c41b000 	D:\Java Se-23\bin\VCRUNTIME140.dll
0x00007ff97c420000 - 0x00007ff97c437000 	D:\Java Se-23\bin\jli.dll
0x00007ff987fc0000 - 0x00007ff988161000 	C:\WINDOWS\System32\USER32.dll
0x00007ff985e10000 - 0x00007ff985e32000 	C:\WINDOWS\System32\win32u.dll
0x00007ff963b10000 - 0x00007ff963dab000 	C:\WINDOWS\WinSxS\amd64_microsoft.windows.common-controls_6595b64144ccf1df_6.0.19041.6456_none_60b8a6cb71f64256\COMCTL32.dll
0x00007ff986410000 - 0x00007ff98643b000 	C:\WINDOWS\System32\GDI32.dll
0x00007ff986020000 - 0x00007ff986139000 	C:\WINDOWS\System32\gdi32full.dll
0x00007ff9862f0000 - 0x00007ff98638e000 	C:\WINDOWS\System32\msvcrt.dll
0x00007ff985840000 - 0x00007ff9858dd000 	C:\WINDOWS\System32\msvcp_win.dll
0x00007ff9869c0000 - 0x00007ff9869ef000 	C:\WINDOWS\System32\IMM32.DLL
0x00007ff97e9e0000 - 0x00007ff97e9ec000 	D:\Java Se-23\bin\vcruntime140_1.dll
0x00007ff970c80000 - 0x00007ff970d0e000 	D:\Java Se-23\bin\msvcp140.dll
0x00007ff90ef00000 - 0x00007ff90fc4f000 	D:\Java Se-23\bin\server\jvm.dll
0x00007ff987480000 - 0x00007ff987531000 	C:\WINDOWS\System32\ADVAPI32.dll
0x00007ff987f20000 - 0x00007ff987fbf000 	C:\WINDOWS\System32\sechost.dll
0x00007ff9861d0000 - 0x00007ff9862f0000 	C:\WINDOWS\System32\RPCRT4.dll
0x00007ff985e40000 - 0x00007ff985e67000 	C:\WINDOWS\System32\bcrypt.dll
0x00007ff9872c0000 - 0x00007ff98732b000 	C:\WINDOWS\System32\WS2_32.dll
0x00007ff984dd0000 - 0x00007ff984e1b000 	C:\WINDOWS\SYSTEM32\POWRPROF.dll
0x00007ff97a9b0000 - 0x00007ff97a9ba000 	C:\WINDOWS\SYSTEM32\VERSION.dll
0x00007ff965160000 - 0x00007ff965187000 	C:\WINDOWS\SYSTEM32\WINMM.dll
0x00007ff984c40000 - 0x00007ff984c52000 	C:\WINDOWS\SYSTEM32\UMPDC.dll
0x00007ff984090000 - 0x00007ff9840a2000 	C:\WINDOWS\SYSTEM32\kernel.appcore.dll
0x00007ff97e9c0000 - 0x00007ff97e9ca000 	D:\Java Se-23\bin\jimage.dll
0x00007ff983310000 - 0x00007ff983511000 	C:\WINDOWS\SYSTEM32\DBGHELP.DLL
0x00007ff97a0d0000 - 0x00007ff97a104000 	C:\WINDOWS\SYSTEM32\dbgcore.DLL
0x00007ff986140000 - 0x00007ff9861c2000 	C:\WINDOWS\System32\bcryptPrimitives.dll
0x00007ff97bc90000 - 0x00007ff97bcae000 	D:\Java Se-23\bin\java.dll
0x00007ff987330000 - 0x00007ff98745b000 	C:\WINDOWS\System32\ole32.dll
0x00007ff986f60000 - 0x00007ff9872b4000 	C:\WINDOWS\System32\combase.dll
0x00007ff9877b0000 - 0x00007ff987f20000 	C:\WINDOWS\System32\SHELL32.dll
0x00007ff983860000 - 0x00007ff984005000 	C:\WINDOWS\SYSTEM32\windows.storage.dll
0x00007ff985270000 - 0x00007ff98529b000 	C:\WINDOWS\SYSTEM32\Wldp.dll
0x00007ff986e70000 - 0x00007ff986f3d000 	C:\WINDOWS\System32\OLEAUT32.dll
0x00007ff986910000 - 0x00007ff9869bd000 	C:\WINDOWS\System32\SHCORE.dll
0x00007ff986440000 - 0x00007ff98649b000 	C:\WINDOWS\System32\shlwapi.dll
0x00007ff985770000 - 0x00007ff985794000 	C:\WINDOWS\SYSTEM32\profapi.dll
0x00007ff96cfe0000 - 0x00007ff96d0b7000 	D:\Java Se-23\bin\jsvml.dll
0x00007ff97bfd0000 - 0x00007ff97bfe0000 	D:\Java Se-23\bin\net.dll
0x00007ff984fd0000 - 0x00007ff98503a000 	C:\WINDOWS\system32\mswsock.dll
0x00007ff97bc40000 - 0x00007ff97bc56000 	D:\Java Se-23\bin\nio.dll
0x00007ff97b380000 - 0x00007ff97b397000 	D:\Java Se-23\bin\zip.dll
0x00007ff96ce50000 - 0x00007ff96cfde000 	D:\Java Se-23\bin\awt.dll
0x00007ff97eb20000 - 0x00007ff97ebb4000 	C:\WINDOWS\SYSTEM32\apphelp.dll
0x00007ff982d00000 - 0x00007ff982d9e000 	C:\WINDOWS\system32\uxtheme.dll
0x00007ff986c20000 - 0x00007ff986d35000 	C:\WINDOWS\System32\MSCTF.dll
0x00007ff982f00000 - 0x00007ff982f2e000 	C:\WINDOWS\system32\DWMAPI.DLL
0x00007ff961bb0000 - 0x00007ff961cd8000 	C:\WINDOWS\system32\opengl32.dll
0x00007ff97b720000 - 0x00007ff97b74c000 	C:\WINDOWS\SYSTEM32\GLU32.dll

dbghelp: loaded successfully - version: 4.0.5 - missing functions: none
symbol engine: initialized successfully - sym options: 0x614 - pdb path: .;D:\Java Se-23\bin;C:\WINDOWS\SYSTEM32;C:\WINDOWS\WinSxS\amd64_microsoft.windows.common-controls_6595b64144ccf1df_6.0.19041.6456_none_60b8a6cb71f64256;D:\Java Se-23\bin\server

VM Arguments:
jvm_args: -Dfile.encoding=UTF-8 --module-path=E:\Aulas - 2025\Cedup\Tumras\Segundo\Aplicativos\LojaCartucho\build\classes 
java_command: lojacartucho.LojaCartucho
java_class_path (initial): E:\Aulas - 2025\Cedup\Tumras\Segundo\Aplicativos\LojaCartucho\mysql-connector-j-9.4.0\mysql-connector-j-9.4.0.jar;E:\Aulas - 2025\Cedup\Tumras\Segundo\Aplicativos\LojaCartucho\rs2xml.jar;E:\Aulas - 2025\Cedup\Tumras\Segundo\Aplicativos\LojaCartucho\build\classes
Launcher Type: SUN_STANDARD

[Global flags]
     intx CICompilerCount                          = 4                                         {product} {ergonomic}
     uint ConcGCThreads                            = 2                                         {product} {ergonomic}
     uint G1ConcRefinementThreads                  = 8                                         {product} {ergonomic}
   size_t G1HeapRegionSize                         = 2097152                                   {product} {ergonomic}
   size_t InitialHeapSize                          = 266338304                                 {product} {ergonomic}
   size_t MarkStackSize                            = 4194304                                   {product} {ergonomic}
   size_t MarkStackSizeMax                         = 536870912                                 {product} {ergonomic}
   size_t MaxHeapSize                              = 4244635648                                {product} {ergonomic}
   size_t MaxNewSize                               = 2545942528                                {product} {ergonomic}
   size_t MinHeapDeltaBytes                        = 2097152                                   {product} {ergonomic}
   size_t MinHeapSize                              = 8388608                                   {product} {ergonomic}
    uintx NonNMethodCodeHeapSize                   = 5832704                                {pd product} {ergonomic}
    uintx NonProfiledCodeHeapSize                  = 122945536                              {pd product} {ergonomic}
    uintx ProfiledCodeHeapSize                     = 122880000                              {pd product} {ergonomic}
    uintx ReservedCodeCacheSize                    = 251658240                              {pd product} {ergonomic}
     bool SegmentedCodeCache                       = true                                      {product} {ergonomic}
   size_t SoftMaxHeapSize                          = 4244635648                             {manageable} {ergonomic}
     bool UseCompressedOops                        = true                           {product lp64_product} {ergonomic}
     bool UseG1GC                                  = true                                      {product} {ergonomic}
     bool UseLargePagesIndividualAllocation        = false                                  {pd product} {ergonomic}

Logging:
Log output configuration:
 #0: stdout all=warning uptime,level,tags foldmultilines=false
 #1: stderr all=off uptime,level,tags foldmultilines=false

Environment Variables:
PATH=C:\Program Files\Common Files\Oracle\Java\javapath;C:\Program Files (x86)\Common Files\Oracle\Java\java8path;C:\Program Files (x86)\Common Files\Oracle\Java\javapath;C:\Program Files (x86)\Borland\Delphi7\Bin;C:\Program Files (x86)\Borland\Delphi7\Projects\Bpl\;C:\Windows\system32;C:\Windows;C:\Windows\System32\Wbem;C:\Windows\System32\WindowsPowerShell\v1.0\;C:\Windows\System32\OpenSSH\;C:\Program Files (x86)\NVIDIA Corporation\PhysX\Common;C:\Program Files\NVIDIA Corporation\NVIDIA NvDLISR;C:\WINDOWS\system32;C:\WINDOWS;C:\WINDOWS\System32\Wbem;C:\WINDOWS\System32\WindowsPowerShell\v1.0\;C:\WINDOWS\System32\OpenSSH\;C:\Program Files\dotnet\;D:\Node\;C:\Users\beto_\AppData\Local\Microsoft\WindowsApps;C:\Arquivos de programas\Borland\Delphi7\Projects\Bpl;C:\Program Files (x86)\Developer Express Inc;C:\Users\beto_\AppData\Roaming\npm;D:\VsCode\Microsoft VS Code\bin
USERNAME=beto_
OS=Windows_NT
PROCESSOR_IDENTIFIER=Intel64 Family 6 Model 142 Stepping 12, GenuineIntel
TMP=C:\Users\beto_\AppData\Local\Temp
TEMP=C:\Users\beto_\AppData\Local\Temp




Periodic native trim disabled

---------------  S Y S T E M  ---------------

OS:
 Windows 10 , 64 bit Build 19041 (10.0.19041.5915)
OS uptime: 18 days 21:13 hours

CPU: total 8 (initial active 8) (4 cores per cpu, 2 threads per core) family 6 model 142 stepping 12 microcode 0xf0, cx8, cmov, fxsr, ht, mmx, 3dnowpref, sse, sse2, sse3, ssse3, sse4.1, sse4.2, popcnt, lzcnt, tsc, tscinvbit, avx, avx2, aes, erms, clmul, bmi1, bmi2, adx, fma, vzeroupper, clflush, clflushopt, rdtscp, f16c
Processor Information for the first 8 processors :
  Max Mhz: 1992, Current Mhz: 1792, Mhz Limit: 1792

Memory: 4k page, system-wide physical 16190M (4553M free)
TotalPageFile size 29391M (AvailPageFile size 5M)
current process WorkingSet (physical memory assigned to process): 51M, peak: 51M
current process commit charge ("private bytes"): 346M, peak: 346M

vm_info: Java HotSpot(TM) 64-Bit Server VM (23.0.1+11-39) for windows-amd64 JRE (23.0.1+11-39), built on 2024-09-30T07:20:43Z with MS VC++ 17.6 (VS2022)

END.
