#
# There is insufficient memory for the Java Runtime Environment to continue.
# Native memory allocation (mmap) failed to map 65536 bytes. Error detail: Failed to commit metaspace.
# Possible reasons:
#   The system is out of physical RAM or swap space
#   This process is running with CompressedOops enabled, and the Java Heap may be blocking the growth of the native heap
# Possible solutions:
#   Reduce memory load on the system
#   Increase physical memory or swap space
#   Check if swap backing store is full
#   Decrease Java heap size (-Xmx/-Xms)
#   Decrease number of Java threads
#   Decrease Java thread stack sizes (-Xss)
#   Set larger code cache with -XX:ReservedCodeCacheSize=
#   JVM is running with Zero Based Compressed Oops mode in which the Java heap is
#     placed in the first 32GB address space. The Java Heap base address is the
#     maximum limit for the native heap growth. Please use -XX:HeapBaseMinAddress
#     to set the Java Heap base and to place the Java Heap above 32GB virtual address.
# This output file may be truncated or incomplete.
#
#  Out of Memory Error (virtualSpaceNode.cpp:113), pid=4680, tid=21948
#
# JRE version: Java(TM) SE Runtime Environment (23.0.1+11) (build 23.0.1+11-39)
# Java VM: Java HotSpot(TM) 64-Bit Server VM (23.0.1+11-39, mixed mode, sharing, tiered, compressed oops, compressed class ptrs, g1 gc, windows-amd64)
# No core dump will be written. Minidumps are not enabled by default on client versions of Windows
#

---------------  S U M M A R Y ------------

Command Line: -Dfile.encoding=UTF-8 --module-path=E:\Aulas - 2025\Cedup\Tumras\Segundo\Aplicativos\LojaCartucho\build\classes lojacartucho.LojaCartucho

Host: Intel(R) Core(TM) i7-8565U CPU @ 1.80GHz, 8 cores, 15G,  Windows 10 , 64 bit Build 19041 (10.0.19041.5915)
Time: Sat Jun  6 16:51:53 2026 Hora oficial do Brasil elapsed time: 0.207806 seconds (0d 0h 0m 0s)

---------------  T H R E A D  ---------------

Current thread (0x0000016e264e8c00):  JavaThread "AWT-EventQueue-0"        [_thread_in_vm, id=21948, stack(0x000000254e500000,0x000000254e600000) (1024K)]

Stack: [0x000000254e500000,0x000000254e600000]
Native frames: (J=compiled Java code, j=interpreted, Vv=VM code, C=native code)
V  [jvm.dll+0x6e08b9]  (no source info available)
V  [jvm.dll+0x87dc83]  (no source info available)
V  [jvm.dll+0x88010e]  (no source info available)
V  [jvm.dll+0x8807e3]  (no source info available)
V  [jvm.dll+0x27aee6]  (no source info available)
V  [jvm.dll+0x87988e]  (no source info available)
V  [jvm.dll+0x682035]  (no source info available)
V  [jvm.dll+0x68209a]  (no source info available)
V  [jvm.dll+0x6848da]  (no source info available)
V  [jvm.dll+0x2219dc]  (no source info available)
V  [jvm.dll+0x682a4e]  (no source info available)
V  [jvm.dll+0x266407]  (no source info available)
V  [jvm.dll+0x20dd18]  (no source info available)
V  [jvm.dll+0x2129e0]  (no source info available)
V  [jvm.dll+0x20811e]  (no source info available)
V  [jvm.dll+0x5be6df]  (no source info available)
V  [jvm.dll+0x219b2b]  (no source info available)
V  [jvm.dll+0x7f3130]  (no source info available)
V  [jvm.dll+0x7f41d6]  (no source info available)
V  [jvm.dll+0x7f47e4]  (no source info available)
V  [jvm.dll+0x7f4468]  (no source info available)
V  [jvm.dll+0x2689cb]  (no source info available)
V  [jvm.dll+0x3d1e3e]  (no source info available)
C  0x0000016e169db021  (no source info available)

The last pc belongs to new (printed below).
Java frames: (J=compiled Java code, j=interpreted, Vv=VM code)
j  sun.java2d.ScreenUpdateManager.getInstance()Lsun/java2d/ScreenUpdateManager;+12 java.desktop@23.0.1
j  sun.awt.windows.WComponentPeer.createScreenSurface(Z)V+8 java.desktop@23.0.1
j  sun.awt.windows.WComponentPeer.<init>(Ljava/awt/Component;)V+79 java.desktop@23.0.1
j  sun.awt.windows.WCanvasPeer.<init>(Ljava/awt/Component;)V+2 java.desktop@23.0.1
j  sun.awt.windows.WPanelPeer.<init>(Ljava/awt/Component;)V+2 java.desktop@23.0.1
j  sun.awt.windows.WWindowPeer.<init>(Ljava/awt/Window;)V+2 java.desktop@23.0.1
j  sun.awt.windows.WFramePeer.<init>(Ljava/awt/Frame;)V+2 java.desktop@23.0.1
j  sun.awt.windows.WToolkit.createFrame(Ljava/awt/Frame;)Ljava/awt/peer/FramePeer;+5 java.desktop@23.0.1
j  java.awt.Frame.addNotify()V+20 java.desktop@23.0.1
j  java.awt.Window.pack()V+28 java.desktop@23.0.1
j  Telas.Tela_Login.initComponents()V+465
j  Telas.Tela_Login.<init>()V+20
j  lojacartucho.LojaCartucho.lambda$main$0()V+4
j  lojacartucho.LojaCartucho$$Lambda+0x0000016e28001000.run()V+0
j  java.awt.event.InvocationEvent.dispatch()V+47 java.desktop@23.0.1
j  java.awt.EventQueue.dispatchEventImpl(Ljava/awt/AWTEvent;Ljava/lang/Object;)V+21 java.desktop@23.0.1
j  java.awt.EventQueue$4.run()Ljava/lang/Void;+32 java.desktop@23.0.1
j  java.awt.EventQueue$4.run()Ljava/lang/Object;+1 java.desktop@23.0.1
j  java.security.AccessController.executePrivileged(Ljava/security/PrivilegedAction;Ljava/security/AccessControlContext;Ljava/lang/Class;)Ljava/lang/Object;+29 java.base@23.0.1
j  java.security.AccessController.doPrivileged(Ljava/security/PrivilegedAction;Ljava/security/AccessControlContext;)Ljava/lang/Object;+13 java.base@23.0.1
j  java.security.ProtectionDomain$JavaSecurityAccessImpl.doIntersectionPrivilege(Ljava/security/PrivilegedAction;Ljava/security/AccessControlContext;Ljava/security/AccessControlContext;)Ljava/lang/Object;+18 java.base@23.0.1
j  java.awt.EventQueue.dispatchEvent(Ljava/awt/AWTEvent;)V+46 java.desktop@23.0.1
j  java.awt.EventDispatchThread.pumpOneEventForFilters(I)V+81 java.desktop@23.0.1
j  java.awt.EventDispatchThread.pumpEventsForFilter(ILjava/awt/Conditional;Ljava/awt/EventFilter;)V+35 java.desktop@23.0.1
j  java.awt.EventDispatchThread.pumpEventsForHierarchy(ILjava/awt/Conditional;Ljava/awt/Component;)V+11 java.desktop@23.0.1
j  java.awt.EventDispatchThread.pumpEvents(ILjava/awt/Conditional;)V+4 java.desktop@23.0.1
j  java.awt.EventDispatchThread.pumpEvents(Ljava/awt/Conditional;)V+3 java.desktop@23.0.1
j  java.awt.EventDispatchThread.run()V+9 java.desktop@23.0.1
v  ~StubRoutines::call_stub 0x0000016e169c0fcd
Lock stack of current Java thread (top to bottom):
LockStack[1]: java.lang.Class 
{0x00000007126fc3a0} - klass: 'java/lang/Class'
 - ---- fields (total size 15 words):
 - private volatile transient 'classRedefinedCount' 'I' @12  0 (0x00000000)
 - injected 'klass' 'J' @16  1572630115624 (0x0000016e280f3528)
 - injected 'array_klass' 'J' @24  0 (0x0000000000000000)
 - injected 'oop_size' 'I' @32  15 (0x0000000f)
 - injected 'static_oop_field_count' 'I' @36  1 (0x00000001)
 - private volatile transient 'cachedConstructor' 'Ljava/lang/reflect/Constructor;' @40  null (0x00000000)
 - private transient 'name' 'Ljava/lang/String;' @44  null (0x00000000)
 - private transient 'module' 'Ljava/lang/Module;' @48  a 'java/lang/Module'{0x0000000712a45690} (0xe2548ad2)
 - private final 'classLoader' 'Ljava/lang/ClassLoader;' @52  null (0x00000000)
 - private transient 'classData' 'Ljava/lang/Object;' @56  null (0x00000000)
 - private transient 'packageName' 'Ljava/lang/String;' @60  null (0x00000000)
 - private final 'componentType' 'Ljava/lang/Class;' @64  null (0x00000000)
 - private volatile transient 'reflectionData' 'Ljava/lang/ref/SoftReference;' @68  null (0x00000000)
 - private volatile transient 'genericInfo' 'Lsun/reflect/generics/repository/ClassRepository;' @72  null (0x00000000)
 - private volatile transient 'enumConstants' '[Ljava/lang/Object;' @76  null (0x00000000)
 - private volatile transient 'enumConstantDirectory' 'Ljava/util/Map;' @80  null (0x00000000)
 - private volatile transient 'annotationData' 'Ljava/lang/Class$AnnotationData;' @84  null (0x00000000)
 - private volatile transient 'annotationType' 'Lsun/reflect/annotation/AnnotationType;' @88  null (0x00000000)
 - transient 'classValueMap' 'Ljava/lang/ClassValue$ClassValueMap;' @92  null (0x00000000)
 - injected 'protection_domain' 'Ljava/lang/Object;' @96  null (0x00000000)
 - injected 'signers_name' 'Ljava/lang/Object;' @100  null (0x00000000)
 - injected 'source_file' 'Ljava/lang/Object;' @104  null (0x00000000)
 - signature: Lsun/java2d/ScreenUpdateManager;
 - ---- static fields (1):
 - private static 'theInstance' 'Lsun/java2d/ScreenUpdateManager;' @112  null (0x00000000)
LockStack[0]: java.awt.Component$AWTTreeLock 
{0x0000000712b68268} - klass: 'java/awt/Component$AWTTreeLock'
 - ---- fields (total size 2 words):

new  187 new  [0x0000016e169dae80, 0x0000016e169db090]  528 bytes
[MachCode]
  0x0000016e169dae80: 4883 ec08 | c5fa 1104 | 24eb 1f48 | 83ec 10c5 | fb11 0424 | eb14 4883 | ec10 4889 | 0424 48c7 
  0x0000016e169daea0: 4424 0800 | 0000 00eb | 0150 410f | b755 010f | cac1 ea10 | 488b 4de8 | 488b 4908 | 488b 4908 
  0x0000016e169daec0: 488b 4108 | 807c 1004 | 070f 85e0 | 0000 0066 | 8b54 d148 | 488b 4928 | 488b 4cd1 | 0851 80b9 
  0x0000016e169daee0: 3101 0000 | 040f 840d | 0000 004c | 3bb9 3801 | 0000 0f85 | b600 0000 | 8b51 08f6 | c201 0f85 
  0x0000016e169daf00: aa00 0000 | 498b 87b8 | 0100 0048 | 8d1c 1049 | 3b9f c801 | 0000 0f87 | 9200 0000 | 4989 9fb8 
  0x0000016e169daf20: 0100 0048 | 83ea 100f | 840f 0000 | 0033 c9c1 | ea03 4889 | 4cd0 0848 | ffca 75f6 | 48c7 0001 
  0x0000016e169daf40: 0000 0059 | 33f6 8970 | 0c49 ba00 | 0000 276e | 0100 0049 | 2bca 8948 | 0849 ba42 | ad63 d3fd 
  0x0000016e169daf60: 7f00 0041 | 803a 000f | 843c 0000 | 0050 488b | c848 83ec | 2040 f6c4 | 0f0f 8419 | 0000 0048 
  0x0000016e169daf80: 83ec 0848 | b850 ee13 | d3fd 7f00 | 00ff d048 | 83c4 08e9 | 0c00 0000 | 48b8 50ee | 13d3 fd7f 
  0x0000016e169dafa0: 0000 ffd0 | 4883 c420 | 58e9 cb00 | 0000 5948 | 8b55 e848 | 8b52 0848 | 8b52 0845 | 0fb7 4501 
  0x0000016e169dafc0: 410f c841 | c1e8 10e8 | 0500 0000 | e9a8 0000 | 0048 8d44 | 2408 4c89 | 6dc0 498b | cfc5 f877 
  0x0000016e169dafe0: 4989 afb0 | 0300 0049 | 8987 a003 | 0000 4883 | ec20 40f6 | c40f 0f84 | 1900 0000 | 4883 ec08 
  0x0000016e169db000: 48b8 f01d | dcd2 fd7f | 0000 ffd0 | 4883 c408 | e90c 0000 | 0048 b8f0 | 1ddc d2fd | 7f00 00ff 
  0x0000016e169db020: d048 83c4 | 2049 c787 | a003 0000 | 0000 0000 | 49c7 87b0 | 0300 0000 | 0000 0049 | c787 a803 
  0x0000016e169db040: 0000 0000 | 0000 c5f8 | 7749 837f | 0800 0f84 | 0500 0000 | e967 5efe | ff49 8b87 | f803 0000 
  0x0000016e169db060: 49c7 87f8 | 0300 0000 | 0000 004c | 8b6d c04c | 8b75 c84e | 8d74 f500 | c341 0fb6 | 5d03 4983 
  0x0000016e169db080: c503 49ba | 5076 67d3 | fd7f 0000 | 41ff 24da 
[/MachCode]

---------------  P R O C E S S  ---------------

Threads class SMR info:
_java_thread_list=0x0000016e2647a530, length=16, elements={
0x0000016e26122750, 0x0000016e26123d80, 0x0000016e26127800, 0x0000016e26128260,
0x0000016e26128cc0, 0x0000016e26129a70, 0x0000016e2612a800, 0x0000016e2612b2b0,
0x0000016e26259dc0, 0x0000016e26315fd0, 0x0000016e26337610, 0x0000016e26489530,
0x0000016e26489ba0, 0x0000016e264def70, 0x0000016e264e8c00, 0x0000016e04a6c5a0
}

Java Threads: ( => current thread )
  0x0000016e26122750 JavaThread "Reference Handler"          daemon [_thread_blocked, id=8156, stack(0x000000254d700000,0x000000254d800000) (1024K)]
  0x0000016e26123d80 JavaThread "Finalizer"                  daemon [_thread_blocked, id=18500, stack(0x000000254d800000,0x000000254d900000) (1024K)]
  0x0000016e26127800 JavaThread "Signal Dispatcher"          daemon [_thread_blocked, id=5828, stack(0x000000254d900000,0x000000254da00000) (1024K)]
  0x0000016e26128260 JavaThread "Attach Listener"            daemon [_thread_blocked, id=1992, stack(0x000000254da00000,0x000000254db00000) (1024K)]
  0x0000016e26128cc0 JavaThread "Service Thread"             daemon [_thread_blocked, id=13876, stack(0x000000254db00000,0x000000254dc00000) (1024K)]
  0x0000016e26129a70 JavaThread "Monitor Deflation Thread"   daemon [_thread_blocked, id=18788, stack(0x000000254dc00000,0x000000254dd00000) (1024K)]
  0x0000016e2612a800 JavaThread "C2 CompilerThread0"         daemon [_thread_blocked, id=16840, stack(0x000000254dd00000,0x000000254de00000) (1024K)]
  0x0000016e2612b2b0 JavaThread "C1 CompilerThread0"         daemon [_thread_blocked, id=24920, stack(0x000000254de00000,0x000000254df00000) (1024K)]
  0x0000016e26259dc0 JavaThread "Common-Cleaner"             daemon [_thread_blocked, id=17304, stack(0x000000254df00000,0x000000254e000000) (1024K)]
  0x0000016e26315fd0 JavaThread "Notification Thread"        daemon [_thread_blocked, id=6372, stack(0x000000254e000000,0x000000254e100000) (1024K)]
  0x0000016e26337610 JavaThread "C2 CompilerThread1"         daemon [_thread_blocked, id=12164, stack(0x000000254e100000,0x000000254e200000) (1024K)]
  0x0000016e26489530 JavaThread "Java2D Disposer"            daemon [_thread_blocked, id=8264, stack(0x000000254e200000,0x000000254e300000) (1024K)]
  0x0000016e26489ba0 JavaThread "AWT-Shutdown"                      [_thread_blocked, id=6992, stack(0x000000254e300000,0x000000254e400000) (1024K)]
  0x0000016e264def70 JavaThread "AWT-Windows"                daemon [_thread_in_native, id=9536, stack(0x000000254e400000,0x000000254e500000) (1024K)]
=>0x0000016e264e8c00 JavaThread "AWT-EventQueue-0"                  [_thread_in_vm, id=21948, stack(0x000000254e500000,0x000000254e600000) (1024K)]
  0x0000016e04a6c5a0 JavaThread "DestroyJavaVM"                     [_thread_blocked, id=9288, stack(0x000000254cf00000,0x000000254d000000) (1024K)]
Total: 16

Other Threads:
  0x0000016e26108e60 VMThread "VM Thread"                           [id=9284, stack(0x000000254d600000,0x000000254d700000) (1024K)]
  0x0000016e260f68f0 WatcherThread "VM Periodic Task Thread"        [id=15692, stack(0x000000254d500000,0x000000254d600000) (1024K)]
  0x0000016e06db3960 WorkerThread "GC Thread#0"                     [id=18320, stack(0x000000254d000000,0x000000254d100000) (1024K)]
  0x0000016e06dc87a0 ConcurrentGCThread "G1 Main Marker"            [id=9748, stack(0x000000254d100000,0x000000254d200000) (1024K)]
  0x0000016e06dc92b0 WorkerThread "G1 Conc#0"                       [id=3484, stack(0x000000254d200000,0x000000254d300000) (1024K)]
  0x0000016e25fca930 ConcurrentGCThread "G1 Refine#0"               [id=21936, stack(0x000000254d300000,0x000000254d400000) (1024K)]
  0x0000016e25fcd3e0 ConcurrentGCThread "G1 Service"                [id=11612, stack(0x000000254d400000,0x000000254d500000) (1024K)]
Total: 7

Threads with active compile tasks:
Total: 0

VM state: not at safepoint (normal execution)

VM Mutex/Monitor currently owned by a thread:  ([mutex/lock_event])
[0x00007ffdd3661890] Metaspace_lock - owner thread: 0x0000016e264e8c00

Heap address: 0x0000000703000000, size: 4048 MB, Compressed Oops mode: Zero based, Oop shift amount: 3

CDS archive(s) mapped at: [0x0000016e27000000-0x0000016e27d70000-0x0000016e27d70000), size 14090240, SharedBaseAddress: 0x0000016e27000000, ArchiveRelocationMode: 1.
Compressed class space mapped at: 0x0000016e28000000-0x0000016e68000000, reserved size: 1073741824
Narrow klass base: 0x0000016e27000000, Narrow klass shift: 0, Narrow klass range: 0x41000000

GC Precious Log:
 CardTable entry size: 512
 Card Set container configuration: InlinePtr #cards 4 size 8 Array Of Cards #cards 16 size 48 Howl #buckets 8 coarsen threshold 3686 Howl Bitmap #cards 512 size 80 coarsen threshold 460 Card regions per heap region 1 cards per card region 4096
 CPUs: 8 total, 8 available
 Memory: 16190M
 Large Page Support: Disabled
 NUMA Support: Disabled
 Compressed Oops: Enabled (Zero based)
 Heap Region Size: 2M
 Heap Min Capacity: 8M
 Heap Initial Capacity: 254M
 Heap Max Capacity: 4048M
 Pre-touch: Disabled
 Parallel Workers: 8
 Concurrent Workers: 2
 Concurrent Refinement Workers: 8
 Periodic GC: Disabled

Heap:
 garbage-first heap   total reserved 4145152K, committed 260096K, used 6144K [0x0000000703000000, 0x0000000800000000)
  region size 2048K, 4 young (8192K), 0 survivors (0K)
 Metaspace       used 5763K, committed 6016K, reserved 1114112K
  class space    used 689K, committed 832K, reserved 1048576K

Heap Regions: E=young(eden), S=young(survivor), O=old, HS=humongous(starts), HC=humongous(continues), CS=collection set, F=free, TAMS=top-at-mark-start, PB=parsable bottom
|   0|0x0000000703000000, 0x0000000703000000, 0x0000000703200000|  0%| F|  |TAMS 0x0000000703000000| PB 0x0000000703000000| Untracked |  0
|   1|0x0000000703200000, 0x0000000703200000, 0x0000000703400000|  0%| F|  |TAMS 0x0000000703200000| PB 0x0000000703200000| Untracked |  0
|   2|0x0000000703400000, 0x0000000703400000, 0x0000000703600000|  0%| F|  |TAMS 0x0000000703400000| PB 0x0000000703400000| Untracked |  0
|   3|0x0000000703600000, 0x0000000703600000, 0x0000000703800000|  0%| F|  |TAMS 0x0000000703600000| PB 0x0000000703600000| Untracked |  0
|   4|0x0000000703800000, 0x0000000703800000, 0x0000000703a00000|  0%| F|  |TAMS 0x0000000703800000| PB 0x0000000703800000| Untracked |  0
|   5|0x0000000703a00000, 0x0000000703a00000, 0x0000000703c00000|  0%| F|  |TAMS 0x0000000703a00000| PB 0x0000000703a00000| Untracked |  0
|   6|0x0000000703c00000, 0x0000000703c00000, 0x0000000703e00000|  0%| F|  |TAMS 0x0000000703c00000| PB 0x0000000703c00000| Untracked |  0
|   7|0x0000000703e00000, 0x0000000703e00000, 0x0000000704000000|  0%| F|  |TAMS 0x0000000703e00000| PB 0x0000000703e00000| Untracked |  0
|   8|0x0000000704000000, 0x0000000704000000, 0x0000000704200000|  0%| F|  |TAMS 0x0000000704000000| PB 0x0000000704000000| Untracked |  0
|   9|0x0000000704200000, 0x0000000704200000, 0x0000000704400000|  0%| F|  |TAMS 0x0000000704200000| PB 0x0000000704200000| Untracked |  0
|  10|0x0000000704400000, 0x0000000704400000, 0x0000000704600000|  0%| F|  |TAMS 0x0000000704400000| PB 0x0000000704400000| Untracked |  0
|  11|0x0000000704600000, 0x0000000704600000, 0x0000000704800000|  0%| F|  |TAMS 0x0000000704600000| PB 0x0000000704600000| Untracked |  0
|  12|0x0000000704800000, 0x0000000704800000, 0x0000000704a00000|  0%| F|  |TAMS 0x0000000704800000| PB 0x0000000704800000| Untracked |  0
|  13|0x0000000704a00000, 0x0000000704a00000, 0x0000000704c00000|  0%| F|  |TAMS 0x0000000704a00000| PB 0x0000000704a00000| Untracked |  0
|  14|0x0000000704c00000, 0x0000000704c00000, 0x0000000704e00000|  0%| F|  |TAMS 0x0000000704c00000| PB 0x0000000704c00000| Untracked |  0
|  15|0x0000000704e00000, 0x0000000704e00000, 0x0000000705000000|  0%| F|  |TAMS 0x0000000704e00000| PB 0x0000000704e00000| Untracked |  0
|  16|0x0000000705000000, 0x0000000705000000, 0x0000000705200000|  0%| F|  |TAMS 0x0000000705000000| PB 0x0000000705000000| Untracked |  0
|  17|0x0000000705200000, 0x0000000705200000, 0x0000000705400000|  0%| F|  |TAMS 0x0000000705200000| PB 0x0000000705200000| Untracked |  0
|  18|0x0000000705400000, 0x0000000705400000, 0x0000000705600000|  0%| F|  |TAMS 0x0000000705400000| PB 0x0000000705400000| Untracked |  0
|  19|0x0000000705600000, 0x0000000705600000, 0x0000000705800000|  0%| F|  |TAMS 0x0000000705600000| PB 0x0000000705600000| Untracked |  0
|  20|0x0000000705800000, 0x0000000705800000, 0x0000000705a00000|  0%| F|  |TAMS 0x0000000705800000| PB 0x0000000705800000| Untracked |  0
|  21|0x0000000705a00000, 0x0000000705a00000, 0x0000000705c00000|  0%| F|  |TAMS 0x0000000705a00000| PB 0x0000000705a00000| Untracked |  0
|  22|0x0000000705c00000, 0x0000000705c00000, 0x0000000705e00000|  0%| F|  |TAMS 0x0000000705c00000| PB 0x0000000705c00000| Untracked |  0
|  23|0x0000000705e00000, 0x0000000705e00000, 0x0000000706000000|  0%| F|  |TAMS 0x0000000705e00000| PB 0x0000000705e00000| Untracked |  0
|  24|0x0000000706000000, 0x0000000706000000, 0x0000000706200000|  0%| F|  |TAMS 0x0000000706000000| PB 0x0000000706000000| Untracked |  0
|  25|0x0000000706200000, 0x0000000706200000, 0x0000000706400000|  0%| F|  |TAMS 0x0000000706200000| PB 0x0000000706200000| Untracked |  0
|  26|0x0000000706400000, 0x0000000706400000, 0x0000000706600000|  0%| F|  |TAMS 0x0000000706400000| PB 0x0000000706400000| Untracked |  0
|  27|0x0000000706600000, 0x0000000706600000, 0x0000000706800000|  0%| F|  |TAMS 0x0000000706600000| PB 0x0000000706600000| Untracked |  0
|  28|0x0000000706800000, 0x0000000706800000, 0x0000000706a00000|  0%| F|  |TAMS 0x0000000706800000| PB 0x0000000706800000| Untracked |  0
|  29|0x0000000706a00000, 0x0000000706a00000, 0x0000000706c00000|  0%| F|  |TAMS 0x0000000706a00000| PB 0x0000000706a00000| Untracked |  0
|  30|0x0000000706c00000, 0x0000000706c00000, 0x0000000706e00000|  0%| F|  |TAMS 0x0000000706c00000| PB 0x0000000706c00000| Untracked |  0
|  31|0x0000000706e00000, 0x0000000706e00000, 0x0000000707000000|  0%| F|  |TAMS 0x0000000706e00000| PB 0x0000000706e00000| Untracked |  0
|  32|0x0000000707000000, 0x0000000707000000, 0x0000000707200000|  0%| F|  |TAMS 0x0000000707000000| PB 0x0000000707000000| Untracked |  0
|  33|0x0000000707200000, 0x0000000707200000, 0x0000000707400000|  0%| F|  |TAMS 0x0000000707200000| PB 0x0000000707200000| Untracked |  0
|  34|0x0000000707400000, 0x0000000707400000, 0x0000000707600000|  0%| F|  |TAMS 0x0000000707400000| PB 0x0000000707400000| Untracked |  0
|  35|0x0000000707600000, 0x0000000707600000, 0x0000000707800000|  0%| F|  |TAMS 0x0000000707600000| PB 0x0000000707600000| Untracked |  0
|  36|0x0000000707800000, 0x0000000707800000, 0x0000000707a00000|  0%| F|  |TAMS 0x0000000707800000| PB 0x0000000707800000| Untracked |  0
|  37|0x0000000707a00000, 0x0000000707a00000, 0x0000000707c00000|  0%| F|  |TAMS 0x0000000707a00000| PB 0x0000000707a00000| Untracked |  0
|  38|0x0000000707c00000, 0x0000000707c00000, 0x0000000707e00000|  0%| F|  |TAMS 0x0000000707c00000| PB 0x0000000707c00000| Untracked |  0
|  39|0x0000000707e00000, 0x0000000707e00000, 0x0000000708000000|  0%| F|  |TAMS 0x0000000707e00000| PB 0x0000000707e00000| Untracked |  0
|  40|0x0000000708000000, 0x0000000708000000, 0x0000000708200000|  0%| F|  |TAMS 0x0000000708000000| PB 0x0000000708000000| Untracked |  0
|  41|0x0000000708200000, 0x0000000708200000, 0x0000000708400000|  0%| F|  |TAMS 0x0000000708200000| PB 0x0000000708200000| Untracked |  0
|  42|0x0000000708400000, 0x0000000708400000, 0x0000000708600000|  0%| F|  |TAMS 0x0000000708400000| PB 0x0000000708400000| Untracked |  0
|  43|0x0000000708600000, 0x0000000708600000, 0x0000000708800000|  0%| F|  |TAMS 0x0000000708600000| PB 0x0000000708600000| Untracked |  0
|  44|0x0000000708800000, 0x0000000708800000, 0x0000000708a00000|  0%| F|  |TAMS 0x0000000708800000| PB 0x0000000708800000| Untracked |  0
|  45|0x0000000708a00000, 0x0000000708a00000, 0x0000000708c00000|  0%| F|  |TAMS 0x0000000708a00000| PB 0x0000000708a00000| Untracked |  0
|  46|0x0000000708c00000, 0x0000000708c00000, 0x0000000708e00000|  0%| F|  |TAMS 0x0000000708c00000| PB 0x0000000708c00000| Untracked |  0
|  47|0x0000000708e00000, 0x0000000708e00000, 0x0000000709000000|  0%| F|  |TAMS 0x0000000708e00000| PB 0x0000000708e00000| Untracked |  0
|  48|0x0000000709000000, 0x0000000709000000, 0x0000000709200000|  0%| F|  |TAMS 0x0000000709000000| PB 0x0000000709000000| Untracked |  0
|  49|0x0000000709200000, 0x0000000709200000, 0x0000000709400000|  0%| F|  |TAMS 0x0000000709200000| PB 0x0000000709200000| Untracked |  0
|  50|0x0000000709400000, 0x0000000709400000, 0x0000000709600000|  0%| F|  |TAMS 0x0000000709400000| PB 0x0000000709400000| Untracked |  0
|  51|0x0000000709600000, 0x0000000709600000, 0x0000000709800000|  0%| F|  |TAMS 0x0000000709600000| PB 0x0000000709600000| Untracked |  0
|  52|0x0000000709800000, 0x0000000709800000, 0x0000000709a00000|  0%| F|  |TAMS 0x0000000709800000| PB 0x0000000709800000| Untracked |  0
|  53|0x0000000709a00000, 0x0000000709a00000, 0x0000000709c00000|  0%| F|  |TAMS 0x0000000709a00000| PB 0x0000000709a00000| Untracked |  0
|  54|0x0000000709c00000, 0x0000000709c00000, 0x0000000709e00000|  0%| F|  |TAMS 0x0000000709c00000| PB 0x0000000709c00000| Untracked |  0
|  55|0x0000000709e00000, 0x0000000709e00000, 0x000000070a000000|  0%| F|  |TAMS 0x0000000709e00000| PB 0x0000000709e00000| Untracked |  0
|  56|0x000000070a000000, 0x000000070a000000, 0x000000070a200000|  0%| F|  |TAMS 0x000000070a000000| PB 0x000000070a000000| Untracked |  0
|  57|0x000000070a200000, 0x000000070a200000, 0x000000070a400000|  0%| F|  |TAMS 0x000000070a200000| PB 0x000000070a200000| Untracked |  0
|  58|0x000000070a400000, 0x000000070a400000, 0x000000070a600000|  0%| F|  |TAMS 0x000000070a400000| PB 0x000000070a400000| Untracked |  0
|  59|0x000000070a600000, 0x000000070a600000, 0x000000070a800000|  0%| F|  |TAMS 0x000000070a600000| PB 0x000000070a600000| Untracked |  0
|  60|0x000000070a800000, 0x000000070a800000, 0x000000070aa00000|  0%| F|  |TAMS 0x000000070a800000| PB 0x000000070a800000| Untracked |  0
|  61|0x000000070aa00000, 0x000000070aa00000, 0x000000070ac00000|  0%| F|  |TAMS 0x000000070aa00000| PB 0x000000070aa00000| Untracked |  0
|  62|0x000000070ac00000, 0x000000070ac00000, 0x000000070ae00000|  0%| F|  |TAMS 0x000000070ac00000| PB 0x000000070ac00000| Untracked |  0
|  63|0x000000070ae00000, 0x000000070ae00000, 0x000000070b000000|  0%| F|  |TAMS 0x000000070ae00000| PB 0x000000070ae00000| Untracked |  0
|  64|0x000000070b000000, 0x000000070b000000, 0x000000070b200000|  0%| F|  |TAMS 0x000000070b000000| PB 0x000000070b000000| Untracked |  0
|  65|0x000000070b200000, 0x000000070b200000, 0x000000070b400000|  0%| F|  |TAMS 0x000000070b200000| PB 0x000000070b200000| Untracked |  0
|  66|0x000000070b400000, 0x000000070b400000, 0x000000070b600000|  0%| F|  |TAMS 0x000000070b400000| PB 0x000000070b400000| Untracked |  0
|  67|0x000000070b600000, 0x000000070b600000, 0x000000070b800000|  0%| F|  |TAMS 0x000000070b600000| PB 0x000000070b600000| Untracked |  0
|  68|0x000000070b800000, 0x000000070b800000, 0x000000070ba00000|  0%| F|  |TAMS 0x000000070b800000| PB 0x000000070b800000| Untracked |  0
|  69|0x000000070ba00000, 0x000000070ba00000, 0x000000070bc00000|  0%| F|  |TAMS 0x000000070ba00000| PB 0x000000070ba00000| Untracked |  0
|  70|0x000000070bc00000, 0x000000070bc00000, 0x000000070be00000|  0%| F|  |TAMS 0x000000070bc00000| PB 0x000000070bc00000| Untracked |  0
|  71|0x000000070be00000, 0x000000070be00000, 0x000000070c000000|  0%| F|  |TAMS 0x000000070be00000| PB 0x000000070be00000| Untracked |  0
|  72|0x000000070c000000, 0x000000070c000000, 0x000000070c200000|  0%| F|  |TAMS 0x000000070c000000| PB 0x000000070c000000| Untracked |  0
|  73|0x000000070c200000, 0x000000070c200000, 0x000000070c400000|  0%| F|  |TAMS 0x000000070c200000| PB 0x000000070c200000| Untracked |  0
|  74|0x000000070c400000, 0x000000070c400000, 0x000000070c600000|  0%| F|  |TAMS 0x000000070c400000| PB 0x000000070c400000| Untracked |  0
|  75|0x000000070c600000, 0x000000070c600000, 0x000000070c800000|  0%| F|  |TAMS 0x000000070c600000| PB 0x000000070c600000| Untracked |  0
|  76|0x000000070c800000, 0x000000070c800000, 0x000000070ca00000|  0%| F|  |TAMS 0x000000070c800000| PB 0x000000070c800000| Untracked |  0
|  77|0x000000070ca00000, 0x000000070ca00000, 0x000000070cc00000|  0%| F|  |TAMS 0x000000070ca00000| PB 0x000000070ca00000| Untracked |  0
|  78|0x000000070cc00000, 0x000000070cc00000, 0x000000070ce00000|  0%| F|  |TAMS 0x000000070cc00000| PB 0x000000070cc00000| Untracked |  0
|  79|0x000000070ce00000, 0x000000070ce00000, 0x000000070d000000|  0%| F|  |TAMS 0x000000070ce00000| PB 0x000000070ce00000| Untracked |  0
|  80|0x000000070d000000, 0x000000070d000000, 0x000000070d200000|  0%| F|  |TAMS 0x000000070d000000| PB 0x000000070d000000| Untracked |  0
|  81|0x000000070d200000, 0x000000070d200000, 0x000000070d400000|  0%| F|  |TAMS 0x000000070d200000| PB 0x000000070d200000| Untracked |  0
|  82|0x000000070d400000, 0x000000070d400000, 0x000000070d600000|  0%| F|  |TAMS 0x000000070d400000| PB 0x000000070d400000| Untracked |  0
|  83|0x000000070d600000, 0x000000070d600000, 0x000000070d800000|  0%| F|  |TAMS 0x000000070d600000| PB 0x000000070d600000| Untracked |  0
|  84|0x000000070d800000, 0x000000070d800000, 0x000000070da00000|  0%| F|  |TAMS 0x000000070d800000| PB 0x000000070d800000| Untracked |  0
|  85|0x000000070da00000, 0x000000070da00000, 0x000000070dc00000|  0%| F|  |TAMS 0x000000070da00000| PB 0x000000070da00000| Untracked |  0
|  86|0x000000070dc00000, 0x000000070dc00000, 0x000000070de00000|  0%| F|  |TAMS 0x000000070dc00000| PB 0x000000070dc00000| Untracked |  0
|  87|0x000000070de00000, 0x000000070de00000, 0x000000070e000000|  0%| F|  |TAMS 0x000000070de00000| PB 0x000000070de00000| Untracked |  0
|  88|0x000000070e000000, 0x000000070e000000, 0x000000070e200000|  0%| F|  |TAMS 0x000000070e000000| PB 0x000000070e000000| Untracked |  0
|  89|0x000000070e200000, 0x000000070e200000, 0x000000070e400000|  0%| F|  |TAMS 0x000000070e200000| PB 0x000000070e200000| Untracked |  0
|  90|0x000000070e400000, 0x000000070e400000, 0x000000070e600000|  0%| F|  |TAMS 0x000000070e400000| PB 0x000000070e400000| Untracked |  0
|  91|0x000000070e600000, 0x000000070e600000, 0x000000070e800000|  0%| F|  |TAMS 0x000000070e600000| PB 0x000000070e600000| Untracked |  0
|  92|0x000000070e800000, 0x000000070e800000, 0x000000070ea00000|  0%| F|  |TAMS 0x000000070e800000| PB 0x000000070e800000| Untracked |  0
|  93|0x000000070ea00000, 0x000000070ea00000, 0x000000070ec00000|  0%| F|  |TAMS 0x000000070ea00000| PB 0x000000070ea00000| Untracked |  0
|  94|0x000000070ec00000, 0x000000070ec00000, 0x000000070ee00000|  0%| F|  |TAMS 0x000000070ec00000| PB 0x000000070ec00000| Untracked |  0
|  95|0x000000070ee00000, 0x000000070ee00000, 0x000000070f000000|  0%| F|  |TAMS 0x000000070ee00000| PB 0x000000070ee00000| Untracked |  0
|  96|0x000000070f000000, 0x000000070f000000, 0x000000070f200000|  0%| F|  |TAMS 0x000000070f000000| PB 0x000000070f000000| Untracked |  0
|  97|0x000000070f200000, 0x000000070f200000, 0x000000070f400000|  0%| F|  |TAMS 0x000000070f200000| PB 0x000000070f200000| Untracked |  0
|  98|0x000000070f400000, 0x000000070f400000, 0x000000070f600000|  0%| F|  |TAMS 0x000000070f400000| PB 0x000000070f400000| Untracked |  0
|  99|0x000000070f600000, 0x000000070f600000, 0x000000070f800000|  0%| F|  |TAMS 0x000000070f600000| PB 0x000000070f600000| Untracked |  0
| 100|0x000000070f800000, 0x000000070f800000, 0x000000070fa00000|  0%| F|  |TAMS 0x000000070f800000| PB 0x000000070f800000| Untracked |  0
| 101|0x000000070fa00000, 0x000000070fa00000, 0x000000070fc00000|  0%| F|  |TAMS 0x000000070fa00000| PB 0x000000070fa00000| Untracked |  0
| 102|0x000000070fc00000, 0x000000070fc00000, 0x000000070fe00000|  0%| F|  |TAMS 0x000000070fc00000| PB 0x000000070fc00000| Untracked |  0
| 103|0x000000070fe00000, 0x000000070fe00000, 0x0000000710000000|  0%| F|  |TAMS 0x000000070fe00000| PB 0x000000070fe00000| Untracked |  0
| 104|0x0000000710000000, 0x0000000710000000, 0x0000000710200000|  0%| F|  |TAMS 0x0000000710000000| PB 0x0000000710000000| Untracked |  0
| 105|0x0000000710200000, 0x0000000710200000, 0x0000000710400000|  0%| F|  |TAMS 0x0000000710200000| PB 0x0000000710200000| Untracked |  0
| 106|0x0000000710400000, 0x0000000710400000, 0x0000000710600000|  0%| F|  |TAMS 0x0000000710400000| PB 0x0000000710400000| Untracked |  0
| 107|0x0000000710600000, 0x0000000710600000, 0x0000000710800000|  0%| F|  |TAMS 0x0000000710600000| PB 0x0000000710600000| Untracked |  0
| 108|0x0000000710800000, 0x0000000710800000, 0x0000000710a00000|  0%| F|  |TAMS 0x0000000710800000| PB 0x0000000710800000| Untracked |  0
| 109|0x0000000710a00000, 0x0000000710a00000, 0x0000000710c00000|  0%| F|  |TAMS 0x0000000710a00000| PB 0x0000000710a00000| Untracked |  0
| 110|0x0000000710c00000, 0x0000000710c00000, 0x0000000710e00000|  0%| F|  |TAMS 0x0000000710c00000| PB 0x0000000710c00000| Untracked |  0
| 111|0x0000000710e00000, 0x0000000710e00000, 0x0000000711000000|  0%| F|  |TAMS 0x0000000710e00000| PB 0x0000000710e00000| Untracked |  0
| 112|0x0000000711000000, 0x0000000711000000, 0x0000000711200000|  0%| F|  |TAMS 0x0000000711000000| PB 0x0000000711000000| Untracked |  0
| 113|0x0000000711200000, 0x0000000711200000, 0x0000000711400000|  0%| F|  |TAMS 0x0000000711200000| PB 0x0000000711200000| Untracked |  0
| 114|0x0000000711400000, 0x0000000711400000, 0x0000000711600000|  0%| F|  |TAMS 0x0000000711400000| PB 0x0000000711400000| Untracked |  0
| 115|0x0000000711600000, 0x0000000711600000, 0x0000000711800000|  0%| F|  |TAMS 0x0000000711600000| PB 0x0000000711600000| Untracked |  0
| 116|0x0000000711800000, 0x0000000711800000, 0x0000000711a00000|  0%| F|  |TAMS 0x0000000711800000| PB 0x0000000711800000| Untracked |  0
| 117|0x0000000711a00000, 0x0000000711a00000, 0x0000000711c00000|  0%| F|  |TAMS 0x0000000711a00000| PB 0x0000000711a00000| Untracked |  0
| 118|0x0000000711c00000, 0x0000000711c00000, 0x0000000711e00000|  0%| F|  |TAMS 0x0000000711c00000| PB 0x0000000711c00000| Untracked |  0
| 119|0x0000000711e00000, 0x0000000711e00000, 0x0000000712000000|  0%| F|  |TAMS 0x0000000711e00000| PB 0x0000000711e00000| Untracked |  0
| 120|0x0000000712000000, 0x0000000712000000, 0x0000000712200000|  0%| F|  |TAMS 0x0000000712000000| PB 0x0000000712000000| Untracked |  0
| 121|0x0000000712200000, 0x0000000712200000, 0x0000000712400000|  0%| F|  |TAMS 0x0000000712200000| PB 0x0000000712200000| Untracked |  0
| 122|0x0000000712400000, 0x0000000712400000, 0x0000000712600000|  0%| F|  |TAMS 0x0000000712400000| PB 0x0000000712400000| Untracked |  0
| 123|0x0000000712600000, 0x0000000712770ec8, 0x0000000712800000| 72%| E|  |TAMS 0x0000000712600000| PB 0x0000000712600000| Complete |  0
| 124|0x0000000712800000, 0x0000000712a00000, 0x0000000712a00000|100%| E|CS|TAMS 0x0000000712800000| PB 0x0000000712800000| Complete |  0
| 125|0x0000000712a00000, 0x0000000712c00000, 0x0000000712c00000|100%| E|CS|TAMS 0x0000000712a00000| PB 0x0000000712a00000| Complete |  0
| 126|0x0000000712c00000, 0x0000000712e00000, 0x0000000712e00000|100%| E|CS|TAMS 0x0000000712c00000| PB 0x0000000712c00000| Complete |  0

Card table byte_map: [0x0000016e1efc0000,0x0000016e1f7b0000] _byte_map_base: 0x0000016e1b7a8000

Marking Bits: (CMBitMap*) 0x0000016e06db4070
 Bits: [0x0000016e1f7b0000, 0x0000016e236f0000)

Polling page: 0x0000016e04de0000

Metaspace:

Usage:
  Non-class:      4.96 MB used.
      Class:    689.57 KB used.
       Both:      5.63 MB used.

Virtual space:
  Non-class space:       64.00 MB reserved,       5.06 MB (  8%) committed,  1 nodes.
      Class space:        1.00 GB reserved,     832.00 KB ( <1%) committed,  1 nodes.
             Both:        1.06 GB reserved,       5.88 MB ( <1%) committed. 

Chunk freelists:
   Non-Class:  10.87 MB
       Class:  15.25 MB
        Both:  26.12 MB

MaxMetaspaceSize: unlimited
CompressedClassSpaceSize: 1.00 GB
Initial GC threshold: 21.00 MB
Current GC threshold: 21.00 MB
CDS: on
 - commit_granule_bytes: 65536.
 - commit_granule_words: 8192.
 - virtual_space_node_default_size: 8388608.
 - enlarge_chunks_in_place: 1.
 - use_allocation_guard: 0.


Internal statistics:

num_allocs_failed_limit: 0.
num_arena_births: 116.
num_arena_deaths: 0.
num_vsnodes_births: 2.
num_vsnodes_deaths: 0.
num_space_committed: 94.
num_space_uncommitted: 0.
num_chunks_returned_to_freelist: 0.
num_chunks_taken_from_freelist: 137.
num_chunk_merges: 0.
num_chunk_splits: 87.
num_chunks_enlarged: 42.
num_inconsistent_stats: 0.

CodeHeap 'non-profiled nmethods': size=120064Kb used=185Kb max_used=185Kb free=119879Kb
 bounds [0x0000016e16f50000, 0x0000016e171c0000, 0x0000016e1e490000]
CodeHeap 'profiled nmethods': size=120000Kb used=642Kb max_used=642Kb free=119357Kb
 bounds [0x0000016e0f490000, 0x0000016e0f700000, 0x0000016e169c0000]
CodeHeap 'non-nmethods': size=5696Kb used=1430Kb max_used=1437Kb free=4266Kb
 bounds [0x0000016e169c0000, 0x0000016e16c30000, 0x0000016e16f50000]
CodeCache: size=245760Kb, used=2257Kb, max_used=2264Kb, free=243502Kb
 total_blobs=1146, nmethods=615, adapters=437, full_count=0
Compilation: enabled, stopped_count=0, restarted_count=0

Compilation events (20 events):
Event: 0.198 Thread 0x0000016e2612b2b0  606       3       java.lang.StringConcatHelper::newArray (40 bytes)
Event: 0.198 Thread 0x0000016e2612b2b0 nmethod 606 0x0000016e0f52cd08 code [0x0000016e0f52ce40, 0x0000016e0f52d150]
Event: 0.198 Thread 0x0000016e2612b2b0  607       3       javax.swing.ArrayTable::isArray (8 bytes)
Event: 0.198 Thread 0x0000016e2612b2b0 nmethod 607 0x0000016e0f52d188 code [0x0000016e0f52d2a0, 0x0000016e0f52d490]
Event: 0.198 Thread 0x0000016e2612b2b0  608  s    1       java.util.Hashtable::size (5 bytes)
Event: 0.199 Thread 0x0000016e2612b2b0 nmethod 608 0x0000016e16f7dd88 code [0x0000016e16f7dea0, 0x0000016e16f7e0c8]
Event: 0.199 Thread 0x0000016e2612b2b0  605       3       java.lang.invoke.MemberName::isField (8 bytes)
Event: 0.199 Thread 0x0000016e2612b2b0 nmethod 605 0x0000016e0f52d508 code [0x0000016e0f52d620, 0x0000016e0f52d7e8]
Event: 0.200 Thread 0x0000016e2612b2b0  609       3       java.util.HashMap::<init> (11 bytes)
Event: 0.200 Thread 0x0000016e2612b2b0 nmethod 609 0x0000016e0f52d808 code [0x0000016e0f52d920, 0x0000016e0f52daf0]
Event: 0.202 Thread 0x0000016e2612b2b0  610       3       java.lang.Integer::hashCode (8 bytes)
Event: 0.202 Thread 0x0000016e2612b2b0 nmethod 610 0x0000016e0f52db88 code [0x0000016e0f52dca0, 0x0000016e0f52de08]
Event: 0.202 Thread 0x0000016e2612b2b0  611       3       java.lang.Integer::hashCode (2 bytes)
Event: 0.202 Thread 0x0000016e2612b2b0 nmethod 611 0x0000016e0f52de88 code [0x0000016e0f52dfa0, 0x0000016e0f52e090]
Event: 0.202 Thread 0x0000016e2612b2b0  612       3       java.lang.CharacterData::of (136 bytes)
Event: 0.202 Thread 0x0000016e2612b2b0 nmethod 612 0x0000016e0f52e188 code [0x0000016e0f52e340, 0x0000016e0f52ec58]
Event: 0.205 Thread 0x0000016e2612b2b0  614       3       sun.invoke.util.Wrapper::forBasicType (103 bytes)
Event: 0.205 Thread 0x0000016e2612b2b0 nmethod 614 0x0000016e0f52ec88 code [0x0000016e0f52ee20, 0x0000016e0f52f2c0]
Event: 0.205 Thread 0x0000016e2612b2b0  615       3       sun.invoke.util.VerifyAccess::isMemberAccessible (338 bytes)
Event: 0.206 Thread 0x0000016e2612b2b0 nmethod 615 0x0000016e0f52f308 code [0x0000016e0f52f600, 0x0000016e0f530840]

GC Heap History (0 events):
No events

Dll operation events (7 events):
Event: 0.005 Loaded shared library D:\Java Se-23\bin\java.dll
Event: 0.027 Loaded shared library D:\Java Se-23\bin\jsvml.dll
Event: 0.050 Loaded shared library D:\Java Se-23\bin\net.dll
Event: 0.051 Loaded shared library D:\Java Se-23\bin\nio.dll
Event: 0.066 Loaded shared library D:\Java Se-23\bin\zip.dll
Event: 0.077 Loaded shared library D:\Java Se-23\bin\jimage.dll
Event: 0.079 Loaded shared library D:\Java Se-23\bin\awt.dll

Deoptimization events (4 events):
Event: 0.126 Thread 0x0000016e04a6c5a0 Uncommon trap: trap_request=0xffffff45 fr.pc=0x0000016e16f61c3c relative=0x0000000000000a7c
Event: 0.126 Thread 0x0000016e04a6c5a0 Uncommon trap: reason=unstable_if action=reinterpret pc=0x0000016e16f61c3c method=java.util.HashMap.putVal(ILjava/lang/Object;Ljava/lang/Object;ZZ)Ljava/lang/Object; @ 236 c2
Event: 0.126 Thread 0x0000016e04a6c5a0 DEOPT PACKING pc=0x0000016e16f61c3c sp=0x000000254cffef10
Event: 0.126 Thread 0x0000016e04a6c5a0 DEOPT UNPACKING pc=0x0000016e16a14402 sp=0x000000254cffeec8 mode 2

Classes loaded (20 events):
Event: 0.203 Loading class sun/awt/LightweightFrame done
Event: 0.203 Loading class sun/awt/im/InputMethodWindow
Event: 0.203 Loading class sun/awt/im/InputMethodWindow done
Event: 0.205 Loading class java/awt/SequencedEvent
Event: 0.205 Loading class java/awt/SequencedEvent done
Event: 0.205 Loading class java/awt/SequencedEvent$1
Event: 0.205 Loading class sun/awt/AWTAccessor$SequencedEventAccessor
Event: 0.205 Loading class sun/awt/AWTAccessor$SequencedEventAccessor done
Event: 0.205 Loading class java/awt/SequencedEvent$1 done
Event: 0.205 Loading class java/awt/SequencedEvent$2
Event: 0.205 Loading class java/awt/SequencedEvent$2 done
Event: 0.206 Loading class sun/awt/windows/WComponentPeer$2
Event: 0.206 Loading class sun/awt/windows/WComponentPeer$2 done
Event: 0.206 Loading class javax/swing/RepaintManager$2
Event: 0.206 Loading class javax/swing/RepaintManager$2 done
Event: 0.206 Loading class java/awt/event/WindowEvent
Event: 0.206 Loading class java/awt/event/WindowEvent done
Event: 0.206 Loading class sun/java2d/ScreenUpdateManager
Event: 0.206 Loading class sun/java2d/ScreenUpdateManager done
Event: 0.206 Loading class sun/java2d/d3d/D3DScreenUpdateManager

Classes unloaded (0 events):
No events

Classes redefined (0 events):
No events

Internal exceptions (15 events):
Event: 0.051 Thread 0x0000016e04a6c5a0 Exception <a 'sun/nio/fs/WindowsException'{0x0000000712dbd0a8}> (0x0000000712dbd0a8) 
thrown [s\open\src\hotspot\share\prims\jni.cpp, line 520]
Event: 0.052 Thread 0x0000016e04a6c5a0 Exception <a 'sun/nio/fs/WindowsException'{0x0000000712dbf6e0}> (0x0000000712dbf6e0) 
thrown [s\open\src\hotspot\share\prims\jni.cpp, line 520]
Event: 0.052 Thread 0x0000016e04a6c5a0 Exception <a 'sun/nio/fs/WindowsException'{0x0000000712dc01d8}> (0x0000000712dc01d8) 
thrown [s\open\src\hotspot\share\prims\jni.cpp, line 520]
Event: 0.053 Thread 0x0000016e04a6c5a0 Exception <a 'sun/nio/fs/WindowsException'{0x0000000712dc0d08}> (0x0000000712dc0d08) 
thrown [s\open\src\hotspot\share\prims\jni.cpp, line 520]
Event: 0.053 Thread 0x0000016e04a6c5a0 Exception <a 'sun/nio/fs/WindowsException'{0x0000000712dc1810}> (0x0000000712dc1810) 
thrown [s\open\src\hotspot\share\prims\jni.cpp, line 520]
Event: 0.053 Thread 0x0000016e04a6c5a0 Exception <a 'sun/nio/fs/WindowsException'{0x0000000712dc2308}> (0x0000000712dc2308) 
thrown [s\open\src\hotspot\share\prims\jni.cpp, line 520]
Event: 0.073 Thread 0x0000016e04a6c5a0 Exception <a 'java/lang/ClassNotFoundException'{0x0000000712a9fea8}: sun/awt/resources/spi/awtProvider> (0x0000000712a9fea8) 
thrown [s\open\src\hotspot\share\classfile\systemDictionary.cpp, line 313]
Event: 0.086 Thread 0x0000016e04a6c5a0 Exception <a 'java/io/FileNotFoundException'{0x0000000712af5aa0}> (0x0000000712af5aa0) 
thrown [s\open\src\hotspot\share\prims\jni.cpp, line 520]
Event: 0.091 Thread 0x0000016e04a6c5a0 Exception <a 'java/io/FileNotFoundException'{0x0000000712b240a0}> (0x0000000712b240a0) 
thrown [s\open\src\hotspot\share\prims\jni.cpp, line 520]
Event: 0.150 Thread 0x0000016e264e8c00 Exception <a 'java/lang/NoSuchMethodError'{0x0000000712934758}: 'void java.lang.invoke.DirectMethodHandle$Holder.invokeSpecial(java.lang.Object, java.lang.Object, java.lang.Object)'> (0x0000000712934758) 
thrown [s\open\src\hotspot\share\interpreter\linkResolver.cpp, line 796]
Event: 0.158 Thread 0x0000016e264e8c00 Exception <a 'java/lang/NoSuchMethodError'{0x00000007129fef38}: 'java.lang.Object java.lang.invoke.DirectMethodHandle$Holder.invokeStatic(java.lang.Object, int, java.lang.Object)'> (0x00000007129fef38) 
thrown [s\open\src\hotspot\share\interpreter\linkResolver.cpp, line 796]
Event: 0.172 Thread 0x0000016e264e8c00 Exception <a 'java/lang/ClassNotFoundException'{0x00000007126a60b8}: com/sun/swing/internal/plaf/metal/resources/spi/metalProvider> (0x00000007126a60b8) 
thrown [s\open\src\hotspot\share\classfile\systemDictionary.cpp, line 313]
Event: 0.172 Thread 0x0000016e264e8c00 Exception <a 'java/lang/ClassNotFoundException'{0x00000007126aa078}: com/sun/swing/internal/plaf/basic/resources/spi/basicProvider> (0x00000007126aa078) 
thrown [s\open\src\hotspot\share\classfile\systemDictionary.cpp, line 313]
Event: 0.179 Thread 0x0000016e264e8c00 Exception <a 'java/lang/NoSuchMethodError'{0x00000007126c99b8}: 'int java.lang.invoke.Invokers$Holder.invokeExact_MT(java.lang.Object, java.lang.Object)'> (0x00000007126c99b8) 
thrown [s\open\src\hotspot\share\interpreter\linkResolver.cpp, line 796]
Event: 0.205 Thread 0x0000016e264def70 Exception <a 'java/lang/NoSuchMethodError'{0x00000007128894c0}: 'void java.lang.invoke.DirectMethodHandle$Holder.invokeVirtual(java.lang.Object, java.lang.Object)'> (0x00000007128894c0) 
thrown [s\open\src\hotspot\share\interpreter\linkResolver.cpp, line 796]

VM Operations (6 events):
Event: 0.054 Executing VM operation: HandshakeAllThreads (Deoptimize)
Event: 0.054 Executing VM operation: HandshakeAllThreads (Deoptimize) done
Event: 0.124 Executing VM operation: HandshakeAllThreads (Deoptimize)
Event: 0.124 Executing VM operation: HandshakeAllThreads (Deoptimize) done
Event: 0.192 Executing VM operation: HandshakeAllThreads (Deoptimize)
Event: 0.192 Executing VM operation: HandshakeAllThreads (Deoptimize) done

Memory protections (0 events):
No events

Nmethod flushes (0 events):
No events

Events (18 events):
Event: 0.016 Thread 0x0000016e04a6c5a0 Thread added: 0x0000016e04a6c5a0
Event: 0.025 Thread 0x0000016e04a6c5a0 Thread added: 0x0000016e26122750
Event: 0.025 Thread 0x0000016e04a6c5a0 Thread added: 0x0000016e26123d80
Event: 0.025 Thread 0x0000016e04a6c5a0 Thread added: 0x0000016e26127800
Event: 0.025 Thread 0x0000016e04a6c5a0 Thread added: 0x0000016e26128260
Event: 0.025 Thread 0x0000016e04a6c5a0 Thread added: 0x0000016e26128cc0
Event: 0.025 Thread 0x0000016e04a6c5a0 Thread added: 0x0000016e26129a70
Event: 0.025 Thread 0x0000016e04a6c5a0 Thread added: 0x0000016e2612a800
Event: 0.026 Thread 0x0000016e04a6c5a0 Thread added: 0x0000016e2612b2b0
Event: 0.041 Thread 0x0000016e04a6c5a0 Thread added: 0x0000016e26259dc0
Event: 0.061 Thread 0x0000016e04a6c5a0 Thread added: 0x0000016e26315fd0
Event: 0.064 Thread 0x0000016e2612b2b0 Thread added: 0x0000016e26337610
Event: 0.118 Thread 0x0000016e04a6c5a0 Thread added: 0x0000016e26489530
Event: 0.119 Thread 0x0000016e04a6c5a0 Thread added: 0x0000016e26489ba0
Event: 0.120 Thread 0x0000016e04a6c5a0 Thread added: 0x0000016e264def70
Event: 0.126 Thread 0x0000016e04a6c5a0 Thread added: 0x0000016e264e8c00
Event: 0.126 Thread 0x0000016e04a6c5a0 Thread exited: 0x0000016e04a6c5a0
Event: 0.126 Thread 0x0000016e04a6c5a0 Thread added: 0x0000016e04a6c5a0


Dynamic libraries:
0x00007ff7de950000 - 0x00007ff7de960000 	D:\Java Se-23\bin\java.exe
0x00007ffe4c230000 - 0x00007ffe4c428000 	C:\WINDOWS\SYSTEM32\ntdll.dll
0x00007ffe4a700000 - 0x00007ffe4a7c2000 	C:\WINDOWS\System32\KERNEL32.DLL
0x00007ffe49d30000 - 0x00007ffe4a026000 	C:\WINDOWS\System32\KERNELBASE.dll
0x00007ffe4a080000 - 0x00007ffe4a180000 	C:\WINDOWS\System32\ucrtbase.dll
0x00007ffe3f0b0000 - 0x00007ffe3f0cb000 	D:\Java Se-23\bin\VCRUNTIME140.dll
0x00007ffe41590000 - 0x00007ffe415a7000 	D:\Java Se-23\bin\jli.dll
0x00007ffe4a4d0000 - 0x00007ffe4a671000 	C:\WINDOWS\System32\USER32.dll
0x00007ffe4a180000 - 0x00007ffe4a1a2000 	C:\WINDOWS\System32\win32u.dll
0x00007ffe4b030000 - 0x00007ffe4b05b000 	C:\WINDOWS\System32\GDI32.dll
0x00007ffe31a40000 - 0x00007ffe31cdb000 	C:\WINDOWS\WinSxS\amd64_microsoft.windows.common-controls_6595b64144ccf1df_6.0.19041.6456_none_60b8a6cb71f64256\COMCTL32.dll
0x00007ffe49b90000 - 0x00007ffe49ca9000 	C:\WINDOWS\System32\gdi32full.dll
0x00007ffe4a7e0000 - 0x00007ffe4a87e000 	C:\WINDOWS\System32\msvcrt.dll
0x00007ffe4a1b0000 - 0x00007ffe4a24d000 	C:\WINDOWS\System32\msvcp_win.dll
0x00007ffe4be00000 - 0x00007ffe4be2f000 	C:\WINDOWS\System32\IMM32.DLL
0x00007ffe41980000 - 0x00007ffe4198c000 	D:\Java Se-23\bin\vcruntime140_1.dll
0x00007ffe0d110000 - 0x00007ffe0d19e000 	D:\Java Se-23\bin\msvcp140.dll
0x00007ffdd29f0000 - 0x00007ffdd373f000 	D:\Java Se-23\bin\server\jvm.dll
0x00007ffe4aec0000 - 0x00007ffe4af71000 	C:\WINDOWS\System32\ADVAPI32.dll
0x00007ffe4b8f0000 - 0x00007ffe4b98f000 	C:\WINDOWS\System32\sechost.dll
0x00007ffe4acc0000 - 0x00007ffe4ade0000 	C:\WINDOWS\System32\RPCRT4.dll
0x00007ffe49b60000 - 0x00007ffe49b87000 	C:\WINDOWS\System32\bcrypt.dll
0x00007ffe4aab0000 - 0x00007ffe4ab1b000 	C:\WINDOWS\System32\WS2_32.dll
0x00007ffe48e50000 - 0x00007ffe48e9b000 	C:\WINDOWS\SYSTEM32\POWRPROF.dll
0x00007ffe33e80000 - 0x00007ffe33ea7000 	C:\WINDOWS\SYSTEM32\WINMM.dll
0x00007ffe41340000 - 0x00007ffe4134a000 	C:\WINDOWS\SYSTEM32\VERSION.dll
0x00007ffe48cc0000 - 0x00007ffe48cd2000 	C:\WINDOWS\SYSTEM32\UMPDC.dll
0x00007ffe480d0000 - 0x00007ffe480e2000 	C:\WINDOWS\SYSTEM32\kernel.appcore.dll
0x00007ffe41580000 - 0x00007ffe4158a000 	D:\Java Se-23\bin\jimage.dll
0x00007ffe473e0000 - 0x00007ffe475e1000 	C:\WINDOWS\SYSTEM32\DBGHELP.DLL
0x00007ffe335e0000 - 0x00007ffe33614000 	C:\WINDOWS\SYSTEM32\dbgcore.DLL
0x00007ffe49ad0000 - 0x00007ffe49b52000 	C:\WINDOWS\System32\bcryptPrimitives.dll
0x00007ffe3efb0000 - 0x00007ffe3efce000 	D:\Java Se-23\bin\java.dll
0x00007ffe4a880000 - 0x00007ffe4a9ab000 	C:\WINDOWS\System32\ole32.dll
0x00007ffe4be90000 - 0x00007ffe4c1e4000 	C:\WINDOWS\System32\combase.dll
0x00007ffe4b060000 - 0x00007ffe4b7d0000 	C:\WINDOWS\System32\SHELL32.dll
0x00007ffe47840000 - 0x00007ffe47fe5000 	C:\WINDOWS\SYSTEM32\windows.storage.dll
0x00007ffe492f0000 - 0x00007ffe4931b000 	C:\WINDOWS\SYSTEM32\Wldp.dll
0x00007ffe4a250000 - 0x00007ffe4a31d000 	C:\WINDOWS\System32\OLEAUT32.dll
0x00007ffe4b7d0000 - 0x00007ffe4b87d000 	C:\WINDOWS\System32\SHCORE.dll
0x00007ffe4aa50000 - 0x00007ffe4aaab000 	C:\WINDOWS\System32\shlwapi.dll
0x00007ffe497f0000 - 0x00007ffe49814000 	C:\WINDOWS\SYSTEM32\profapi.dll
0x00007ffdff530000 - 0x00007ffdff607000 	D:\Java Se-23\bin\jsvml.dll
0x00007ffe41560000 - 0x00007ffe41570000 	D:\Java Se-23\bin\net.dll
0x00007ffe49050000 - 0x00007ffe490ba000 	C:\WINDOWS\system32\mswsock.dll
0x00007ffe3ed30000 - 0x00007ffe3ed46000 	D:\Java Se-23\bin\nio.dll
0x00007ffe3e3e0000 - 0x00007ffe3e3f7000 	D:\Java Se-23\bin\zip.dll
0x00007ffdf2000000 - 0x00007ffdf218e000 	D:\Java Se-23\bin\awt.dll
0x00007ffe41270000 - 0x00007ffe41304000 	C:\WINDOWS\SYSTEM32\apphelp.dll
0x00007ffe46980000 - 0x00007ffe46a1e000 	C:\WINDOWS\system32\uxtheme.dll
0x00007ffe4ab20000 - 0x00007ffe4ac35000 	C:\WINDOWS\System32\MSCTF.dll
0x00007ffe46f90000 - 0x00007ffe46fbe000 	C:\WINDOWS\system32\DWMAPI.DLL
0x00007ffe311f0000 - 0x00007ffe31318000 	C:\WINDOWS\system32\opengl32.dll
0x00007ffe3eb00000 - 0x00007ffe3eb2c000 	C:\WINDOWS\SYSTEM32\GLU32.dll

dbghelp: loaded successfully - version: 4.0.5 - missing functions: none
symbol engine: initialized successfully - sym options: 0x614 - pdb path: .;D:\Java Se-23\bin;C:\WINDOWS\SYSTEM32;C:\WINDOWS\WinSxS\amd64_microsoft.windows.common-controls_6595b64144ccf1df_6.0.19041.6456_none_60b8a6cb71f64256;D:\Java Se-23\bin\server

VM Arguments:
jvm_args: -Dfile.encoding=UTF-8 --module-path=E:\Aulas - 2025\Cedup\Tumras\Segundo\Aplicativos\LojaCartucho\build\classes 
java_command: lojacartucho.LojaCartucho
java_class_path (initial): E:\Aulas - 2025\Cedup\Tumras\Segundo\Aplicativos\LojaCartucho\mysql-connector-j-9.4.0\mysql-connector-j-9.4.0.jar;E:\Aulas - 2025\Cedup\Tumras\Segundo\Aplicativos\LojaCartucho\rs2xml.jar;E:\Aulas -Material\Java\Jcalendar\jcalendar-1.4.jar;E:\Aulas - 2025\Cedup\Tumras\Segundo\Aplicativos\LojaCartucho\build\classes
Launcher Type: SUN_STANDARD

[Global flags]
     intx CICompilerCount                          = 4                                         {product} {ergonomic}
     uint ConcGCThreads                            = 2                                         {product} {ergonomic}
     uint G1ConcRefinementThreads                  = 8                                         {product} {ergonomic}
   size_t G1HeapRegionSize                         = 2097152                                   {product} {ergonomic}
   size_t InitialHeapSize                          = 266338304                                 {product} {ergonomic}
   size_t MarkStackSize                            = 4194304                                   {product} {ergonomic}
   size_t MarkStackSizeMax                         = 536870912                                 {product} {ergonomic}
   size_t MaxHeapSize                              = 4244635648                                {product} {ergonomic}
   size_t MaxNewSize                               = 2545942528                                {product} {ergonomic}
   size_t MinHeapDeltaBytes                        = 2097152                                   {product} {ergonomic}
   size_t MinHeapSize                              = 8388608                                   {product} {ergonomic}
    uintx NonNMethodCodeHeapSize                   = 5832704                                {pd product} {ergonomic}
    uintx NonProfiledCodeHeapSize                  = 122945536                              {pd product} {ergonomic}
    uintx ProfiledCodeHeapSize                     = 122880000                              {pd product} {ergonomic}
    uintx ReservedCodeCacheSize                    = 251658240                              {pd product} {ergonomic}
     bool SegmentedCodeCache                       = true                                      {product} {ergonomic}
   size_t SoftMaxHeapSize                          = 4244635648                             {manageable} {ergonomic}
     bool UseCompressedOops                        = true                           {product lp64_product} {ergonomic}
     bool UseG1GC                                  = true                                      {product} {ergonomic}
     bool UseLargePagesIndividualAllocation        = false                                  {pd product} {ergonomic}

Logging:
Log output configuration:
 #0: stdout all=warning uptime,level,tags foldmultilines=false
 #1: stderr all=off uptime,level,tags foldmultilines=false

Environment Variables:
PATH=C:\Program Files\Common Files\Oracle\Java\javapath;C:\Program Files (x86)\Common Files\Oracle\Java\java8path;C:\Program Files (x86)\Common Files\Oracle\Java\javapath;C:\Program Files (x86)\Borland\Delphi7\Bin;C:\Program Files (x86)\Borland\Delphi7\Projects\Bpl\;C:\Windows\system32;C:\Windows;C:\Windows\System32\Wbem;C:\Windows\System32\WindowsPowerShell\v1.0\;C:\Windows\System32\OpenSSH\;C:\Program Files (x86)\NVIDIA Corporation\PhysX\Common;C:\Program Files\NVIDIA Corporation\NVIDIA NvDLISR;C:\WINDOWS\system32;C:\WINDOWS;C:\WINDOWS\System32\Wbem;C:\WINDOWS\System32\WindowsPowerShell\v1.0\;C:\WINDOWS\System32\OpenSSH\;C:\Program Files\dotnet\;D:\Node\;C:\Users\beto_\AppData\Local\Microsoft\WindowsApps;C:\Arquivos de programas\Borland\Delphi7\Projects\Bpl;C:\Program Files (x86)\Developer Express Inc;C:\Users\beto_\AppData\Roaming\npm;D:\VsCode\Microsoft VS Code\bin
USERNAME=beto_
OS=Windows_NT
PROCESSOR_IDENTIFIER=Intel64 Family 6 Model 142 Stepping 12, GenuineIntel
TMP=C:\Users\beto_\AppData\Local\Temp
TEMP=C:\Users\beto_\AppData\Local\Temp




Periodic native trim disabled

---------------  S Y S T E M  ---------------

OS:
 Windows 10 , 64 bit Build 19041 (10.0.19041.5915)
OS uptime: 10 days 21:41 hours

CPU: total 8 (initial active 8) (4 cores per cpu, 2 threads per core) family 6 model 142 stepping 12 microcode 0xf0, cx8, cmov, fxsr, ht, mmx, 3dnowpref, sse, sse2, sse3, ssse3, sse4.1, sse4.2, popcnt, lzcnt, tsc, tscinvbit, avx, avx2, aes, erms, clmul, bmi1, bmi2, adx, fma, vzeroupper, clflush, clflushopt, rdtscp, f16c
Processor Information for the first 8 processors :
  Max Mhz: 1992, Current Mhz: 1792, Mhz Limit: 1792

Memory: 4k page, system-wide physical 16190M (3146M free)
TotalPageFile size 29391M (AvailPageFile size 4M)
current process WorkingSet (physical memory assigned to process): 53M, peak: 53M
current process commit charge ("private bytes"): 348M, peak: 348M

vm_info: Java HotSpot(TM) 64-Bit Server VM (23.0.1+11-39) for windows-amd64 JRE (23.0.1+11-39), built on 2024-09-30T07:20:43Z with MS VC++ 17.6 (VS2022)

END.
