#
# There is insufficient memory for the Java Runtime Environment to continue.
# Native memory allocation (malloc) failed to allocate 32744 bytes. Error detail: Chunk::new
# Possible reasons:
#   The system is out of physical RAM or swap space
#   This process is running with CompressedOops enabled, and the Java Heap may be blocking the growth of the native heap
# Possible solutions:
#   Reduce memory load on the system
#   Increase physical memory or swap space
#   Check if swap backing store is full
#   Decrease Java heap size (-Xmx/-Xms)
#   Decrease number of Java threads
#   Decrease Java thread stack sizes (-Xss)
#   Set larger code cache with -XX:ReservedCodeCacheSize=
#   JVM is running with Zero Based Compressed Oops mode in which the Java heap is
#     placed in the first 32GB address space. The Java Heap base address is the
#     maximum limit for the native heap growth. Please use -XX:HeapBaseMinAddress
#     to set the Java Heap base and to place the Java Heap above 32GB virtual address.
# This output file may be truncated or incomplete.
#
#  Out of Memory Error (arena.cpp:149), pid=20784, tid=17480
#
# JRE version: Java(TM) SE Runtime Environment (23.0.1+11) (build 23.0.1+11-39)
# Java VM: Java HotSpot(TM) 64-Bit Server VM (23.0.1+11-39, mixed mode, sharing, tiered, compressed oops, compressed class ptrs, g1 gc, windows-amd64)
# No core dump will be written. Minidumps are not enabled by default on client versions of Windows
#

---------------  S U M M A R Y ------------

Command Line: -Dfile.encoding=UTF-8 --module-path=E:\Aulas - 2025\Cedup\Tumras\Segundo\Aplicativos\LojaCartucho\build\classes lojacartucho.LojaCartucho

Host: Intel(R) Core(TM) i7-8565U CPU @ 1.80GHz, 8 cores, 15G,  Windows 10 , 64 bit Build 19041 (10.0.19041.5915)
Time: Thu Nov  6 16:28:00 2025 Hora oficial do Brasil elapsed time: 1.079759 seconds (0d 0h 0m 1s)

---------------  T H R E A D  ---------------

Current thread (0x0000024eff9b2710):  JavaThread "C2 CompilerThread1" daemon [_thread_in_native, id=17480, stack(0x000000eb4fb00000,0x000000eb4fc00000) (1024K)]


Current CompileTask:
C2:1079 1385       4       sun.security.ec.ECOperations::setDouble (463 bytes)

Stack: [0x000000eb4fb00000,0x000000eb4fc00000]
Native frames: (J=compiled Java code, j=interpreted, Vv=VM code, C=native code)
V  [jvm.dll+0x6e08b9]  (no source info available)
V  [jvm.dll+0x87dc83]  (no source info available)
V  [jvm.dll+0x88010e]  (no source info available)
V  [jvm.dll+0x8807e3]  (no source info available)
V  [jvm.dll+0x27aee6]  (no source info available)
V  [jvm.dll+0xbc06f]  (no source info available)
V  [jvm.dll+0xbc2cb]  (no source info available)
V  [jvm.dll+0x70b42a]  (no source info available)
V  [jvm.dll+0x1dc46b]  (no source info available)
V  [jvm.dll+0x244be5]  (no source info available)
V  [jvm.dll+0x243dff]  (no source info available)
V  [jvm.dll+0x1c33a0]  (no source info available)
V  [jvm.dll+0x253cf1]  (no source info available)
V  [jvm.dll+0x251faa]  (no source info available)
V  [jvm.dll+0x3ee036]  (no source info available)
V  [jvm.dll+0x824f8b]  (no source info available)
V  [jvm.dll+0x6df065]  (no source info available)
C  [ucrtbase.dll+0x21bb2]  (no source info available)
C  [KERNEL32.DLL+0x17374]  (no source info available)
C  [ntdll.dll+0x4cc91]  (no source info available)

Lock stack of current Java thread (top to bottom):


---------------  P R O C E S S  ---------------

Threads class SMR info:
_java_thread_list=0x0000024ee52639f0, length=19, elements={
0x0000024eff9952d0, 0x0000024eff9963a0, 0x0000024eff998320, 0x0000024eff99af40,
0x0000024eff99bc20, 0x0000024eff99d840, 0x0000024eff9a65e0, 0x0000024eff9b34b0,
0x0000024e9d691be0, 0x0000024e9d690ec0, 0x0000024eff9b2710, 0x0000024e9d693cb0,
0x0000024e9d691550, 0x0000024e9d692270, 0x0000024e9d692900, 0x0000024e9d694340,
0x0000024e9d692f90, 0x0000024eff9afe30, 0x0000024e9d693620
}

Java Threads: ( => current thread )
  0x0000024eff9952d0 JavaThread "Reference Handler"          daemon [_thread_blocked, id=18340, stack(0x000000eb4f100000,0x000000eb4f200000) (1024K)]
  0x0000024eff9963a0 JavaThread "Finalizer"                  daemon [_thread_blocked, id=11012, stack(0x000000eb4f200000,0x000000eb4f300000) (1024K)]
  0x0000024eff998320 JavaThread "Signal Dispatcher"          daemon [_thread_blocked, id=16552, stack(0x000000eb4f300000,0x000000eb4f400000) (1024K)]
  0x0000024eff99af40 JavaThread "Attach Listener"            daemon [_thread_blocked, id=6876, stack(0x000000eb4f400000,0x000000eb4f500000) (1024K)]
  0x0000024eff99bc20 JavaThread "Service Thread"             daemon [_thread_blocked, id=17164, stack(0x000000eb4f500000,0x000000eb4f600000) (1024K)]
  0x0000024eff99d840 JavaThread "Monitor Deflation Thread"   daemon [_thread_blocked, id=22492, stack(0x000000eb4f600000,0x000000eb4f700000) (1024K)]
  0x0000024eff9a65e0 JavaThread "C2 CompilerThread0"         daemon [_thread_blocked, id=26796, stack(0x000000eb4f700000,0x000000eb4f800000) (1024K)]
  0x0000024eff9b34b0 JavaThread "C1 CompilerThread0"         daemon [_thread_blocked, id=14680, stack(0x000000eb4f800000,0x000000eb4f900000) (1024K)]
  0x0000024e9d691be0 JavaThread "Common-Cleaner"             daemon [_thread_blocked, id=24328, stack(0x000000eb4f900000,0x000000eb4fa00000) (1024K)]
  0x0000024e9d690ec0 JavaThread "Notification Thread"        daemon [_thread_blocked, id=23080, stack(0x000000eb4fa00000,0x000000eb4fb00000) (1024K)]
=>0x0000024eff9b2710 JavaThread "C2 CompilerThread1"         daemon [_thread_in_native, id=17480, stack(0x000000eb4fb00000,0x000000eb4fc00000) (1024K)]
  0x0000024e9d693cb0 JavaThread "Java2D Disposer"            daemon [_thread_blocked, id=6244, stack(0x000000eb4fc00000,0x000000eb4fd00000) (1024K)]
  0x0000024e9d691550 JavaThread "AWT-Shutdown"                      [_thread_blocked, id=13804, stack(0x000000eb4fd00000,0x000000eb4fe00000) (1024K)]
  0x0000024e9d692270 JavaThread "AWT-Windows"                daemon [_thread_in_native, id=5552, stack(0x000000eb4fe00000,0x000000eb4ff00000) (1024K)]
  0x0000024e9d692900 JavaThread "AWT-EventQueue-0"                  [_thread_blocked, id=19136, stack(0x000000eb4ff00000,0x000000eb50000000) (1024K)]
  0x0000024e9d694340 JavaThread "DestroyJavaVM"                     [_thread_blocked, id=12912, stack(0x000000eb4e900000,0x000000eb4ea00000) (1024K)]
  0x0000024e9d692f90 JavaThread "mysql-cj-abandoned-connection-cleanup" daemon [_thread_blocked, id=26648, stack(0x000000eb50300000,0x000000eb50400000) (1024K)]
  0x0000024eff9afe30 JavaThread "C2 CompilerThread2"         daemon [_thread_blocked, id=27332, stack(0x000000eb50400000,0x000000eb50500000) (1024K)]
  0x0000024e9d693620 JavaThread "TimerQueue"                 daemon [_thread_blocked, id=25100, stack(0x000000eb50500000,0x000000eb50600000) (1024K)]
Total: 19

Other Threads:
  0x0000024eff9790f0 VMThread "VM Thread"                           [id=7216, stack(0x000000eb4f000000,0x000000eb4f100000) (1024K)]
  0x0000024eff967ab0 WatcherThread "VM Periodic Task Thread"        [id=27088, stack(0x000000eb4ef00000,0x000000eb4f000000) (1024K)]
  0x0000024efdbc4f40 WorkerThread "GC Thread#0"                     [id=3380, stack(0x000000eb4ea00000,0x000000eb4eb00000) (1024K)]
  0x0000024efdbd9d80 ConcurrentGCThread "G1 Main Marker"            [id=13732, stack(0x000000eb4eb00000,0x000000eb4ec00000) (1024K)]
  0x0000024efdbdb030 WorkerThread "G1 Conc#0"                       [id=18380, stack(0x000000eb4ec00000,0x000000eb4ed00000) (1024K)]
  0x0000024eff8395b0 ConcurrentGCThread "G1 Refine#0"               [id=21516, stack(0x000000eb4ed00000,0x000000eb4ee00000) (1024K)]
  0x0000024eff83b050 ConcurrentGCThread "G1 Service"                [id=15484, stack(0x000000eb4ee00000,0x000000eb4ef00000) (1024K)]
Total: 7

Threads with active compile tasks:
C2 CompilerThread1  1151 1385       4       sun.security.ec.ECOperations::setDouble (463 bytes)
Total: 1

VM state: not at safepoint (normal execution)

VM Mutex/Monitor currently owned by a thread: None

Heap address: 0x0000000703000000, size: 4048 MB, Compressed Oops mode: Zero based, Oop shift amount: 3

CDS archive(s) mapped at: [0x0000024e9e000000-0x0000024e9ed70000-0x0000024e9ed70000), size 14090240, SharedBaseAddress: 0x0000024e9e000000, ArchiveRelocationMode: 1.
Compressed class space mapped at: 0x0000024e9f000000-0x0000024edf000000, reserved size: 1073741824
Narrow klass base: 0x0000024e9e000000, Narrow klass shift: 0, Narrow klass range: 0x41000000

GC Precious Log:
 CardTable entry size: 512
 Card Set container configuration: InlinePtr #cards 4 size 8 Array Of Cards #cards 16 size 48 Howl #buckets 8 coarsen threshold 3686 Howl Bitmap #cards 512 size 80 coarsen threshold 460 Card regions per heap region 1 cards per card region 4096
 CPUs: 8 total, 8 available
 Memory: 16190M
 Large Page Support: Disabled
 NUMA Support: Disabled
 Compressed Oops: Enabled (Zero based)
 Heap Region Size: 2M
 Heap Min Capacity: 8M
 Heap Initial Capacity: 254M
 Heap Max Capacity: 4048M
 Pre-touch: Disabled
 Parallel Workers: 8
 Concurrent Workers: 2
 Concurrent Refinement Workers: 8
 Periodic GC: Disabled

Heap:
 garbage-first heap   total reserved 4145152K, committed 260096K, used 20480K [0x0000000703000000, 0x0000000800000000)
  region size 2048K, 11 young (22528K), 0 survivors (0K)
 Metaspace       used 16880K, committed 17152K, reserved 1114112K
  class space    used 1935K, committed 2048K, reserved 1048576K

Heap Regions: E=young(eden), S=young(survivor), O=old, HS=humongous(starts), HC=humongous(continues), CS=collection set, F=free, TAMS=top-at-mark-start, PB=parsable bottom
|   0|0x0000000703000000, 0x0000000703000000, 0x0000000703200000|  0%| F|  |TAMS 0x0000000703000000| PB 0x0000000703000000| Untracked |  0
|   1|0x0000000703200000, 0x0000000703200000, 0x0000000703400000|  0%| F|  |TAMS 0x0000000703200000| PB 0x0000000703200000| Untracked |  0
|   2|0x0000000703400000, 0x0000000703400000, 0x0000000703600000|  0%| F|  |TAMS 0x0000000703400000| PB 0x0000000703400000| Untracked |  0
|   3|0x0000000703600000, 0x0000000703600000, 0x0000000703800000|  0%| F|  |TAMS 0x0000000703600000| PB 0x0000000703600000| Untracked |  0
|   4|0x0000000703800000, 0x0000000703800000, 0x0000000703a00000|  0%| F|  |TAMS 0x0000000703800000| PB 0x0000000703800000| Untracked |  0
|   5|0x0000000703a00000, 0x0000000703a00000, 0x0000000703c00000|  0%| F|  |TAMS 0x0000000703a00000| PB 0x0000000703a00000| Untracked |  0
|   6|0x0000000703c00000, 0x0000000703c00000, 0x0000000703e00000|  0%| F|  |TAMS 0x0000000703c00000| PB 0x0000000703c00000| Untracked |  0
|   7|0x0000000703e00000, 0x0000000703e00000, 0x0000000704000000|  0%| F|  |TAMS 0x0000000703e00000| PB 0x0000000703e00000| Untracked |  0
|   8|0x0000000704000000, 0x0000000704000000, 0x0000000704200000|  0%| F|  |TAMS 0x0000000704000000| PB 0x0000000704000000| Untracked |  0
|   9|0x0000000704200000, 0x0000000704200000, 0x0000000704400000|  0%| F|  |TAMS 0x0000000704200000| PB 0x0000000704200000| Untracked |  0
|  10|0x0000000704400000, 0x0000000704400000, 0x0000000704600000|  0%| F|  |TAMS 0x0000000704400000| PB 0x0000000704400000| Untracked |  0
|  11|0x0000000704600000, 0x0000000704600000, 0x0000000704800000|  0%| F|  |TAMS 0x0000000704600000| PB 0x0000000704600000| Untracked |  0
|  12|0x0000000704800000, 0x0000000704800000, 0x0000000704a00000|  0%| F|  |TAMS 0x0000000704800000| PB 0x0000000704800000| Untracked |  0
|  13|0x0000000704a00000, 0x0000000704a00000, 0x0000000704c00000|  0%| F|  |TAMS 0x0000000704a00000| PB 0x0000000704a00000| Untracked |  0
|  14|0x0000000704c00000, 0x0000000704c00000, 0x0000000704e00000|  0%| F|  |TAMS 0x0000000704c00000| PB 0x0000000704c00000| Untracked |  0
|  15|0x0000000704e00000, 0x0000000704e00000, 0x0000000705000000|  0%| F|  |TAMS 0x0000000704e00000| PB 0x0000000704e00000| Untracked |  0
|  16|0x0000000705000000, 0x0000000705000000, 0x0000000705200000|  0%| F|  |TAMS 0x0000000705000000| PB 0x0000000705000000| Untracked |  0
|  17|0x0000000705200000, 0x0000000705200000, 0x0000000705400000|  0%| F|  |TAMS 0x0000000705200000| PB 0x0000000705200000| Untracked |  0
|  18|0x0000000705400000, 0x0000000705400000, 0x0000000705600000|  0%| F|  |TAMS 0x0000000705400000| PB 0x0000000705400000| Untracked |  0
|  19|0x0000000705600000, 0x0000000705600000, 0x0000000705800000|  0%| F|  |TAMS 0x0000000705600000| PB 0x0000000705600000| Untracked |  0
|  20|0x0000000705800000, 0x0000000705800000, 0x0000000705a00000|  0%| F|  |TAMS 0x0000000705800000| PB 0x0000000705800000| Untracked |  0
|  21|0x0000000705a00000, 0x0000000705a00000, 0x0000000705c00000|  0%| F|  |TAMS 0x0000000705a00000| PB 0x0000000705a00000| Untracked |  0
|  22|0x0000000705c00000, 0x0000000705c00000, 0x0000000705e00000|  0%| F|  |TAMS 0x0000000705c00000| PB 0x0000000705c00000| Untracked |  0
|  23|0x0000000705e00000, 0x0000000705e00000, 0x0000000706000000|  0%| F|  |TAMS 0x0000000705e00000| PB 0x0000000705e00000| Untracked |  0
|  24|0x0000000706000000, 0x0000000706000000, 0x0000000706200000|  0%| F|  |TAMS 0x0000000706000000| PB 0x0000000706000000| Untracked |  0
|  25|0x0000000706200000, 0x0000000706200000, 0x0000000706400000|  0%| F|  |TAMS 0x0000000706200000| PB 0x0000000706200000| Untracked |  0
|  26|0x0000000706400000, 0x0000000706400000, 0x0000000706600000|  0%| F|  |TAMS 0x0000000706400000| PB 0x0000000706400000| Untracked |  0
|  27|0x0000000706600000, 0x0000000706600000, 0x0000000706800000|  0%| F|  |TAMS 0x0000000706600000| PB 0x0000000706600000| Untracked |  0
|  28|0x0000000706800000, 0x0000000706800000, 0x0000000706a00000|  0%| F|  |TAMS 0x0000000706800000| PB 0x0000000706800000| Untracked |  0
|  29|0x0000000706a00000, 0x0000000706a00000, 0x0000000706c00000|  0%| F|  |TAMS 0x0000000706a00000| PB 0x0000000706a00000| Untracked |  0
|  30|0x0000000706c00000, 0x0000000706c00000, 0x0000000706e00000|  0%| F|  |TAMS 0x0000000706c00000| PB 0x0000000706c00000| Untracked |  0
|  31|0x0000000706e00000, 0x0000000706e00000, 0x0000000707000000|  0%| F|  |TAMS 0x0000000706e00000| PB 0x0000000706e00000| Untracked |  0
|  32|0x0000000707000000, 0x0000000707000000, 0x0000000707200000|  0%| F|  |TAMS 0x0000000707000000| PB 0x0000000707000000| Untracked |  0
|  33|0x0000000707200000, 0x0000000707200000, 0x0000000707400000|  0%| F|  |TAMS 0x0000000707200000| PB 0x0000000707200000| Untracked |  0
|  34|0x0000000707400000, 0x0000000707400000, 0x0000000707600000|  0%| F|  |TAMS 0x0000000707400000| PB 0x0000000707400000| Untracked |  0
|  35|0x0000000707600000, 0x0000000707600000, 0x0000000707800000|  0%| F|  |TAMS 0x0000000707600000| PB 0x0000000707600000| Untracked |  0
|  36|0x0000000707800000, 0x0000000707800000, 0x0000000707a00000|  0%| F|  |TAMS 0x0000000707800000| PB 0x0000000707800000| Untracked |  0
|  37|0x0000000707a00000, 0x0000000707a00000, 0x0000000707c00000|  0%| F|  |TAMS 0x0000000707a00000| PB 0x0000000707a00000| Untracked |  0
|  38|0x0000000707c00000, 0x0000000707c00000, 0x0000000707e00000|  0%| F|  |TAMS 0x0000000707c00000| PB 0x0000000707c00000| Untracked |  0
|  39|0x0000000707e00000, 0x0000000707e00000, 0x0000000708000000|  0%| F|  |TAMS 0x0000000707e00000| PB 0x0000000707e00000| Untracked |  0
|  40|0x0000000708000000, 0x0000000708000000, 0x0000000708200000|  0%| F|  |TAMS 0x0000000708000000| PB 0x0000000708000000| Untracked |  0
|  41|0x0000000708200000, 0x0000000708200000, 0x0000000708400000|  0%| F|  |TAMS 0x0000000708200000| PB 0x0000000708200000| Untracked |  0
|  42|0x0000000708400000, 0x0000000708400000, 0x0000000708600000|  0%| F|  |TAMS 0x0000000708400000| PB 0x0000000708400000| Untracked |  0
|  43|0x0000000708600000, 0x0000000708600000, 0x0000000708800000|  0%| F|  |TAMS 0x0000000708600000| PB 0x0000000708600000| Untracked |  0
|  44|0x0000000708800000, 0x0000000708800000, 0x0000000708a00000|  0%| F|  |TAMS 0x0000000708800000| PB 0x0000000708800000| Untracked |  0
|  45|0x0000000708a00000, 0x0000000708a00000, 0x0000000708c00000|  0%| F|  |TAMS 0x0000000708a00000| PB 0x0000000708a00000| Untracked |  0
|  46|0x0000000708c00000, 0x0000000708c00000, 0x0000000708e00000|  0%| F|  |TAMS 0x0000000708c00000| PB 0x0000000708c00000| Untracked |  0
|  47|0x0000000708e00000, 0x0000000708e00000, 0x0000000709000000|  0%| F|  |TAMS 0x0000000708e00000| PB 0x0000000708e00000| Untracked |  0
|  48|0x0000000709000000, 0x0000000709000000, 0x0000000709200000|  0%| F|  |TAMS 0x0000000709000000| PB 0x0000000709000000| Untracked |  0
|  49|0x0000000709200000, 0x0000000709200000, 0x0000000709400000|  0%| F|  |TAMS 0x0000000709200000| PB 0x0000000709200000| Untracked |  0
|  50|0x0000000709400000, 0x0000000709400000, 0x0000000709600000|  0%| F|  |TAMS 0x0000000709400000| PB 0x0000000709400000| Untracked |  0
|  51|0x0000000709600000, 0x0000000709600000, 0x0000000709800000|  0%| F|  |TAMS 0x0000000709600000| PB 0x0000000709600000| Untracked |  0
|  52|0x0000000709800000, 0x0000000709800000, 0x0000000709a00000|  0%| F|  |TAMS 0x0000000709800000| PB 0x0000000709800000| Untracked |  0
|  53|0x0000000709a00000, 0x0000000709a00000, 0x0000000709c00000|  0%| F|  |TAMS 0x0000000709a00000| PB 0x0000000709a00000| Untracked |  0
|  54|0x0000000709c00000, 0x0000000709c00000, 0x0000000709e00000|  0%| F|  |TAMS 0x0000000709c00000| PB 0x0000000709c00000| Untracked |  0
|  55|0x0000000709e00000, 0x0000000709e00000, 0x000000070a000000|  0%| F|  |TAMS 0x0000000709e00000| PB 0x0000000709e00000| Untracked |  0
|  56|0x000000070a000000, 0x000000070a000000, 0x000000070a200000|  0%| F|  |TAMS 0x000000070a000000| PB 0x000000070a000000| Untracked |  0
|  57|0x000000070a200000, 0x000000070a200000, 0x000000070a400000|  0%| F|  |TAMS 0x000000070a200000| PB 0x000000070a200000| Untracked |  0
|  58|0x000000070a400000, 0x000000070a400000, 0x000000070a600000|  0%| F|  |TAMS 0x000000070a400000| PB 0x000000070a400000| Untracked |  0
|  59|0x000000070a600000, 0x000000070a600000, 0x000000070a800000|  0%| F|  |TAMS 0x000000070a600000| PB 0x000000070a600000| Untracked |  0
|  60|0x000000070a800000, 0x000000070a800000, 0x000000070aa00000|  0%| F|  |TAMS 0x000000070a800000| PB 0x000000070a800000| Untracked |  0
|  61|0x000000070aa00000, 0x000000070aa00000, 0x000000070ac00000|  0%| F|  |TAMS 0x000000070aa00000| PB 0x000000070aa00000| Untracked |  0
|  62|0x000000070ac00000, 0x000000070ac00000, 0x000000070ae00000|  0%| F|  |TAMS 0x000000070ac00000| PB 0x000000070ac00000| Untracked |  0
|  63|0x000000070ae00000, 0x000000070ae00000, 0x000000070b000000|  0%| F|  |TAMS 0x000000070ae00000| PB 0x000000070ae00000| Untracked |  0
|  64|0x000000070b000000, 0x000000070b000000, 0x000000070b200000|  0%| F|  |TAMS 0x000000070b000000| PB 0x000000070b000000| Untracked |  0
|  65|0x000000070b200000, 0x000000070b200000, 0x000000070b400000|  0%| F|  |TAMS 0x000000070b200000| PB 0x000000070b200000| Untracked |  0
|  66|0x000000070b400000, 0x000000070b400000, 0x000000070b600000|  0%| F|  |TAMS 0x000000070b400000| PB 0x000000070b400000| Untracked |  0
|  67|0x000000070b600000, 0x000000070b600000, 0x000000070b800000|  0%| F|  |TAMS 0x000000070b600000| PB 0x000000070b600000| Untracked |  0
|  68|0x000000070b800000, 0x000000070b800000, 0x000000070ba00000|  0%| F|  |TAMS 0x000000070b800000| PB 0x000000070b800000| Untracked |  0
|  69|0x000000070ba00000, 0x000000070ba00000, 0x000000070bc00000|  0%| F|  |TAMS 0x000000070ba00000| PB 0x000000070ba00000| Untracked |  0
|  70|0x000000070bc00000, 0x000000070bc00000, 0x000000070be00000|  0%| F|  |TAMS 0x000000070bc00000| PB 0x000000070bc00000| Untracked |  0
|  71|0x000000070be00000, 0x000000070be00000, 0x000000070c000000|  0%| F|  |TAMS 0x000000070be00000| PB 0x000000070be00000| Untracked |  0
|  72|0x000000070c000000, 0x000000070c000000, 0x000000070c200000|  0%| F|  |TAMS 0x000000070c000000| PB 0x000000070c000000| Untracked |  0
|  73|0x000000070c200000, 0x000000070c200000, 0x000000070c400000|  0%| F|  |TAMS 0x000000070c200000| PB 0x000000070c200000| Untracked |  0
|  74|0x000000070c400000, 0x000000070c400000, 0x000000070c600000|  0%| F|  |TAMS 0x000000070c400000| PB 0x000000070c400000| Untracked |  0
|  75|0x000000070c600000, 0x000000070c600000, 0x000000070c800000|  0%| F|  |TAMS 0x000000070c600000| PB 0x000000070c600000| Untracked |  0
|  76|0x000000070c800000, 0x000000070c800000, 0x000000070ca00000|  0%| F|  |TAMS 0x000000070c800000| PB 0x000000070c800000| Untracked |  0
|  77|0x000000070ca00000, 0x000000070ca00000, 0x000000070cc00000|  0%| F|  |TAMS 0x000000070ca00000| PB 0x000000070ca00000| Untracked |  0
|  78|0x000000070cc00000, 0x000000070cc00000, 0x000000070ce00000|  0%| F|  |TAMS 0x000000070cc00000| PB 0x000000070cc00000| Untracked |  0
|  79|0x000000070ce00000, 0x000000070ce00000, 0x000000070d000000|  0%| F|  |TAMS 0x000000070ce00000| PB 0x000000070ce00000| Untracked |  0
|  80|0x000000070d000000, 0x000000070d000000, 0x000000070d200000|  0%| F|  |TAMS 0x000000070d000000| PB 0x000000070d000000| Untracked |  0
|  81|0x000000070d200000, 0x000000070d200000, 0x000000070d400000|  0%| F|  |TAMS 0x000000070d200000| PB 0x000000070d200000| Untracked |  0
|  82|0x000000070d400000, 0x000000070d400000, 0x000000070d600000|  0%| F|  |TAMS 0x000000070d400000| PB 0x000000070d400000| Untracked |  0
|  83|0x000000070d600000, 0x000000070d600000, 0x000000070d800000|  0%| F|  |TAMS 0x000000070d600000| PB 0x000000070d600000| Untracked |  0
|  84|0x000000070d800000, 0x000000070d800000, 0x000000070da00000|  0%| F|  |TAMS 0x000000070d800000| PB 0x000000070d800000| Untracked |  0
|  85|0x000000070da00000, 0x000000070da00000, 0x000000070dc00000|  0%| F|  |TAMS 0x000000070da00000| PB 0x000000070da00000| Untracked |  0
|  86|0x000000070dc00000, 0x000000070dc00000, 0x000000070de00000|  0%| F|  |TAMS 0x000000070dc00000| PB 0x000000070dc00000| Untracked |  0
|  87|0x000000070de00000, 0x000000070de00000, 0x000000070e000000|  0%| F|  |TAMS 0x000000070de00000| PB 0x000000070de00000| Untracked |  0
|  88|0x000000070e000000, 0x000000070e000000, 0x000000070e200000|  0%| F|  |TAMS 0x000000070e000000| PB 0x000000070e000000| Untracked |  0
|  89|0x000000070e200000, 0x000000070e200000, 0x000000070e400000|  0%| F|  |TAMS 0x000000070e200000| PB 0x000000070e200000| Untracked |  0
|  90|0x000000070e400000, 0x000000070e400000, 0x000000070e600000|  0%| F|  |TAMS 0x000000070e400000| PB 0x000000070e400000| Untracked |  0
|  91|0x000000070e600000, 0x000000070e600000, 0x000000070e800000|  0%| F|  |TAMS 0x000000070e600000| PB 0x000000070e600000| Untracked |  0
|  92|0x000000070e800000, 0x000000070e800000, 0x000000070ea00000|  0%| F|  |TAMS 0x000000070e800000| PB 0x000000070e800000| Untracked |  0
|  93|0x000000070ea00000, 0x000000070ea00000, 0x000000070ec00000|  0%| F|  |TAMS 0x000000070ea00000| PB 0x000000070ea00000| Untracked |  0
|  94|0x000000070ec00000, 0x000000070ec00000, 0x000000070ee00000|  0%| F|  |TAMS 0x000000070ec00000| PB 0x000000070ec00000| Untracked |  0
|  95|0x000000070ee00000, 0x000000070ee00000, 0x000000070f000000|  0%| F|  |TAMS 0x000000070ee00000| PB 0x000000070ee00000| Untracked |  0
|  96|0x000000070f000000, 0x000000070f000000, 0x000000070f200000|  0%| F|  |TAMS 0x000000070f000000| PB 0x000000070f000000| Untracked |  0
|  97|0x000000070f200000, 0x000000070f200000, 0x000000070f400000|  0%| F|  |TAMS 0x000000070f200000| PB 0x000000070f200000| Untracked |  0
|  98|0x000000070f400000, 0x000000070f400000, 0x000000070f600000|  0%| F|  |TAMS 0x000000070f400000| PB 0x000000070f400000| Untracked |  0
|  99|0x000000070f600000, 0x000000070f600000, 0x000000070f800000|  0%| F|  |TAMS 0x000000070f600000| PB 0x000000070f600000| Untracked |  0
| 100|0x000000070f800000, 0x000000070f800000, 0x000000070fa00000|  0%| F|  |TAMS 0x000000070f800000| PB 0x000000070f800000| Untracked |  0
| 101|0x000000070fa00000, 0x000000070fa00000, 0x000000070fc00000|  0%| F|  |TAMS 0x000000070fa00000| PB 0x000000070fa00000| Untracked |  0
| 102|0x000000070fc00000, 0x000000070fc00000, 0x000000070fe00000|  0%| F|  |TAMS 0x000000070fc00000| PB 0x000000070fc00000| Untracked |  0
| 103|0x000000070fe00000, 0x000000070fe00000, 0x0000000710000000|  0%| F|  |TAMS 0x000000070fe00000| PB 0x000000070fe00000| Untracked |  0
| 104|0x0000000710000000, 0x0000000710000000, 0x0000000710200000|  0%| F|  |TAMS 0x0000000710000000| PB 0x0000000710000000| Untracked |  0
| 105|0x0000000710200000, 0x0000000710200000, 0x0000000710400000|  0%| F|  |TAMS 0x0000000710200000| PB 0x0000000710200000| Untracked |  0
| 106|0x0000000710400000, 0x0000000710400000, 0x0000000710600000|  0%| F|  |TAMS 0x0000000710400000| PB 0x0000000710400000| Untracked |  0
| 107|0x0000000710600000, 0x0000000710600000, 0x0000000710800000|  0%| F|  |TAMS 0x0000000710600000| PB 0x0000000710600000| Untracked |  0
| 108|0x0000000710800000, 0x0000000710800000, 0x0000000710a00000|  0%| F|  |TAMS 0x0000000710800000| PB 0x0000000710800000| Untracked |  0
| 109|0x0000000710a00000, 0x0000000710a00000, 0x0000000710c00000|  0%| F|  |TAMS 0x0000000710a00000| PB 0x0000000710a00000| Untracked |  0
| 110|0x0000000710c00000, 0x0000000710c00000, 0x0000000710e00000|  0%| F|  |TAMS 0x0000000710c00000| PB 0x0000000710c00000| Untracked |  0
| 111|0x0000000710e00000, 0x0000000710e00000, 0x0000000711000000|  0%| F|  |TAMS 0x0000000710e00000| PB 0x0000000710e00000| Untracked |  0
| 112|0x0000000711000000, 0x0000000711000000, 0x0000000711200000|  0%| F|  |TAMS 0x0000000711000000| PB 0x0000000711000000| Untracked |  0
| 113|0x0000000711200000, 0x0000000711200000, 0x0000000711400000|  0%| F|  |TAMS 0x0000000711200000| PB 0x0000000711200000| Untracked |  0
| 114|0x0000000711400000, 0x0000000711400000, 0x0000000711600000|  0%| F|  |TAMS 0x0000000711400000| PB 0x0000000711400000| Untracked |  0
| 115|0x0000000711600000, 0x0000000711600000, 0x0000000711800000|  0%| F|  |TAMS 0x0000000711600000| PB 0x0000000711600000| Untracked |  0
| 116|0x0000000711800000, 0x00000007118f8450, 0x0000000711a00000| 48%| E|  |TAMS 0x0000000711800000| PB 0x0000000711800000| Complete |  0
| 117|0x0000000711a00000, 0x0000000711c00000, 0x0000000711c00000|100%| E|CS|TAMS 0x0000000711a00000| PB 0x0000000711a00000| Complete |  0
| 118|0x0000000711c00000, 0x0000000711e00000, 0x0000000711e00000|100%| E|CS|TAMS 0x0000000711c00000| PB 0x0000000711c00000| Complete |  0
| 119|0x0000000711e00000, 0x0000000712000000, 0x0000000712000000|100%| E|CS|TAMS 0x0000000711e00000| PB 0x0000000711e00000| Complete |  0
| 120|0x0000000712000000, 0x0000000712200000, 0x0000000712200000|100%| E|CS|TAMS 0x0000000712000000| PB 0x0000000712000000| Complete |  0
| 121|0x0000000712200000, 0x0000000712400000, 0x0000000712400000|100%| E|CS|TAMS 0x0000000712200000| PB 0x0000000712200000| Complete |  0
| 122|0x0000000712400000, 0x0000000712600000, 0x0000000712600000|100%| E|CS|TAMS 0x0000000712400000| PB 0x0000000712400000| Complete |  0
| 123|0x0000000712600000, 0x0000000712800000, 0x0000000712800000|100%| E|CS|TAMS 0x0000000712600000| PB 0x0000000712600000| Complete |  0
| 124|0x0000000712800000, 0x0000000712a00000, 0x0000000712a00000|100%| E|CS|TAMS 0x0000000712800000| PB 0x0000000712800000| Complete |  0
| 125|0x0000000712a00000, 0x0000000712c00000, 0x0000000712c00000|100%| E|CS|TAMS 0x0000000712a00000| PB 0x0000000712a00000| Complete |  0
| 126|0x0000000712c00000, 0x0000000712e00000, 0x0000000712e00000|100%| E|CS|TAMS 0x0000000712c00000| PB 0x0000000712c00000| Complete |  0

Card table byte_map: [0x0000024efe770000,0x0000024efef60000] _byte_map_base: 0x0000024efaf58000

Marking Bits: (CMBitMap*) 0x0000024efdbc5650
 Bits: [0x0000024e97670000, 0x0000024e9b5b0000)

Polling page: 0x0000024efba50000

Metaspace:

Usage:
  Non-class:     14.59 MB used.
      Class:      1.89 MB used.
       Both:     16.48 MB used.

Virtual space:
  Non-class space:       64.00 MB reserved,      14.75 MB ( 23%) committed,  1 nodes.
      Class space:        1.00 GB reserved,       2.00 MB ( <1%) committed,  1 nodes.
             Both:        1.06 GB reserved,      16.75 MB (  2%) committed. 

Chunk freelists:
   Non-Class:  464.00 KB
       Class:  14.05 MB
        Both:  14.50 MB

MaxMetaspaceSize: unlimited
CompressedClassSpaceSize: 1.00 GB
Initial GC threshold: 21.00 MB
Current GC threshold: 21.00 MB
CDS: on
 - commit_granule_bytes: 65536.
 - commit_granule_words: 8192.
 - virtual_space_node_default_size: 8388608.
 - enlarge_chunks_in_place: 1.
 - use_allocation_guard: 0.


Internal statistics:

num_allocs_failed_limit: 0.
num_arena_births: 182.
num_arena_deaths: 0.
num_vsnodes_births: 2.
num_vsnodes_deaths: 0.
num_space_committed: 268.
num_space_uncommitted: 0.
num_chunks_returned_to_freelist: 0.
num_chunks_taken_from_freelist: 373.
num_chunk_merges: 0.
num_chunk_splits: 226.
num_chunks_enlarged: 137.
num_inconsistent_stats: 0.

CodeHeap 'non-profiled nmethods': size=120064Kb used=493Kb max_used=493Kb free=119570Kb
 bounds [0x0000024e90130000, 0x0000024e903a0000, 0x0000024e97670000]
CodeHeap 'profiled nmethods': size=120000Kb used=1902Kb max_used=1902Kb free=118097Kb
 bounds [0x0000024e88670000, 0x0000024e888e0000, 0x0000024e8fba0000]
CodeHeap 'non-nmethods': size=5696Kb used=1671Kb max_used=1671Kb free=4024Kb
 bounds [0x0000024e8fba0000, 0x0000024e8fe10000, 0x0000024e90130000]
CodeCache: size=245760Kb, used=4066Kb, max_used=4066Kb, free=241691Kb
 total_blobs=2290, nmethods=1558, adapters=638, full_count=0
Compilation: enabled, stopped_count=0, restarted_count=0

Compilation events (20 events):
Event: 0.747 Thread 0x0000024eff9b34b0 1550       3       java.util.ArrayList$Itr::<init> (26 bytes)
Event: 0.747 Thread 0x0000024eff9b34b0 nmethod 1550 0x0000024e88849d88 code [0x0000024e88849ea0, 0x0000024e8884a080]
Event: 0.747 Thread 0x0000024eff9b34b0 1552       3       java.lang.Class::reflectionData (43 bytes)
Event: 0.747 Thread 0x0000024eff9b34b0 nmethod 1552 0x0000024e8884a108 code [0x0000024e8884a260, 0x0000024e8884a630]
Event: 0.747 Thread 0x0000024eff9b34b0 1551       3       java.awt.Component::getParent (5 bytes)
Event: 0.747 Thread 0x0000024eff9b34b0 nmethod 1551 0x0000024e8884a688 code [0x0000024e8884a7a0, 0x0000024e8884a8c8]
Event: 0.748 Thread 0x0000024eff9b34b0 1553       1       java.awt.Component::isVisible_NoClientCode (5 bytes)
Event: 0.748 Thread 0x0000024eff9b34b0 nmethod 1553 0x0000024e901aae88 code [0x0000024e901aafa0, 0x0000024e901ab070]
Event: 0.748 Thread 0x0000024eff9b34b0 1554       1       java.awt.AWTEvent::getID (5 bytes)
Event: 0.748 Thread 0x0000024eff9b34b0 nmethod 1554 0x0000024e901ab188 code [0x0000024e901ab2a0, 0x0000024e901ab368]
Event: 0.748 Thread 0x0000024eff9b34b0 1555       3       java.awt.Component::getFont_NoClientCode (29 bytes)
Event: 0.749 Thread 0x0000024eff9b34b0 nmethod 1555 0x0000024e8884a988 code [0x0000024e8884aac0, 0x0000024e8884ada0]
Event: 0.749 Thread 0x0000024eff9b34b0 1556       3       java.awt.Component::getFont (5 bytes)
Event: 0.749 Thread 0x0000024eff9b34b0 nmethod 1556 0x0000024e8884ae08 code [0x0000024e8884af40, 0x0000024e8884b250]
Event: 0.750 Thread 0x0000024eff9b34b0 1557       3       sun.util.locale.LocaleUtils::isUpper (18 bytes)
Event: 0.750 Thread 0x0000024eff9b34b0 nmethod 1557 0x0000024e8884b288 code [0x0000024e8884b3a0, 0x0000024e8884b508]
Event: 0.756 Thread 0x0000024eff9b34b0 1558       1       java.awt.Color::getRGB (5 bytes)
Event: 0.756 Thread 0x0000024eff9b34b0 nmethod 1558 0x0000024e901ab488 code [0x0000024e901ab5a0, 0x0000024e901ab668]
Event: 0.756 Thread 0x0000024eff9b34b0 1559       3       java.awt.Insets::<init> (26 bytes)
Event: 0.756 Thread 0x0000024eff9b34b0 nmethod 1559 0x0000024e8884b588 code [0x0000024e8884b6a0, 0x0000024e8884b810]

GC Heap History (0 events):
No events

Dll operation events (11 events):
Event: 0.005 Loaded shared library D:\Java Se-23\bin\java.dll
Event: 0.029 Loaded shared library D:\Java Se-23\bin\jsvml.dll
Event: 0.051 Loaded shared library D:\Java Se-23\bin\net.dll
Event: 0.052 Loaded shared library D:\Java Se-23\bin\nio.dll
Event: 0.066 Loaded shared library D:\Java Se-23\bin\zip.dll
Event: 0.077 Loaded shared library D:\Java Se-23\bin\jimage.dll
Event: 0.078 Loaded shared library D:\Java Se-23\bin\awt.dll
Event: 0.222 Loaded shared library D:\Java Se-23\bin\freetype.dll
Event: 0.222 Loaded shared library D:\Java Se-23\bin\fontmanager.dll
Event: 0.391 Loaded shared library D:\Java Se-23\bin\extnet.dll
Event: 0.563 Loaded shared library D:\Java Se-23\bin\sunmscapi.dll

Deoptimization events (20 events):
Event: 0.634 Thread 0x0000024e9d692900 DEOPT PACKING pc=0x0000024e88808834 sp=0x000000eb4fffc8b0
Event: 0.634 Thread 0x0000024e9d692900 DEOPT UNPACKING pc=0x0000024e8fbf4b22 sp=0x000000eb4fffbcd8 mode 0
Event: 0.634 Thread 0x0000024e9d692900 DEOPT PACKING pc=0x0000024e88808834 sp=0x000000eb4fffc8b0
Event: 0.634 Thread 0x0000024e9d692900 DEOPT UNPACKING pc=0x0000024e8fbf4b22 sp=0x000000eb4fffbcd8 mode 0
Event: 0.635 Thread 0x0000024e9d692900 DEOPT PACKING pc=0x0000024e88808834 sp=0x000000eb4fffc8b0
Event: 0.635 Thread 0x0000024e9d692900 DEOPT UNPACKING pc=0x0000024e8fbf4b22 sp=0x000000eb4fffbcd8 mode 0
Event: 0.636 Thread 0x0000024e9d692900 DEOPT PACKING pc=0x0000024e88808834 sp=0x000000eb4fffc8b0
Event: 0.636 Thread 0x0000024e9d692900 DEOPT UNPACKING pc=0x0000024e8fbf4b22 sp=0x000000eb4fffbcd8 mode 0
Event: 0.637 Thread 0x0000024e9d692900 DEOPT PACKING pc=0x0000024e88808834 sp=0x000000eb4fffc8b0
Event: 0.637 Thread 0x0000024e9d692900 DEOPT UNPACKING pc=0x0000024e8fbf4b22 sp=0x000000eb4fffbcd8 mode 0
Event: 0.638 Thread 0x0000024e9d692900 DEOPT PACKING pc=0x0000024e88808834 sp=0x000000eb4fffc8b0
Event: 0.638 Thread 0x0000024e9d692900 DEOPT UNPACKING pc=0x0000024e8fbf4b22 sp=0x000000eb4fffbcd8 mode 0
Event: 0.638 Thread 0x0000024e9d692900 DEOPT PACKING pc=0x0000024e88808834 sp=0x000000eb4fffc8b0
Event: 0.638 Thread 0x0000024e9d692900 DEOPT UNPACKING pc=0x0000024e8fbf4b22 sp=0x000000eb4fffbcd8 mode 0
Event: 0.639 Thread 0x0000024e9d692900 DEOPT PACKING pc=0x0000024e88808834 sp=0x000000eb4fffc8b0
Event: 0.639 Thread 0x0000024e9d692900 DEOPT UNPACKING pc=0x0000024e8fbf4b22 sp=0x000000eb4fffbcd8 mode 0
Event: 0.657 Thread 0x0000024e9d692900 Uncommon trap: trap_request=0xffffff66 fr.pc=0x0000024e9019db5c relative=0x000000000000021c
Event: 0.657 Thread 0x0000024e9d692900 Uncommon trap: reason=speculate_class_check action=maybe_recompile pc=0x0000024e9019db5c method=sun.security.util.math.intpoly.IntegerPolynomial.multByInt([JJ)V @ 26 c2
Event: 0.657 Thread 0x0000024e9d692900 DEOPT PACKING pc=0x0000024e9019db5c sp=0x000000eb4fffd7d0
Event: 0.657 Thread 0x0000024e9d692900 DEOPT UNPACKING pc=0x0000024e8fbf4402 sp=0x000000eb4fffd6e0 mode 2

Classes loaded (20 events):
Event: 0.754 Loading class sun/awt/im/CompositionAreaHandler
Event: 0.754 Loading class sun/awt/im/CompositionAreaHandler done
Event: 0.754 Loading class java/text/AttributedString
Event: 0.754 Loading class java/text/AttributedString done
Event: 0.754 Loading class java/text/AttributedString$AttributedStringIterator
Event: 0.754 Loading class java/text/AttributedCharacterIterator
Event: 0.754 Loading class java/text/AttributedCharacterIterator done
Event: 0.754 Loading class java/text/AttributedString$AttributedStringIterator done
Event: 0.754 Loading class javax/swing/TimerQueue
Event: 0.755 Loading class javax/swing/TimerQueue done
Event: 0.755 Loading class java/util/concurrent/DelayQueue
Event: 0.755 Loading class java/util/concurrent/DelayQueue done
Event: 0.755 Loading class java/util/PriorityQueue
Event: 0.755 Loading class java/util/PriorityQueue done
Event: 0.755 Loading class javax/swing/TimerQueue$DelayedTimer
Event: 0.755 Loading class java/util/concurrent/Delayed
Event: 0.755 Loading class java/util/concurrent/Delayed done
Event: 0.755 Loading class javax/swing/TimerQueue$DelayedTimer done
Event: 0.755 Loading class java/awt/TextComponent
Event: 0.756 Loading class java/awt/TextComponent done

Classes unloaded (0 events):
No events

Classes redefined (0 events):
No events

Internal exceptions (20 events):
Event: 0.072 Thread 0x0000024efb82ea20 Exception <a 'java/lang/ClassNotFoundException'{0x0000000712a98270}: sun/awt/resources/spi/awtProvider> (0x0000000712a98270) 
thrown [s\open\src\hotspot\share\classfile\systemDictionary.cpp, line 313]
Event: 0.085 Thread 0x0000024efb82ea20 Exception <a 'java/io/FileNotFoundException'{0x0000000712aede68}> (0x0000000712aede68) 
thrown [s\open\src\hotspot\share\prims\jni.cpp, line 520]
Event: 0.090 Thread 0x0000024efb82ea20 Exception <a 'java/io/FileNotFoundException'{0x0000000712b1c4a0}> (0x0000000712b1c4a0) 
thrown [s\open\src\hotspot\share\prims\jni.cpp, line 520]
Event: 0.151 Thread 0x0000024e9d692900 Exception <a 'java/lang/NoSuchMethodError'{0x00000007128b9938}: 'void java.lang.invoke.DirectMethodHandle$Holder.invokeSpecial(java.lang.Object, java.lang.Object, java.lang.Object)'> (0x00000007128b9938) 
thrown [s\open\src\hotspot\share\interpreter\linkResolver.cpp, line 796]
Event: 0.160 Thread 0x0000024e9d692900 Exception <a 'java/lang/NoSuchMethodError'{0x0000000712984168}: 'java.lang.Object java.lang.invoke.DirectMethodHandle$Holder.invokeStatic(java.lang.Object, int, java.lang.Object)'> (0x0000000712984168) 
thrown [s\open\src\hotspot\share\interpreter\linkResolver.cpp, line 796]
Event: 0.174 Thread 0x0000024e9d692900 Exception <a 'java/lang/ClassNotFoundException'{0x000000071262b270}: com/sun/swing/internal/plaf/metal/resources/spi/metalProvider> (0x000000071262b270) 
thrown [s\open\src\hotspot\share\classfile\systemDictionary.cpp, line 313]
Event: 0.175 Thread 0x0000024e9d692900 Exception <a 'java/lang/ClassNotFoundException'{0x000000071262f230}: com/sun/swing/internal/plaf/basic/resources/spi/basicProvider> (0x000000071262f230) 
thrown [s\open\src\hotspot\share\classfile\systemDictionary.cpp, line 313]
Event: 0.181 Thread 0x0000024e9d692900 Exception <a 'java/lang/NoSuchMethodError'{0x000000071264eb70}: 'int java.lang.invoke.Invokers$Holder.invokeExact_MT(java.lang.Object, java.lang.Object)'> (0x000000071264eb70) 
thrown [s\open\src\hotspot\share\interpreter\linkResolver.cpp, line 796]
Event: 0.207 Thread 0x0000024e9d692270 Exception <a 'java/lang/NoSuchMethodError'{0x000000071280e680}: 'void java.lang.invoke.DirectMethodHandle$Holder.invokeVirtual(java.lang.Object, java.lang.Object)'> (0x000000071280e680) 
thrown [s\open\src\hotspot\share\interpreter\linkResolver.cpp, line 796]
Event: 0.219 Thread 0x0000024e9d692900 Exception <a 'java/lang/NoSuchMethodError'{0x00000007126a17d0}: 'void java.lang.invoke.DirectMethodHandle$Holder.invokeStaticInit(java.lang.Object)'> (0x00000007126a17d0) 
thrown [s\open\src\hotspot\share\interpreter\linkResolver.cpp, line 796]
Event: 0.289 Thread 0x0000024e9d692900 Exception <a 'java/lang/NoSuchMethodError'{0x000000071274b918}: 'void java.lang.invoke.DirectMethodHandle$Holder.invokeStatic(java.lang.Object, java.lang.Object)'> (0x000000071274b918) 
thrown [s\open\src\hotspot\share\interpreter\linkResolver.cpp, line 796]
Event: 0.313 Thread 0x0000024e9d692900 Exception <a 'java/lang/NoSuchMethodError'{0x000000071248d4f8}: 'java.lang.Object java.lang.invoke.DirectMethodHandle$Holder.invokeInterface(java.lang.Object, java.lang.Object)'> (0x000000071248d4f8) 
thrown [s\open\src\hotspot\share\interpreter\linkResolver.cpp, line 796]
Event: 0.330 Thread 0x0000024e9d692900 Exception <a 'java/lang/NoSuchMethodError'{0x000000071251ccb8}: 'java.lang.Object java.lang.invoke.DirectMethodHandle$Holder.invokeVirtual(java.lang.Object, java.lang.Object, java.lang.Object)'> (0x000000071251ccb8) 
thrown [s\open\src\hotspot\share\interpreter\linkResolver.cpp, line 796]
Event: 0.459 Thread 0x0000024e9d692900 Exception <a 'java/lang/NoSuchMethodError'{0x0000000711eb0e28}: 'void java.lang.invoke.DirectMethodHandle$Holder.invokeStaticInit(java.lang.Object, java.lang.Object)'> (0x0000000711eb0e28) 
thrown [s\open\src\hotspot\share\interpreter\linkResolver.cpp, line 796]
Event: 0.519 Thread 0x0000024e9d692900 Exception <a 'sun/nio/fs/WindowsException'{0x0000000711fe17b8}> (0x0000000711fe17b8) 
thrown [s\open\src\hotspot\share\prims\jni.cpp, line 520]
Event: 0.546 Thread 0x0000024e9d692900 Exception <a 'java/lang/NoSuchMethodError'{0x0000000711c89e70}: 'java.lang.Object java.lang.invoke.DirectMethodHandle$Holder.invokeStaticInit(java.lang.Object, int, int, int, int)'> (0x0000000711c89e70) 
thrown [s\open\src\hotspot\share\interpreter\linkResolver.cpp, line 796]
Event: 0.552 Thread 0x0000024e9d692900 Exception <a 'java/lang/NoSuchMethodError'{0x0000000711ca8578}: 'java.lang.Object java.lang.invoke.DirectMethodHandle$Holder.invokeStaticInit(java.lang.Object, java.lang.Object, int, int, int, int)'> (0x0000000711ca8578) 
thrown [s\open\src\hotspot\share\interpreter\linkResolver.cpp, line 796]
Event: 0.582 Thread 0x0000024e9d692900 Exception <a 'java/lang/NoSuchMethodError'{0x0000000711d26b08}: 'int java.lang.invoke.DirectMethodHandle$Holder.invokeSpecial(java.lang.Object, java.lang.Object, java.lang.Object)'> (0x0000000711d26b08) 
thrown [s\open\src\hotspot\share\interpreter\linkResolver.cpp, line 796]
Event: 0.704 Thread 0x0000024e9d692900 Exception <a 'java/lang/NoSuchMethodError'{0x0000000711b099a0}: 'void java.lang.invoke.DirectMethodHandle$Holder.invokeStatic(java.lang.Object, java.lang.Object, java.lang.Object, java.lang.Object)'> (0x0000000711b099a0) 
thrown [s\open\src\hotspot\share\interpreter\linkResolver.cpp, line 796]
Event: 0.716 Thread 0x0000024e9d692900 Exception <a 'java/lang/NoSuchMethodError'{0x0000000711b768d8}: 'void java.lang.invoke.DirectMethodHandle$Holder.invokeInterface(java.lang.Object, java.lang.Object, java.lang.Object, java.lang.Object)'> (0x0000000711b768d8) 
thrown [s\open\src\hotspot\share\interpreter\linkResolver.cpp, line 796]

VM Operations (18 events):
Event: 0.055 Executing VM operation: HandshakeAllThreads (Deoptimize)
Event: 0.055 Executing VM operation: HandshakeAllThreads (Deoptimize) done
Event: 0.124 Executing VM operation: HandshakeAllThreads (Deoptimize)
Event: 0.124 Executing VM operation: HandshakeAllThreads (Deoptimize) done
Event: 0.195 Executing VM operation: HandshakeAllThreads (Deoptimize)
Event: 0.195 Executing VM operation: HandshakeAllThreads (Deoptimize) done
Event: 0.299 Executing VM operation: HandshakeAllThreads (Deoptimize)
Event: 0.299 Executing VM operation: HandshakeAllThreads (Deoptimize) done
Event: 0.465 Executing VM operation: HandshakeAllThreads (Deoptimize)
Event: 0.465 Executing VM operation: HandshakeAllThreads (Deoptimize) done
Event: 0.507 Executing VM operation: HandshakeAllThreads (Deoptimize)
Event: 0.507 Executing VM operation: HandshakeAllThreads (Deoptimize) done
Event: 0.523 Executing VM operation: HandshakeAllThreads (Deoptimize)
Event: 0.523 Executing VM operation: HandshakeAllThreads (Deoptimize) done
Event: 0.664 Executing VM operation: HandshakeAllThreads (Deoptimize)
Event: 0.664 Executing VM operation: HandshakeAllThreads (Deoptimize) done
Event: 0.747 Executing VM operation: HandshakeAllThreads (Deoptimize)
Event: 0.747 Executing VM operation: HandshakeAllThreads (Deoptimize) done

Memory protections (0 events):
No events

Nmethod flushes (0 events):
No events

Events (20 events):
Event: 0.027 Thread 0x0000024efb82ea20 Thread added: 0x0000024eff9952d0
Event: 0.027 Thread 0x0000024efb82ea20 Thread added: 0x0000024eff9963a0
Event: 0.027 Thread 0x0000024efb82ea20 Thread added: 0x0000024eff998320
Event: 0.027 Thread 0x0000024efb82ea20 Thread added: 0x0000024eff99af40
Event: 0.027 Thread 0x0000024efb82ea20 Thread added: 0x0000024eff99bc20
Event: 0.027 Thread 0x0000024efb82ea20 Thread added: 0x0000024eff99d840
Event: 0.027 Thread 0x0000024efb82ea20 Thread added: 0x0000024eff9a65e0
Event: 0.028 Thread 0x0000024efb82ea20 Thread added: 0x0000024eff9b34b0
Event: 0.043 Thread 0x0000024efb82ea20 Thread added: 0x0000024e9d691be0
Event: 0.062 Thread 0x0000024efb82ea20 Thread added: 0x0000024e9d690ec0
Event: 0.066 Thread 0x0000024eff9b34b0 Thread added: 0x0000024eff9b2710
Event: 0.116 Thread 0x0000024efb82ea20 Thread added: 0x0000024e9d693cb0
Event: 0.117 Thread 0x0000024efb82ea20 Thread added: 0x0000024e9d691550
Event: 0.118 Thread 0x0000024efb82ea20 Thread added: 0x0000024e9d692270
Event: 0.125 Thread 0x0000024efb82ea20 Thread added: 0x0000024e9d692900
Event: 0.126 Thread 0x0000024efb82ea20 Thread exited: 0x0000024efb82ea20
Event: 0.126 Thread 0x0000024e9d694340 Thread added: 0x0000024e9d694340
Event: 0.289 Thread 0x0000024e9d692900 Thread added: 0x0000024e9d692f90
Event: 0.613 Thread 0x0000024eff9a65e0 Thread added: 0x0000024eff9afe30
Event: 0.755 Thread 0x0000024e9d692900 Thread added: 0x0000024e9d693620


Dynamic libraries:
0x00007ff68e8f0000 - 0x00007ff68e900000 	D:\Java Se-23\bin\java.exe
0x00007ff9881b0000 - 0x00007ff9883a8000 	C:\WINDOWS\SYSTEM32\ntdll.dll
0x00007ff986d40000 - 0x00007ff986e02000 	C:\WINDOWS\System32\KERNEL32.DLL
0x00007ff985960000 - 0x00007ff985c56000 	C:\WINDOWS\System32\KERNELBASE.dll
0x00007ff985c60000 - 0x00007ff985d60000 	C:\WINDOWS\System32\ucrtbase.dll
0x00007ff97c400000 - 0x00007ff97c41b000 	D:\Java Se-23\bin\VCRUNTIME140.dll
0x00007ff97c420000 - 0x00007ff97c437000 	D:\Java Se-23\bin\jli.dll
0x00007ff987fc0000 - 0x00007ff988161000 	C:\WINDOWS\System32\USER32.dll
0x00007ff985e10000 - 0x00007ff985e32000 	C:\WINDOWS\System32\win32u.dll
0x00007ff986410000 - 0x00007ff98643b000 	C:\WINDOWS\System32\GDI32.dll
0x00007ff963b10000 - 0x00007ff963dab000 	C:\WINDOWS\WinSxS\amd64_microsoft.windows.common-controls_6595b64144ccf1df_6.0.19041.6456_none_60b8a6cb71f64256\COMCTL32.dll
0x00007ff986020000 - 0x00007ff986139000 	C:\WINDOWS\System32\gdi32full.dll
0x00007ff9862f0000 - 0x00007ff98638e000 	C:\WINDOWS\System32\msvcrt.dll
0x00007ff985840000 - 0x00007ff9858dd000 	C:\WINDOWS\System32\msvcp_win.dll
0x00007ff9869c0000 - 0x00007ff9869ef000 	C:\WINDOWS\System32\IMM32.DLL
0x00007ff97e9e0000 - 0x00007ff97e9ec000 	D:\Java Se-23\bin\vcruntime140_1.dll
0x00007ff970c80000 - 0x00007ff970d0e000 	D:\Java Se-23\bin\msvcp140.dll
0x00007ff90ef00000 - 0x00007ff90fc4f000 	D:\Java Se-23\bin\server\jvm.dll
0x00007ff987480000 - 0x00007ff987531000 	C:\WINDOWS\System32\ADVAPI32.dll
0x00007ff987f20000 - 0x00007ff987fbf000 	C:\WINDOWS\System32\sechost.dll
0x00007ff9861d0000 - 0x00007ff9862f0000 	C:\WINDOWS\System32\RPCRT4.dll
0x00007ff985e40000 - 0x00007ff985e67000 	C:\WINDOWS\System32\bcrypt.dll
0x00007ff9872c0000 - 0x00007ff98732b000 	C:\WINDOWS\System32\WS2_32.dll
0x00007ff984dd0000 - 0x00007ff984e1b000 	C:\WINDOWS\SYSTEM32\POWRPROF.dll
0x00007ff97a9b0000 - 0x00007ff97a9ba000 	C:\WINDOWS\SYSTEM32\VERSION.dll
0x00007ff965160000 - 0x00007ff965187000 	C:\WINDOWS\SYSTEM32\WINMM.dll
0x00007ff984c40000 - 0x00007ff984c52000 	C:\WINDOWS\SYSTEM32\UMPDC.dll
0x00007ff984090000 - 0x00007ff9840a2000 	C:\WINDOWS\SYSTEM32\kernel.appcore.dll
0x00007ff97e9c0000 - 0x00007ff97e9ca000 	D:\Java Se-23\bin\jimage.dll
0x00007ff983310000 - 0x00007ff983511000 	C:\WINDOWS\SYSTEM32\DBGHELP.DLL
0x00007ff97a0d0000 - 0x00007ff97a104000 	C:\WINDOWS\SYSTEM32\dbgcore.DLL
0x00007ff986140000 - 0x00007ff9861c2000 	C:\WINDOWS\System32\bcryptPrimitives.dll
0x00007ff97bc90000 - 0x00007ff97bcae000 	D:\Java Se-23\bin\java.dll
0x00007ff987330000 - 0x00007ff98745b000 	C:\WINDOWS\System32\ole32.dll
0x00007ff986f60000 - 0x00007ff9872b4000 	C:\WINDOWS\System32\combase.dll
0x00007ff9877b0000 - 0x00007ff987f20000 	C:\WINDOWS\System32\SHELL32.dll
0x00007ff983860000 - 0x00007ff984005000 	C:\WINDOWS\SYSTEM32\windows.storage.dll
0x00007ff985270000 - 0x00007ff98529b000 	C:\WINDOWS\SYSTEM32\Wldp.dll
0x00007ff986e70000 - 0x00007ff986f3d000 	C:\WINDOWS\System32\OLEAUT32.dll
0x00007ff986910000 - 0x00007ff9869bd000 	C:\WINDOWS\System32\SHCORE.dll
0x00007ff986440000 - 0x00007ff98649b000 	C:\WINDOWS\System32\shlwapi.dll
0x00007ff985770000 - 0x00007ff985794000 	C:\WINDOWS\SYSTEM32\profapi.dll
0x00007ff96cfe0000 - 0x00007ff96d0b7000 	D:\Java Se-23\bin\jsvml.dll
0x00007ff97bfd0000 - 0x00007ff97bfe0000 	D:\Java Se-23\bin\net.dll
0x00007ff984fd0000 - 0x00007ff98503a000 	C:\WINDOWS\system32\mswsock.dll
0x00007ff97bc40000 - 0x00007ff97bc56000 	D:\Java Se-23\bin\nio.dll
0x00007ff97b380000 - 0x00007ff97b397000 	D:\Java Se-23\bin\zip.dll
0x00007ff96ce50000 - 0x00007ff96cfde000 	D:\Java Se-23\bin\awt.dll
0x00007ff97eb20000 - 0x00007ff97ebb4000 	C:\WINDOWS\SYSTEM32\apphelp.dll
0x00007ff982d00000 - 0x00007ff982d9e000 	C:\WINDOWS\system32\uxtheme.dll
0x00007ff986c20000 - 0x00007ff986d35000 	C:\WINDOWS\System32\MSCTF.dll
0x00007ff982f00000 - 0x00007ff982f2e000 	C:\WINDOWS\system32\DWMAPI.DLL
0x00007ff961bb0000 - 0x00007ff961cd8000 	C:\WINDOWS\system32\opengl32.dll
0x00007ff97b720000 - 0x00007ff97b74c000 	C:\WINDOWS\SYSTEM32\GLU32.dll
0x00007ff959340000 - 0x00007ff9593c7000 	D:\Java Se-23\bin\freetype.dll
0x00007ff93d890000 - 0x00007ff93d967000 	D:\Java Se-23\bin\fontmanager.dll
0x00007ff986a90000 - 0x00007ff986b39000 	C:\WINDOWS\System32\clbcatq.dll
0x00007ff982b10000 - 0x00007ff982cc6000 	C:\WINDOWS\SYSTEM32\WindowsCodecs.dll
0x00007ff974190000 - 0x00007ff9741ce000 	C:\WINDOWS\system32\dataexchange.dll
0x00007ff97dd30000 - 0x00007ff97df14000 	C:\WINDOWS\system32\dcomp.dll
0x00007ff97d3a0000 - 0x00007ff97d604000 	C:\WINDOWS\system32\d3d11.dll
0x00007ff984100000 - 0x00007ff9841f6000 	C:\WINDOWS\system32\dxgi.dll
0x00007ff97aa30000 - 0x00007ff97ac33000 	C:\WINDOWS\system32\twinapi.appcore.dll
0x00007ff984d00000 - 0x00007ff984dca000 	C:\WINDOWS\SYSTEM32\DNSAPI.dll
0x00007ff984c60000 - 0x00007ff984c9b000 	C:\WINDOWS\SYSTEM32\IPHLPAPI.DLL
0x00007ff9869f0000 - 0x00007ff9869f8000 	C:\WINDOWS\System32\NSI.dll
0x00007ff97a690000 - 0x00007ff97a69a000 	C:\Windows\System32\rasadhlp.dll
0x00007ff97a110000 - 0x00007ff97a190000 	C:\WINDOWS\System32\fwpuclnt.dll
0x00007ff97b2a0000 - 0x00007ff97b2a9000 	D:\Java Se-23\bin\extnet.dll
0x00007ff9851c0000 - 0x00007ff9851d8000 	C:\WINDOWS\SYSTEM32\CRYPTSP.dll
0x00007ff984880000 - 0x00007ff9848b8000 	C:\WINDOWS\system32\rsaenh.dll
0x00007ff985730000 - 0x00007ff98575e000 	C:\WINDOWS\SYSTEM32\USERENV.dll
0x00007ff9851e0000 - 0x00007ff9851ec000 	C:\WINDOWS\SYSTEM32\CRYPTBASE.dll
0x00007ff975a50000 - 0x00007ff975a5e000 	D:\Java Se-23\bin\sunmscapi.dll
0x00007ff985e70000 - 0x00007ff985fcd000 	C:\WINDOWS\System32\CRYPT32.dll
0x00007ff9852e0000 - 0x00007ff985307000 	C:\WINDOWS\SYSTEM32\ncrypt.dll
0x00007ff9852a0000 - 0x00007ff9852db000 	C:\WINDOWS\SYSTEM32\NTASN1.dll
0x00007ff9750c0000 - 0x00007ff9751b9000 	C:\WINDOWS\SYSTEM32\textinputframework.dll
0x00007ff97e3f0000 - 0x00007ff97e74b000 	C:\WINDOWS\System32\CoreUIComponents.dll
0x00007ff97e850000 - 0x00007ff97e942000 	C:\WINDOWS\System32\CoreMessaging.dll
0x00007ff984ad0000 - 0x00007ff984b03000 	C:\WINDOWS\SYSTEM32\ntmarta.dll
0x00007ff97dbd0000 - 0x00007ff97dd27000 	C:\WINDOWS\SYSTEM32\wintypes.dll

dbghelp: loaded successfully - version: 4.0.5 - missing functions: none
symbol engine: initialized successfully - sym options: 0x614 - pdb path: .;D:\Java Se-23\bin;C:\WINDOWS\SYSTEM32;C:\WINDOWS\WinSxS\amd64_microsoft.windows.common-controls_6595b64144ccf1df_6.0.19041.6456_none_60b8a6cb71f64256;D:\Java Se-23\bin\server

VM Arguments:
jvm_args: -Dfile.encoding=UTF-8 --module-path=E:\Aulas - 2025\Cedup\Tumras\Segundo\Aplicativos\LojaCartucho\build\classes 
java_command: lojacartucho.LojaCartucho
java_class_path (initial): E:\Aulas - 2025\Cedup\Tumras\Segundo\Aplicativos\LojaCartucho\mysql-connector-j-9.4.0\mysql-connector-j-9.4.0.jar;E:\Aulas - 2025\Cedup\Tumras\Segundo\Aplicativos\LojaCartucho\rs2xml.jar;E:\Aulas - 2025\Cedup\Tumras\Segundo\Aplicativos\LojaCartucho\build\classes
Launcher Type: SUN_STANDARD

[Global flags]
     intx CICompilerCount                          = 4                                         {product} {ergonomic}
     uint ConcGCThreads                            = 2                                         {product} {ergonomic}
     uint G1ConcRefinementThreads                  = 8                                         {product} {ergonomic}
   size_t G1HeapRegionSize                         = 2097152                                   {product} {ergonomic}
   size_t InitialHeapSize                          = 266338304                                 {product} {ergonomic}
   size_t MarkStackSize                            = 4194304                                   {product} {ergonomic}
   size_t MarkStackSizeMax                         = 536870912                                 {product} {ergonomic}
   size_t MaxHeapSize                              = 4244635648                                {product} {ergonomic}
   size_t MaxNewSize                               = 2545942528                                {product} {ergonomic}
   size_t MinHeapDeltaBytes                        = 2097152                                   {product} {ergonomic}
   size_t MinHeapSize                              = 8388608                                   {product} {ergonomic}
    uintx NonNMethodCodeHeapSize                   = 5832704                                {pd product} {ergonomic}
    uintx NonProfiledCodeHeapSize                  = 122945536                              {pd product} {ergonomic}
    uintx ProfiledCodeHeapSize                     = 122880000                              {pd product} {ergonomic}
    uintx ReservedCodeCacheSize                    = 251658240                              {pd product} {ergonomic}
     bool SegmentedCodeCache                       = true                                      {product} {ergonomic}
   size_t SoftMaxHeapSize                          = 4244635648                             {manageable} {ergonomic}
     bool UseCompressedOops                        = true                           {product lp64_product} {ergonomic}
     bool UseG1GC                                  = true                                      {product} {ergonomic}
     bool UseLargePagesIndividualAllocation        = false                                  {pd product} {ergonomic}

Logging:
Log output configuration:
 #0: stdout all=warning uptime,level,tags foldmultilines=false
 #1: stderr all=off uptime,level,tags foldmultilines=false

Environment Variables:
PATH=C:\Program Files\Common Files\Oracle\Java\javapath;C:\Program Files (x86)\Common Files\Oracle\Java\java8path;C:\Program Files (x86)\Common Files\Oracle\Java\javapath;C:\Program Files (x86)\Borland\Delphi7\Bin;C:\Program Files (x86)\Borland\Delphi7\Projects\Bpl\;C:\Windows\system32;C:\Windows;C:\Windows\System32\Wbem;C:\Windows\System32\WindowsPowerShell\v1.0\;C:\Windows\System32\OpenSSH\;C:\Program Files (x86)\NVIDIA Corporation\PhysX\Common;C:\Program Files\NVIDIA Corporation\NVIDIA NvDLISR;C:\WINDOWS\system32;C:\WINDOWS;C:\WINDOWS\System32\Wbem;C:\WINDOWS\System32\WindowsPowerShell\v1.0\;C:\WINDOWS\System32\OpenSSH\;C:\Program Files\dotnet\;D:\Node\;C:\Users\beto_\AppData\Local\Microsoft\WindowsApps;C:\Arquivos de programas\Borland\Delphi7\Projects\Bpl;C:\Program Files (x86)\Developer Express Inc;C:\Users\beto_\AppData\Roaming\npm;D:\VsCode\Microsoft VS Code\bin
USERNAME=beto_
OS=Windows_NT
PROCESSOR_IDENTIFIER=Intel64 Family 6 Model 142 Stepping 12, GenuineIntel
TMP=C:\Users\beto_\AppData\Local\Temp
TEMP=C:\Users\beto_\AppData\Local\Temp




Periodic native trim disabled

---------------  S Y S T E M  ---------------

OS:
 Windows 10 , 64 bit Build 19041 (10.0.19041.5915)
OS uptime: 18 days 21:12 hours

CPU: total 8 (initial active 8) (4 cores per cpu, 2 threads per core) family 6 model 142 stepping 12 microcode 0xf0, cx8, cmov, fxsr, ht, mmx, 3dnowpref, sse, sse2, sse3, ssse3, sse4.1, sse4.2, popcnt, lzcnt, tsc, tscinvbit, avx, avx2, aes, erms, clmul, bmi1, bmi2, adx, fma, vzeroupper, clflush, clflushopt, rdtscp, f16c
Processor Information for the first 8 processors :
  Max Mhz: 1992, Current Mhz: 1792, Mhz Limit: 1792

Memory: 4k page, system-wide physical 16190M (4530M free)
TotalPageFile size 29391M (AvailPageFile size 2M)
current process WorkingSet (physical memory assigned to process): 105M, peak: 105M
current process commit charge ("private bytes"): 380M, peak: 380M

vm_info: Java HotSpot(TM) 64-Bit Server VM (23.0.1+11-39) for windows-amd64 JRE (23.0.1+11-39), built on 2024-09-30T07:20:43Z with MS VC++ 17.6 (VS2022)

END.
